exports[`buildColorVariants defaults 1`] = `
"
.btn--gray {
  background-color: #666 !important;
}

.btn--gray:hover {
  background-color: #333 !important;
}
    
.btn--gray-light {
  background-color: #ccc !important;
}

.btn--gray-light:hover {
  background-color: #666 !important;
}
    
.btn--gray-faint {
  background-color: #f0f0f0 !important;
}

.btn--gray-faint:hover {
  background-color: #ccc !important;
}
    
.btn--pink {
  background-color: #ff3c96 !important;
}

.btn--pink:hover {
  background-color: #C8145A !important;
}
    
.btn--pink-light {
  background-color: #FF88C0 !important;
}

.btn--pink-light:hover {
  background-color: #ff3c96 !important;
}
    
.btn--pink-faint {
  background-color: #ffdbed !important;
}

.btn--pink-faint:hover {
  background-color: #FF88C0 !important;
}
    
.btn--red {
  background-color: #dc2b28 !important;
}

.btn--red:hover {
  background-color: #BE0014 !important;
}
    
.btn--red-light {
  background-color: #FF8280 !important;
}

.btn--red-light:hover {
  background-color: #dc2b28 !important;
}
    
.btn--red-faint {
  background-color: #ffdad9 !important;
}

.btn--red-faint:hover {
  background-color: #FF8280 !important;
}
    
.btn--orange {
  background-color: #ff6e00 !important;
}

.btn--orange:hover {
  background-color: #DC4600 !important;
}
    
.btn--orange-light {
  background-color: #FFA950 !important;
}

.btn--orange-light:hover {
  background-color: #ff6e00 !important;
}
    
.btn--orange-faint {
  background-color: #FFE5CB !important;
}

.btn--orange-faint:hover {
  background-color: #FFA950 !important;
}
    
.btn--yellow {
  background-color: #f0dc00 !important;
}

.btn--yellow:hover {
  background-color: #FFBD0A !important;
}
    
.btn--yellow-light {
  background-color: #F0F062 !important;
}

.btn--yellow-light:hover {
  background-color: #f0dc00 !important;
}
    
.btn--yellow-faint {
  background-color: #fafbd1 !important;
}

.btn--yellow-faint:hover {
  background-color: #F0F062 !important;
}
    
.btn--green {
  background-color: #01aa46 !important;
}

.btn--green:hover {
  background-color: #007532 !important;
}
    
.btn--green-light {
  background-color: #72C781 !important;
}

.btn--green-light:hover {
  background-color: #01aa46 !important;
}
    
.btn--green-faint {
  background-color: #d4edda !important;
}

.btn--green-faint:hover {
  background-color: #72C781 !important;
}
    
.btn--teal {
  background-color: #01b5b4 !important;
}

.btn--teal:hover {
  background-color: #00626E !important;
}
    
.btn--teal-light {
  background-color: #50D2D2 !important;
}

.btn--teal-light:hover {
  background-color: #01b5b4 !important;
}
    
.btn--teal-faint {
  background-color: #cbf2f1 !important;
}

.btn--teal-faint:hover {
  background-color: #50D2D2 !important;
}
    
.btn--blue {
  background-color: #0065fb !important;
}

.btn--blue:hover {
  background-color: #0014AA !important;
}
    
.btn--blue-light {
  background-color: #00B1FF !important;
}

.btn--blue-light:hover {
  background-color: #0065fb !important;
}
    
.btn--blue-faint {
  background-color: #bae8ff !important;
}

.btn--blue-faint:hover {
  background-color: #00B1FF !important;
}
    
.btn--purple {
  background-color: #8c50c7 !important;
}

.btn--purple:hover {
  background-color: #500078 !important;
}
    
.btn--purple-light {
  background-color: #C299E3 !important;
}

.btn--purple-light:hover {
  background-color: #8c50c7 !important;
}
    
.btn--purple-faint {
  background-color: #ede1f6 !important;
}

.btn--purple-faint:hover {
  background-color: #C299E3 !important;
}
    
.btn--darken5 {
  background-color: rgba(0, 0, 0, 0.05) !important;
}

.btn--darken5:hover {
  background-color: rgba(0, 0, 0, 0.10) !important;
}
    
.btn--darken10 {
  background-color: rgba(0, 0, 0, 0.10) !important;
}

.btn--darken10:hover {
  background-color: rgba(0, 0, 0, 0.25) !important;
}
    
.btn--darken25 {
  background-color: rgba(0, 0, 0, 0.25) !important;
}

.btn--darken25:hover {
  background-color: rgba(0, 0, 0, 0.5) !important;
}
    
.btn--darken50 {
  background-color: rgba(0, 0, 0, 0.5) !important;
}

.btn--darken50:hover {
  background-color: rgba(0, 0, 0, 0.75) !important;
}
    
.btn--darken75 {
  background-color: rgba(0, 0, 0, 0.75) !important;
}

.btn--darken75:hover {
  background-color: #000 !important;
}
    
.btn--lighten5 {
  background-color: rgba(255, 255, 255, 0.05) !important;
}

.btn--lighten5:hover {
  background-color: rgba(255, 255, 255, 0.1) !important;
}
    
.btn--lighten10 {
  background-color: rgba(255, 255, 255, 0.1) !important;
}

.btn--lighten10:hover {
  background-color: rgba(255, 255, 255, 0.25) !important;
}
    
.btn--lighten25 {
  background-color: rgba(255, 255, 255, 0.25) !important;
}

.btn--lighten25:hover {
  background-color: rgba(255, 255, 255, 0.5) !important;
}
    
.btn--lighten50 {
  background-color: rgba(255, 255, 255, 0.5) !important;
}

.btn--lighten50:hover {
  background-color: rgba(255, 255, 255, 0.75) !important;
}
    
.btn--lighten75 {
  background-color: rgba(255, 255, 255, 0.75) !important;
}

.btn--lighten75:hover {
  background-color: #fff !important;
}
    
.btn--white {
  background-color: #fff !important;
}

.btn--white:hover {
  background-color: #f0f0f0 !important;
}
    
.btn--transparent {
  background-color: transparent !important;
}

.btn--transparent:hover {
  background-color: rgba(0, 0, 0, 0.05) !important;
}
    
.btn--stroke.color-gray:hover {
  color: #333 !important;
}
    
.btn--stroke.color-gray-light:hover {
  color: #666 !important;
}
    
.btn--stroke.color-gray-faint:hover {
  color: #ccc !important;
}
    
.btn--stroke.color-pink:hover {
  color: #C8145A !important;
}
    
.btn--stroke.color-pink-light:hover {
  color: #ff3c96 !important;
}
    
.btn--stroke.color-pink-faint:hover {
  color: #FF88C0 !important;
}
    
.btn--stroke.color-red:hover {
  color: #BE0014 !important;
}
    
.btn--stroke.color-red-light:hover {
  color: #dc2b28 !important;
}
    
.btn--stroke.color-red-faint:hover {
  color: #FF8280 !important;
}
    
.btn--stroke.color-orange:hover {
  color: #DC4600 !important;
}
    
.btn--stroke.color-orange-light:hover {
  color: #ff6e00 !important;
}
    
.btn--stroke.color-orange-faint:hover {
  color: #FFA950 !important;
}
    
.btn--stroke.color-yellow:hover {
  color: #FFBD0A !important;
}
    
.btn--stroke.color-yellow-light:hover {
  color: #f0dc00 !important;
}
    
.btn--stroke.color-yellow-faint:hover {
  color: #F0F062 !important;
}
    
.btn--stroke.color-green:hover {
  color: #007532 !important;
}
    
.btn--stroke.color-green-light:hover {
  color: #01aa46 !important;
}
    
.btn--stroke.color-green-faint:hover {
  color: #72C781 !important;
}
    
.btn--stroke.color-teal:hover {
  color: #00626E !important;
}
    
.btn--stroke.color-teal-light:hover {
  color: #01b5b4 !important;
}
    
.btn--stroke.color-teal-faint:hover {
  color: #50D2D2 !important;
}
    
.btn--stroke.color-blue:hover {
  color: #0014AA !important;
}
    
.btn--stroke.color-blue-light:hover {
  color: #0065fb !important;
}
    
.btn--stroke.color-blue-faint:hover {
  color: #00B1FF !important;
}
    
.btn--stroke.color-purple:hover {
  color: #500078 !important;
}
    
.btn--stroke.color-purple-light:hover {
  color: #8c50c7 !important;
}
    
.btn--stroke.color-purple-faint:hover {
  color: #C299E3 !important;
}
    
.btn--stroke.color-darken5:hover {
  color: rgba(0, 0, 0, 0.10) !important;
}
    
.btn--stroke.color-darken10:hover {
  color: rgba(0, 0, 0, 0.25) !important;
}
    
.btn--stroke.color-darken25:hover {
  color: rgba(0, 0, 0, 0.5) !important;
}
    
.btn--stroke.color-darken50:hover {
  color: rgba(0, 0, 0, 0.75) !important;
}
    
.btn--stroke.color-darken75:hover {
  color: #000 !important;
}
    
.btn--stroke.color-lighten5:hover {
  color: rgba(255, 255, 255, 0.1) !important;
}
    
.btn--stroke.color-lighten10:hover {
  color: rgba(255, 255, 255, 0.25) !important;
}
    
.btn--stroke.color-lighten25:hover {
  color: rgba(255, 255, 255, 0.5) !important;
}
    
.btn--stroke.color-lighten50:hover {
  color: rgba(255, 255, 255, 0.75) !important;
}
    
.btn--stroke.color-lighten75:hover {
  color: #fff !important;
}
    
.btn--stroke.color-white:hover {
  color: #f0f0f0 !important;
}
    
.btn--stroke.color-transparent:hover {
  color: rgba(0, 0, 0, 0.05) !important;
}
    
.select.bg-gray:hover {
  background-color: #333 !important;
}
    
.select.bg-gray-light:hover {
  background-color: #666 !important;
}
    
.select.bg-gray-faint:hover {
  background-color: #ccc !important;
}
    
.select.bg-pink:hover {
  background-color: #C8145A !important;
}
    
.select.bg-pink-light:hover {
  background-color: #ff3c96 !important;
}
    
.select.bg-pink-faint:hover {
  background-color: #FF88C0 !important;
}
    
.select.bg-red:hover {
  background-color: #BE0014 !important;
}
    
.select.bg-red-light:hover {
  background-color: #dc2b28 !important;
}
    
.select.bg-red-faint:hover {
  background-color: #FF8280 !important;
}
    
.select.bg-orange:hover {
  background-color: #DC4600 !important;
}
    
.select.bg-orange-light:hover {
  background-color: #ff6e00 !important;
}
    
.select.bg-orange-faint:hover {
  background-color: #FFA950 !important;
}
    
.select.bg-yellow:hover {
  background-color: #FFBD0A !important;
}
    
.select.bg-yellow-light:hover {
  background-color: #f0dc00 !important;
}
    
.select.bg-yellow-faint:hover {
  background-color: #F0F062 !important;
}
    
.select.bg-green:hover {
  background-color: #007532 !important;
}
    
.select.bg-green-light:hover {
  background-color: #01aa46 !important;
}
    
.select.bg-green-faint:hover {
  background-color: #72C781 !important;
}
    
.select.bg-teal:hover {
  background-color: #00626E !important;
}
    
.select.bg-teal-light:hover {
  background-color: #01b5b4 !important;
}
    
.select.bg-teal-faint:hover {
  background-color: #50D2D2 !important;
}
    
.select.bg-blue:hover {
  background-color: #0014AA !important;
}
    
.select.bg-blue-light:hover {
  background-color: #0065fb !important;
}
    
.select.bg-blue-faint:hover {
  background-color: #00B1FF !important;
}
    
.select.bg-purple:hover {
  background-color: #500078 !important;
}
    
.select.bg-purple-light:hover {
  background-color: #8c50c7 !important;
}
    
.select.bg-purple-faint:hover {
  background-color: #C299E3 !important;
}
    
.select.bg-darken5:hover {
  background-color: rgba(0, 0, 0, 0.10) !important;
}
    
.select.bg-darken10:hover {
  background-color: rgba(0, 0, 0, 0.25) !important;
}
    
.select.bg-darken25:hover {
  background-color: rgba(0, 0, 0, 0.5) !important;
}
    
.select.bg-darken50:hover {
  background-color: rgba(0, 0, 0, 0.75) !important;
}
    
.select.bg-darken75:hover {
  background-color: #000 !important;
}
    
.select.bg-lighten5:hover {
  background-color: rgba(255, 255, 255, 0.1) !important;
}
    
.select.bg-lighten10:hover {
  background-color: rgba(255, 255, 255, 0.25) !important;
}
    
.select.bg-lighten25:hover {
  background-color: rgba(255, 255, 255, 0.5) !important;
}
    
.select.bg-lighten50:hover {
  background-color: rgba(255, 255, 255, 0.75) !important;
}
    
.select.bg-lighten75:hover {
  background-color: #fff !important;
}
    
.select.bg-white:hover {
  background-color: #f0f0f0 !important;
}
    
.select.bg-transparent:hover {
  background-color: rgba(0, 0, 0, 0.05) !important;
}
    
.select-container--stroke.color-gray:hover {
  color: #333 !important;
}
    
.select-container--stroke.color-gray-light:hover {
  color: #666 !important;
}
    
.select-container--stroke.color-gray-faint:hover {
  color: #ccc !important;
}
    
.select-container--stroke.color-pink:hover {
  color: #C8145A !important;
}
    
.select-container--stroke.color-pink-light:hover {
  color: #ff3c96 !important;
}
    
.select-container--stroke.color-pink-faint:hover {
  color: #FF88C0 !important;
}
    
.select-container--stroke.color-red:hover {
  color: #BE0014 !important;
}
    
.select-container--stroke.color-red-light:hover {
  color: #dc2b28 !important;
}
    
.select-container--stroke.color-red-faint:hover {
  color: #FF8280 !important;
}
    
.select-container--stroke.color-orange:hover {
  color: #DC4600 !important;
}
    
.select-container--stroke.color-orange-light:hover {
  color: #ff6e00 !important;
}
    
.select-container--stroke.color-orange-faint:hover {
  color: #FFA950 !important;
}
    
.select-container--stroke.color-yellow:hover {
  color: #FFBD0A !important;
}
    
.select-container--stroke.color-yellow-light:hover {
  color: #f0dc00 !important;
}
    
.select-container--stroke.color-yellow-faint:hover {
  color: #F0F062 !important;
}
    
.select-container--stroke.color-green:hover {
  color: #007532 !important;
}
    
.select-container--stroke.color-green-light:hover {
  color: #01aa46 !important;
}
    
.select-container--stroke.color-green-faint:hover {
  color: #72C781 !important;
}
    
.select-container--stroke.color-teal:hover {
  color: #00626E !important;
}
    
.select-container--stroke.color-teal-light:hover {
  color: #01b5b4 !important;
}
    
.select-container--stroke.color-teal-faint:hover {
  color: #50D2D2 !important;
}
    
.select-container--stroke.color-blue:hover {
  color: #0014AA !important;
}
    
.select-container--stroke.color-blue-light:hover {
  color: #0065fb !important;
}
    
.select-container--stroke.color-blue-faint:hover {
  color: #00B1FF !important;
}
    
.select-container--stroke.color-purple:hover {
  color: #500078 !important;
}
    
.select-container--stroke.color-purple-light:hover {
  color: #8c50c7 !important;
}
    
.select-container--stroke.color-purple-faint:hover {
  color: #C299E3 !important;
}
    
.select-container--stroke.color-darken5:hover {
  color: rgba(0, 0, 0, 0.10) !important;
}
    
.select-container--stroke.color-darken10:hover {
  color: rgba(0, 0, 0, 0.25) !important;
}
    
.select-container--stroke.color-darken25:hover {
  color: rgba(0, 0, 0, 0.5) !important;
}
    
.select-container--stroke.color-darken50:hover {
  color: rgba(0, 0, 0, 0.75) !important;
}
    
.select-container--stroke.color-darken75:hover {
  color: #000 !important;
}
    
.select-container--stroke.color-lighten5:hover {
  color: rgba(255, 255, 255, 0.1) !important;
}
    
.select-container--stroke.color-lighten10:hover {
  color: rgba(255, 255, 255, 0.25) !important;
}
    
.select-container--stroke.color-lighten25:hover {
  color: rgba(255, 255, 255, 0.5) !important;
}
    
.select-container--stroke.color-lighten50:hover {
  color: rgba(255, 255, 255, 0.75) !important;
}
    
.select-container--stroke.color-lighten75:hover {
  color: #fff !important;
}
    
.select-container--stroke.color-white:hover {
  color: #f0f0f0 !important;
}
    
.select-container--stroke.color-transparent:hover {
  color: rgba(0, 0, 0, 0.05) !important;
}
    
.checkbox-container:hover > .checkbox.color-gray,
input:checked + .checkbox.color-gray {
  color: #333 !important;
}
    
.checkbox-container:hover > .checkbox.color-gray-light,
input:checked + .checkbox.color-gray-light {
  color: #666 !important;
}
    
.checkbox-container:hover > .checkbox.color-gray-faint,
input:checked + .checkbox.color-gray-faint {
  color: #ccc !important;
}
    
.checkbox-container:hover > .checkbox.color-pink,
input:checked + .checkbox.color-pink {
  color: #C8145A !important;
}
    
.checkbox-container:hover > .checkbox.color-pink-light,
input:checked + .checkbox.color-pink-light {
  color: #ff3c96 !important;
}
    
.checkbox-container:hover > .checkbox.color-pink-faint,
input:checked + .checkbox.color-pink-faint {
  color: #FF88C0 !important;
}
    
.checkbox-container:hover > .checkbox.color-red,
input:checked + .checkbox.color-red {
  color: #BE0014 !important;
}
    
.checkbox-container:hover > .checkbox.color-red-light,
input:checked + .checkbox.color-red-light {
  color: #dc2b28 !important;
}
    
.checkbox-container:hover > .checkbox.color-red-faint,
input:checked + .checkbox.color-red-faint {
  color: #FF8280 !important;
}
    
.checkbox-container:hover > .checkbox.color-orange,
input:checked + .checkbox.color-orange {
  color: #DC4600 !important;
}
    
.checkbox-container:hover > .checkbox.color-orange-light,
input:checked + .checkbox.color-orange-light {
  color: #ff6e00 !important;
}
    
.checkbox-container:hover > .checkbox.color-orange-faint,
input:checked + .checkbox.color-orange-faint {
  color: #FFA950 !important;
}
    
.checkbox-container:hover > .checkbox.color-yellow,
input:checked + .checkbox.color-yellow {
  color: #FFBD0A !important;
}
    
.checkbox-container:hover > .checkbox.color-yellow-light,
input:checked + .checkbox.color-yellow-light {
  color: #f0dc00 !important;
}
    
.checkbox-container:hover > .checkbox.color-yellow-faint,
input:checked + .checkbox.color-yellow-faint {
  color: #F0F062 !important;
}
    
.checkbox-container:hover > .checkbox.color-green,
input:checked + .checkbox.color-green {
  color: #007532 !important;
}
    
.checkbox-container:hover > .checkbox.color-green-light,
input:checked + .checkbox.color-green-light {
  color: #01aa46 !important;
}
    
.checkbox-container:hover > .checkbox.color-green-faint,
input:checked + .checkbox.color-green-faint {
  color: #72C781 !important;
}
    
.checkbox-container:hover > .checkbox.color-teal,
input:checked + .checkbox.color-teal {
  color: #00626E !important;
}
    
.checkbox-container:hover > .checkbox.color-teal-light,
input:checked + .checkbox.color-teal-light {
  color: #01b5b4 !important;
}
    
.checkbox-container:hover > .checkbox.color-teal-faint,
input:checked + .checkbox.color-teal-faint {
  color: #50D2D2 !important;
}
    
.checkbox-container:hover > .checkbox.color-blue,
input:checked + .checkbox.color-blue {
  color: #0014AA !important;
}
    
.checkbox-container:hover > .checkbox.color-blue-light,
input:checked + .checkbox.color-blue-light {
  color: #0065fb !important;
}
    
.checkbox-container:hover > .checkbox.color-blue-faint,
input:checked + .checkbox.color-blue-faint {
  color: #00B1FF !important;
}
    
.checkbox-container:hover > .checkbox.color-purple,
input:checked + .checkbox.color-purple {
  color: #500078 !important;
}
    
.checkbox-container:hover > .checkbox.color-purple-light,
input:checked + .checkbox.color-purple-light {
  color: #8c50c7 !important;
}
    
.checkbox-container:hover > .checkbox.color-purple-faint,
input:checked + .checkbox.color-purple-faint {
  color: #C299E3 !important;
}
    
.checkbox-container:hover > .checkbox.color-darken5,
input:checked + .checkbox.color-darken5 {
  color: rgba(0, 0, 0, 0.10) !important;
}
    
.checkbox-container:hover > .checkbox.color-darken10,
input:checked + .checkbox.color-darken10 {
  color: rgba(0, 0, 0, 0.25) !important;
}
    
.checkbox-container:hover > .checkbox.color-darken25,
input:checked + .checkbox.color-darken25 {
  color: rgba(0, 0, 0, 0.5) !important;
}
    
.checkbox-container:hover > .checkbox.color-darken50,
input:checked + .checkbox.color-darken50 {
  color: rgba(0, 0, 0, 0.75) !important;
}
    
.checkbox-container:hover > .checkbox.color-darken75,
input:checked + .checkbox.color-darken75 {
  color: #000 !important;
}
    
.checkbox-container:hover > .checkbox.color-lighten5,
input:checked + .checkbox.color-lighten5 {
  color: rgba(255, 255, 255, 0.1) !important;
}
    
.checkbox-container:hover > .checkbox.color-lighten10,
input:checked + .checkbox.color-lighten10 {
  color: rgba(255, 255, 255, 0.25) !important;
}
    
.checkbox-container:hover > .checkbox.color-lighten25,
input:checked + .checkbox.color-lighten25 {
  color: rgba(255, 255, 255, 0.5) !important;
}
    
.checkbox-container:hover > .checkbox.color-lighten50,
input:checked + .checkbox.color-lighten50 {
  color: rgba(255, 255, 255, 0.75) !important;
}
    
.checkbox-container:hover > .checkbox.color-lighten75,
input:checked + .checkbox.color-lighten75 {
  color: #fff !important;
}
    
.checkbox-container:hover > .checkbox.color-white,
input:checked + .checkbox.color-white {
  color: #f0f0f0 !important;
}
    
.checkbox-container:hover > .checkbox.color-transparent,
input:checked + .checkbox.color-transparent {
  color: rgba(0, 0, 0, 0.05) !important;
}
    
.radio-container:hover > .radio.color-gray,
input:checked + .radio.color-gray {
  color: #333 !important;
}
    
.radio-container:hover > .radio.color-gray-light,
input:checked + .radio.color-gray-light {
  color: #666 !important;
}
    
.radio-container:hover > .radio.color-gray-faint,
input:checked + .radio.color-gray-faint {
  color: #ccc !important;
}
    
.radio-container:hover > .radio.color-pink,
input:checked + .radio.color-pink {
  color: #C8145A !important;
}
    
.radio-container:hover > .radio.color-pink-light,
input:checked + .radio.color-pink-light {
  color: #ff3c96 !important;
}
    
.radio-container:hover > .radio.color-pink-faint,
input:checked + .radio.color-pink-faint {
  color: #FF88C0 !important;
}
    
.radio-container:hover > .radio.color-red,
input:checked + .radio.color-red {
  color: #BE0014 !important;
}
    
.radio-container:hover > .radio.color-red-light,
input:checked + .radio.color-red-light {
  color: #dc2b28 !important;
}
    
.radio-container:hover > .radio.color-red-faint,
input:checked + .radio.color-red-faint {
  color: #FF8280 !important;
}
    
.radio-container:hover > .radio.color-orange,
input:checked + .radio.color-orange {
  color: #DC4600 !important;
}
    
.radio-container:hover > .radio.color-orange-light,
input:checked + .radio.color-orange-light {
  color: #ff6e00 !important;
}
    
.radio-container:hover > .radio.color-orange-faint,
input:checked + .radio.color-orange-faint {
  color: #FFA950 !important;
}
    
.radio-container:hover > .radio.color-yellow,
input:checked + .radio.color-yellow {
  color: #FFBD0A !important;
}
    
.radio-container:hover > .radio.color-yellow-light,
input:checked + .radio.color-yellow-light {
  color: #f0dc00 !important;
}
    
.radio-container:hover > .radio.color-yellow-faint,
input:checked + .radio.color-yellow-faint {
  color: #F0F062 !important;
}
    
.radio-container:hover > .radio.color-green,
input:checked + .radio.color-green {
  color: #007532 !important;
}
    
.radio-container:hover > .radio.color-green-light,
input:checked + .radio.color-green-light {
  color: #01aa46 !important;
}
    
.radio-container:hover > .radio.color-green-faint,
input:checked + .radio.color-green-faint {
  color: #72C781 !important;
}
    
.radio-container:hover > .radio.color-teal,
input:checked + .radio.color-teal {
  color: #00626E !important;
}
    
.radio-container:hover > .radio.color-teal-light,
input:checked + .radio.color-teal-light {
  color: #01b5b4 !important;
}
    
.radio-container:hover > .radio.color-teal-faint,
input:checked + .radio.color-teal-faint {
  color: #50D2D2 !important;
}
    
.radio-container:hover > .radio.color-blue,
input:checked + .radio.color-blue {
  color: #0014AA !important;
}
    
.radio-container:hover > .radio.color-blue-light,
input:checked + .radio.color-blue-light {
  color: #0065fb !important;
}
    
.radio-container:hover > .radio.color-blue-faint,
input:checked + .radio.color-blue-faint {
  color: #00B1FF !important;
}
    
.radio-container:hover > .radio.color-purple,
input:checked + .radio.color-purple {
  color: #500078 !important;
}
    
.radio-container:hover > .radio.color-purple-light,
input:checked + .radio.color-purple-light {
  color: #8c50c7 !important;
}
    
.radio-container:hover > .radio.color-purple-faint,
input:checked + .radio.color-purple-faint {
  color: #C299E3 !important;
}
    
.radio-container:hover > .radio.color-darken5,
input:checked + .radio.color-darken5 {
  color: rgba(0, 0, 0, 0.10) !important;
}
    
.radio-container:hover > .radio.color-darken10,
input:checked + .radio.color-darken10 {
  color: rgba(0, 0, 0, 0.25) !important;
}
    
.radio-container:hover > .radio.color-darken25,
input:checked + .radio.color-darken25 {
  color: rgba(0, 0, 0, 0.5) !important;
}
    
.radio-container:hover > .radio.color-darken50,
input:checked + .radio.color-darken50 {
  color: rgba(0, 0, 0, 0.75) !important;
}
    
.radio-container:hover > .radio.color-darken75,
input:checked + .radio.color-darken75 {
  color: #000 !important;
}
    
.radio-container:hover > .radio.color-lighten5,
input:checked + .radio.color-lighten5 {
  color: rgba(255, 255, 255, 0.1) !important;
}
    
.radio-container:hover > .radio.color-lighten10,
input:checked + .radio.color-lighten10 {
  color: rgba(255, 255, 255, 0.25) !important;
}
    
.radio-container:hover > .radio.color-lighten25,
input:checked + .radio.color-lighten25 {
  color: rgba(255, 255, 255, 0.5) !important;
}
    
.radio-container:hover > .radio.color-lighten50,
input:checked + .radio.color-lighten50 {
  color: rgba(255, 255, 255, 0.75) !important;
}
    
.radio-container:hover > .radio.color-lighten75,
input:checked + .radio.color-lighten75 {
  color: #fff !important;
}
    
.radio-container:hover > .radio.color-white,
input:checked + .radio.color-white {
  color: #f0f0f0 !important;
}
    
.radio-container:hover > .radio.color-transparent,
input:checked + .radio.color-transparent {
  color: rgba(0, 0, 0, 0.05) !important;
}
    
.switch.color-gray:hover {
  border-color: #333 !important;
}

input:checked + .switch.color-gray,
input:not(:checked) + .switch.color-gray:hover::after,
input:checked + .switch--dot-gray::after {
  background-color: #333 !important;
}
    
.switch.color-gray-light:hover {
  border-color: #666 !important;
}

input:checked + .switch.color-gray-light,
input:not(:checked) + .switch.color-gray-light:hover::after,
input:checked + .switch--dot-gray-light::after {
  background-color: #666 !important;
}
    
.switch.color-gray-faint:hover {
  border-color: #ccc !important;
}

input:checked + .switch.color-gray-faint,
input:not(:checked) + .switch.color-gray-faint:hover::after,
input:checked + .switch--dot-gray-faint::after {
  background-color: #ccc !important;
}
    
.switch.color-pink:hover {
  border-color: #C8145A !important;
}

input:checked + .switch.color-pink,
input:not(:checked) + .switch.color-pink:hover::after,
input:checked + .switch--dot-pink::after {
  background-color: #C8145A !important;
}
    
.switch.color-pink-light:hover {
  border-color: #ff3c96 !important;
}

input:checked + .switch.color-pink-light,
input:not(:checked) + .switch.color-pink-light:hover::after,
input:checked + .switch--dot-pink-light::after {
  background-color: #ff3c96 !important;
}
    
.switch.color-pink-faint:hover {
  border-color: #FF88C0 !important;
}

input:checked + .switch.color-pink-faint,
input:not(:checked) + .switch.color-pink-faint:hover::after,
input:checked + .switch--dot-pink-faint::after {
  background-color: #FF88C0 !important;
}
    
.switch.color-red:hover {
  border-color: #BE0014 !important;
}

input:checked + .switch.color-red,
input:not(:checked) + .switch.color-red:hover::after,
input:checked + .switch--dot-red::after {
  background-color: #BE0014 !important;
}
    
.switch.color-red-light:hover {
  border-color: #dc2b28 !important;
}

input:checked + .switch.color-red-light,
input:not(:checked) + .switch.color-red-light:hover::after,
input:checked + .switch--dot-red-light::after {
  background-color: #dc2b28 !important;
}
    
.switch.color-red-faint:hover {
  border-color: #FF8280 !important;
}

input:checked + .switch.color-red-faint,
input:not(:checked) + .switch.color-red-faint:hover::after,
input:checked + .switch--dot-red-faint::after {
  background-color: #FF8280 !important;
}
    
.switch.color-orange:hover {
  border-color: #DC4600 !important;
}

input:checked + .switch.color-orange,
input:not(:checked) + .switch.color-orange:hover::after,
input:checked + .switch--dot-orange::after {
  background-color: #DC4600 !important;
}
    
.switch.color-orange-light:hover {
  border-color: #ff6e00 !important;
}

input:checked + .switch.color-orange-light,
input:not(:checked) + .switch.color-orange-light:hover::after,
input:checked + .switch--dot-orange-light::after {
  background-color: #ff6e00 !important;
}
    
.switch.color-orange-faint:hover {
  border-color: #FFA950 !important;
}

input:checked + .switch.color-orange-faint,
input:not(:checked) + .switch.color-orange-faint:hover::after,
input:checked + .switch--dot-orange-faint::after {
  background-color: #FFA950 !important;
}
    
.switch.color-yellow:hover {
  border-color: #FFBD0A !important;
}

input:checked + .switch.color-yellow,
input:not(:checked) + .switch.color-yellow:hover::after,
input:checked + .switch--dot-yellow::after {
  background-color: #FFBD0A !important;
}
    
.switch.color-yellow-light:hover {
  border-color: #f0dc00 !important;
}

input:checked + .switch.color-yellow-light,
input:not(:checked) + .switch.color-yellow-light:hover::after,
input:checked + .switch--dot-yellow-light::after {
  background-color: #f0dc00 !important;
}
    
.switch.color-yellow-faint:hover {
  border-color: #F0F062 !important;
}

input:checked + .switch.color-yellow-faint,
input:not(:checked) + .switch.color-yellow-faint:hover::after,
input:checked + .switch--dot-yellow-faint::after {
  background-color: #F0F062 !important;
}
    
.switch.color-green:hover {
  border-color: #007532 !important;
}

input:checked + .switch.color-green,
input:not(:checked) + .switch.color-green:hover::after,
input:checked + .switch--dot-green::after {
  background-color: #007532 !important;
}
    
.switch.color-green-light:hover {
  border-color: #01aa46 !important;
}

input:checked + .switch.color-green-light,
input:not(:checked) + .switch.color-green-light:hover::after,
input:checked + .switch--dot-green-light::after {
  background-color: #01aa46 !important;
}
    
.switch.color-green-faint:hover {
  border-color: #72C781 !important;
}

input:checked + .switch.color-green-faint,
input:not(:checked) + .switch.color-green-faint:hover::after,
input:checked + .switch--dot-green-faint::after {
  background-color: #72C781 !important;
}
    
.switch.color-teal:hover {
  border-color: #00626E !important;
}

input:checked + .switch.color-teal,
input:not(:checked) + .switch.color-teal:hover::after,
input:checked + .switch--dot-teal::after {
  background-color: #00626E !important;
}
    
.switch.color-teal-light:hover {
  border-color: #01b5b4 !important;
}

input:checked + .switch.color-teal-light,
input:not(:checked) + .switch.color-teal-light:hover::after,
input:checked + .switch--dot-teal-light::after {
  background-color: #01b5b4 !important;
}
    
.switch.color-teal-faint:hover {
  border-color: #50D2D2 !important;
}

input:checked + .switch.color-teal-faint,
input:not(:checked) + .switch.color-teal-faint:hover::after,
input:checked + .switch--dot-teal-faint::after {
  background-color: #50D2D2 !important;
}
    
.switch.color-blue:hover {
  border-color: #0014AA !important;
}

input:checked + .switch.color-blue,
input:not(:checked) + .switch.color-blue:hover::after,
input:checked + .switch--dot-blue::after {
  background-color: #0014AA !important;
}
    
.switch.color-blue-light:hover {
  border-color: #0065fb !important;
}

input:checked + .switch.color-blue-light,
input:not(:checked) + .switch.color-blue-light:hover::after,
input:checked + .switch--dot-blue-light::after {
  background-color: #0065fb !important;
}
    
.switch.color-blue-faint:hover {
  border-color: #00B1FF !important;
}

input:checked + .switch.color-blue-faint,
input:not(:checked) + .switch.color-blue-faint:hover::after,
input:checked + .switch--dot-blue-faint::after {
  background-color: #00B1FF !important;
}
    
.switch.color-purple:hover {
  border-color: #500078 !important;
}

input:checked + .switch.color-purple,
input:not(:checked) + .switch.color-purple:hover::after,
input:checked + .switch--dot-purple::after {
  background-color: #500078 !important;
}
    
.switch.color-purple-light:hover {
  border-color: #8c50c7 !important;
}

input:checked + .switch.color-purple-light,
input:not(:checked) + .switch.color-purple-light:hover::after,
input:checked + .switch--dot-purple-light::after {
  background-color: #8c50c7 !important;
}
    
.switch.color-purple-faint:hover {
  border-color: #C299E3 !important;
}

input:checked + .switch.color-purple-faint,
input:not(:checked) + .switch.color-purple-faint:hover::after,
input:checked + .switch--dot-purple-faint::after {
  background-color: #C299E3 !important;
}
    
.switch.color-darken5:hover {
  border-color: rgba(0, 0, 0, 0.10) !important;
}

input:checked + .switch.color-darken5,
input:not(:checked) + .switch.color-darken5:hover::after,
input:checked + .switch--dot-darken5::after {
  background-color: rgba(0, 0, 0, 0.10) !important;
}
    
.switch.color-darken10:hover {
  border-color: rgba(0, 0, 0, 0.25) !important;
}

input:checked + .switch.color-darken10,
input:not(:checked) + .switch.color-darken10:hover::after,
input:checked + .switch--dot-darken10::after {
  background-color: rgba(0, 0, 0, 0.25) !important;
}
    
.switch.color-darken25:hover {
  border-color: rgba(0, 0, 0, 0.5) !important;
}

input:checked + .switch.color-darken25,
input:not(:checked) + .switch.color-darken25:hover::after,
input:checked + .switch--dot-darken25::after {
  background-color: rgba(0, 0, 0, 0.5) !important;
}
    
.switch.color-darken50:hover {
  border-color: rgba(0, 0, 0, 0.75) !important;
}

input:checked + .switch.color-darken50,
input:not(:checked) + .switch.color-darken50:hover::after,
input:checked + .switch--dot-darken50::after {
  background-color: rgba(0, 0, 0, 0.75) !important;
}
    
.switch.color-darken75:hover {
  border-color: #000 !important;
}

input:checked + .switch.color-darken75,
input:not(:checked) + .switch.color-darken75:hover::after,
input:checked + .switch--dot-darken75::after {
  background-color: #000 !important;
}
    
.switch.color-lighten5:hover {
  border-color: rgba(255, 255, 255, 0.1) !important;
}

input:checked + .switch.color-lighten5,
input:not(:checked) + .switch.color-lighten5:hover::after,
input:checked + .switch--dot-lighten5::after {
  background-color: rgba(255, 255, 255, 0.1) !important;
}
    
.switch.color-lighten10:hover {
  border-color: rgba(255, 255, 255, 0.25) !important;
}

input:checked + .switch.color-lighten10,
input:not(:checked) + .switch.color-lighten10:hover::after,
input:checked + .switch--dot-lighten10::after {
  background-color: rgba(255, 255, 255, 0.25) !important;
}
    
.switch.color-lighten25:hover {
  border-color: rgba(255, 255, 255, 0.5) !important;
}

input:checked + .switch.color-lighten25,
input:not(:checked) + .switch.color-lighten25:hover::after,
input:checked + .switch--dot-lighten25::after {
  background-color: rgba(255, 255, 255, 0.5) !important;
}
    
.switch.color-lighten50:hover {
  border-color: rgba(255, 255, 255, 0.75) !important;
}

input:checked + .switch.color-lighten50,
input:not(:checked) + .switch.color-lighten50:hover::after,
input:checked + .switch--dot-lighten50::after {
  background-color: rgba(255, 255, 255, 0.75) !important;
}
    
.switch.color-lighten75:hover {
  border-color: #fff !important;
}

input:checked + .switch.color-lighten75,
input:not(:checked) + .switch.color-lighten75:hover::after,
input:checked + .switch--dot-lighten75::after {
  background-color: #fff !important;
}
    
.switch.color-white:hover {
  border-color: #f0f0f0 !important;
}

input:checked + .switch.color-white,
input:not(:checked) + .switch.color-white:hover::after,
input:checked + .switch--dot-white::after {
  background-color: #f0f0f0 !important;
}
    
.switch.color-transparent:hover {
  border-color: rgba(0, 0, 0, 0.05) !important;
}

input:checked + .switch.color-transparent,
input:not(:checked) + .switch.color-transparent:hover::after,
input:checked + .switch--dot-transparent::after {
  background-color: rgba(0, 0, 0, 0.05) !important;
}
    
.toggle--gray {
  color: #666 !important;
}

input:not(:checked) + .toggle--gray:hover {
  color: #333 !important;
}

input:checked + .toggle--gray {
  background: #666 !important;
  color: #fff !important;
}
    
.toggle--gray-light {
  color: #ccc !important;
}

input:not(:checked) + .toggle--gray-light:hover {
  color: #666 !important;
}

input:checked + .toggle--gray-light {
  background: #ccc !important;
  color: #fff !important;
}
    
.toggle--gray-faint {
  color: #f0f0f0 !important;
}

input:not(:checked) + .toggle--gray-faint:hover {
  color: #ccc !important;
}

input:checked + .toggle--gray-faint {
  background: #f0f0f0 !important;
  color: #fff !important;
}
    
.toggle--pink {
  color: #ff3c96 !important;
}

input:not(:checked) + .toggle--pink:hover {
  color: #C8145A !important;
}

input:checked + .toggle--pink {
  background: #ff3c96 !important;
  color: #fff !important;
}
    
.toggle--pink-light {
  color: #FF88C0 !important;
}

input:not(:checked) + .toggle--pink-light:hover {
  color: #ff3c96 !important;
}

input:checked + .toggle--pink-light {
  background: #FF88C0 !important;
  color: #fff !important;
}
    
.toggle--pink-faint {
  color: #ffdbed !important;
}

input:not(:checked) + .toggle--pink-faint:hover {
  color: #FF88C0 !important;
}

input:checked + .toggle--pink-faint {
  background: #ffdbed !important;
  color: #fff !important;
}
    
.toggle--red {
  color: #dc2b28 !important;
}

input:not(:checked) + .toggle--red:hover {
  color: #BE0014 !important;
}

input:checked + .toggle--red {
  background: #dc2b28 !important;
  color: #fff !important;
}
    
.toggle--red-light {
  color: #FF8280 !important;
}

input:not(:checked) + .toggle--red-light:hover {
  color: #dc2b28 !important;
}

input:checked + .toggle--red-light {
  background: #FF8280 !important;
  color: #fff !important;
}
    
.toggle--red-faint {
  color: #ffdad9 !important;
}

input:not(:checked) + .toggle--red-faint:hover {
  color: #FF8280 !important;
}

input:checked + .toggle--red-faint {
  background: #ffdad9 !important;
  color: #fff !important;
}
    
.toggle--orange {
  color: #ff6e00 !important;
}

input:not(:checked) + .toggle--orange:hover {
  color: #DC4600 !important;
}

input:checked + .toggle--orange {
  background: #ff6e00 !important;
  color: #fff !important;
}
    
.toggle--orange-light {
  color: #FFA950 !important;
}

input:not(:checked) + .toggle--orange-light:hover {
  color: #ff6e00 !important;
}

input:checked + .toggle--orange-light {
  background: #FFA950 !important;
  color: #fff !important;
}
    
.toggle--orange-faint {
  color: #FFE5CB !important;
}

input:not(:checked) + .toggle--orange-faint:hover {
  color: #FFA950 !important;
}

input:checked + .toggle--orange-faint {
  background: #FFE5CB !important;
  color: #fff !important;
}
    
.toggle--yellow {
  color: #f0dc00 !important;
}

input:not(:checked) + .toggle--yellow:hover {
  color: #FFBD0A !important;
}

input:checked + .toggle--yellow {
  background: #f0dc00 !important;
  color: #fff !important;
}
    
.toggle--yellow-light {
  color: #F0F062 !important;
}

input:not(:checked) + .toggle--yellow-light:hover {
  color: #f0dc00 !important;
}

input:checked + .toggle--yellow-light {
  background: #F0F062 !important;
  color: #fff !important;
}
    
.toggle--yellow-faint {
  color: #fafbd1 !important;
}

input:not(:checked) + .toggle--yellow-faint:hover {
  color: #F0F062 !important;
}

input:checked + .toggle--yellow-faint {
  background: #fafbd1 !important;
  color: #fff !important;
}
    
.toggle--green {
  color: #01aa46 !important;
}

input:not(:checked) + .toggle--green:hover {
  color: #007532 !important;
}

input:checked + .toggle--green {
  background: #01aa46 !important;
  color: #fff !important;
}
    
.toggle--green-light {
  color: #72C781 !important;
}

input:not(:checked) + .toggle--green-light:hover {
  color: #01aa46 !important;
}

input:checked + .toggle--green-light {
  background: #72C781 !important;
  color: #fff !important;
}
    
.toggle--green-faint {
  color: #d4edda !important;
}

input:not(:checked) + .toggle--green-faint:hover {
  color: #72C781 !important;
}

input:checked + .toggle--green-faint {
  background: #d4edda !important;
  color: #fff !important;
}
    
.toggle--teal {
  color: #01b5b4 !important;
}

input:not(:checked) + .toggle--teal:hover {
  color: #00626E !important;
}

input:checked + .toggle--teal {
  background: #01b5b4 !important;
  color: #fff !important;
}
    
.toggle--teal-light {
  color: #50D2D2 !important;
}

input:not(:checked) + .toggle--teal-light:hover {
  color: #01b5b4 !important;
}

input:checked + .toggle--teal-light {
  background: #50D2D2 !important;
  color: #fff !important;
}
    
.toggle--teal-faint {
  color: #cbf2f1 !important;
}

input:not(:checked) + .toggle--teal-faint:hover {
  color: #50D2D2 !important;
}

input:checked + .toggle--teal-faint {
  background: #cbf2f1 !important;
  color: #fff !important;
}
    
.toggle--blue {
  color: #0065fb !important;
}

input:not(:checked) + .toggle--blue:hover {
  color: #0014AA !important;
}

input:checked + .toggle--blue {
  background: #0065fb !important;
  color: #fff !important;
}
    
.toggle--blue-light {
  color: #00B1FF !important;
}

input:not(:checked) + .toggle--blue-light:hover {
  color: #0065fb !important;
}

input:checked + .toggle--blue-light {
  background: #00B1FF !important;
  color: #fff !important;
}
    
.toggle--blue-faint {
  color: #bae8ff !important;
}

input:not(:checked) + .toggle--blue-faint:hover {
  color: #00B1FF !important;
}

input:checked + .toggle--blue-faint {
  background: #bae8ff !important;
  color: #fff !important;
}
    
.toggle--purple {
  color: #8c50c7 !important;
}

input:not(:checked) + .toggle--purple:hover {
  color: #500078 !important;
}

input:checked + .toggle--purple {
  background: #8c50c7 !important;
  color: #fff !important;
}
    
.toggle--purple-light {
  color: #C299E3 !important;
}

input:not(:checked) + .toggle--purple-light:hover {
  color: #8c50c7 !important;
}

input:checked + .toggle--purple-light {
  background: #C299E3 !important;
  color: #fff !important;
}
    
.toggle--purple-faint {
  color: #ede1f6 !important;
}

input:not(:checked) + .toggle--purple-faint:hover {
  color: #C299E3 !important;
}

input:checked + .toggle--purple-faint {
  background: #ede1f6 !important;
  color: #fff !important;
}
    
.toggle--darken5 {
  color: rgba(0, 0, 0, 0.05) !important;
}

input:not(:checked) + .toggle--darken5:hover {
  color: rgba(0, 0, 0, 0.10) !important;
}

input:checked + .toggle--darken5 {
  background: rgba(0, 0, 0, 0.05) !important;
  color: #fff !important;
}
    
.toggle--darken10 {
  color: rgba(0, 0, 0, 0.10) !important;
}

input:not(:checked) + .toggle--darken10:hover {
  color: rgba(0, 0, 0, 0.25) !important;
}

input:checked + .toggle--darken10 {
  background: rgba(0, 0, 0, 0.10) !important;
  color: #fff !important;
}
    
.toggle--darken25 {
  color: rgba(0, 0, 0, 0.25) !important;
}

input:not(:checked) + .toggle--darken25:hover {
  color: rgba(0, 0, 0, 0.5) !important;
}

input:checked + .toggle--darken25 {
  background: rgba(0, 0, 0, 0.25) !important;
  color: #fff !important;
}
    
.toggle--darken50 {
  color: rgba(0, 0, 0, 0.5) !important;
}

input:not(:checked) + .toggle--darken50:hover {
  color: rgba(0, 0, 0, 0.75) !important;
}

input:checked + .toggle--darken50 {
  background: rgba(0, 0, 0, 0.5) !important;
  color: #fff !important;
}
    
.toggle--darken75 {
  color: rgba(0, 0, 0, 0.75) !important;
}

input:not(:checked) + .toggle--darken75:hover {
  color: #000 !important;
}

input:checked + .toggle--darken75 {
  background: rgba(0, 0, 0, 0.75) !important;
  color: #fff !important;
}
    
.toggle--lighten5 {
  color: rgba(255, 255, 255, 0.05) !important;
}

input:not(:checked) + .toggle--lighten5:hover {
  color: rgba(255, 255, 255, 0.1) !important;
}

input:checked + .toggle--lighten5 {
  background: rgba(255, 255, 255, 0.05) !important;
  color: #fff !important;
}
    
.toggle--lighten10 {
  color: rgba(255, 255, 255, 0.1) !important;
}

input:not(:checked) + .toggle--lighten10:hover {
  color: rgba(255, 255, 255, 0.25) !important;
}

input:checked + .toggle--lighten10 {
  background: rgba(255, 255, 255, 0.1) !important;
  color: #fff !important;
}
    
.toggle--lighten25 {
  color: rgba(255, 255, 255, 0.25) !important;
}

input:not(:checked) + .toggle--lighten25:hover {
  color: rgba(255, 255, 255, 0.5) !important;
}

input:checked + .toggle--lighten25 {
  background: rgba(255, 255, 255, 0.25) !important;
  color: #fff !important;
}
    
.toggle--lighten50 {
  color: rgba(255, 255, 255, 0.5) !important;
}

input:not(:checked) + .toggle--lighten50:hover {
  color: rgba(255, 255, 255, 0.75) !important;
}

input:checked + .toggle--lighten50 {
  background: rgba(255, 255, 255, 0.5) !important;
  color: #fff !important;
}
    
.toggle--lighten75 {
  color: rgba(255, 255, 255, 0.75) !important;
}

input:not(:checked) + .toggle--lighten75:hover {
  color: #fff !important;
}

input:checked + .toggle--lighten75 {
  background: rgba(255, 255, 255, 0.75) !important;
  color: #fff !important;
}
    
.toggle--white {
  color: #fff !important;
}

input:not(:checked) + .toggle--white:hover {
  color: #f0f0f0 !important;
}

input:checked + .toggle--white {
  background: #fff !important;
  color: #fff !important;
}
    
.toggle--transparent {
  color: transparent !important;
}

input:not(:checked) + .toggle--transparent:hover {
  color: rgba(0, 0, 0, 0.05) !important;
}

input:checked + .toggle--transparent {
  background: transparent !important;
  color: #fff !important;
}
    
input:checked + .toggle--active-gray-dark {
  color: #333 !important;
}
    
input:checked + .toggle--active-gray {
  color: #666 !important;
}
    
input:checked + .toggle--active-gray-light {
  color: #ccc !important;
}
    
input:checked + .toggle--active-gray-faint {
  color: #f0f0f0 !important;
}
    
input:checked + .toggle--active-pink-dark {
  color: #C8145A !important;
}
    
input:checked + .toggle--active-pink {
  color: #ff3c96 !important;
}
    
input:checked + .toggle--active-pink-light {
  color: #FF88C0 !important;
}
    
input:checked + .toggle--active-pink-faint {
  color: #ffdbed !important;
}
    
input:checked + .toggle--active-red-dark {
  color: #BE0014 !important;
}
    
input:checked + .toggle--active-red {
  color: #dc2b28 !important;
}
    
input:checked + .toggle--active-red-light {
  color: #FF8280 !important;
}
    
input:checked + .toggle--active-red-faint {
  color: #ffdad9 !important;
}
    
input:checked + .toggle--active-orange-dark {
  color: #DC4600 !important;
}
    
input:checked + .toggle--active-orange {
  color: #ff6e00 !important;
}
    
input:checked + .toggle--active-orange-light {
  color: #FFA950 !important;
}
    
input:checked + .toggle--active-orange-faint {
  color: #FFE5CB !important;
}
    
input:checked + .toggle--active-yellow-dark {
  color: #FFBD0A !important;
}
    
input:checked + .toggle--active-yellow {
  color: #f0dc00 !important;
}
    
input:checked + .toggle--active-yellow-light {
  color: #F0F062 !important;
}
    
input:checked + .toggle--active-yellow-faint {
  color: #fafbd1 !important;
}
    
input:checked + .toggle--active-green-dark {
  color: #007532 !important;
}
    
input:checked + .toggle--active-green {
  color: #01aa46 !important;
}
    
input:checked + .toggle--active-green-light {
  color: #72C781 !important;
}
    
input:checked + .toggle--active-green-faint {
  color: #d4edda !important;
}
    
input:checked + .toggle--active-teal-dark {
  color: #00626E !important;
}
    
input:checked + .toggle--active-teal {
  color: #01b5b4 !important;
}
    
input:checked + .toggle--active-teal-light {
  color: #50D2D2 !important;
}
    
input:checked + .toggle--active-teal-faint {
  color: #cbf2f1 !important;
}
    
input:checked + .toggle--active-blue-dark {
  color: #0014AA !important;
}
    
input:checked + .toggle--active-blue {
  color: #0065fb !important;
}
    
input:checked + .toggle--active-blue-light {
  color: #00B1FF !important;
}
    
input:checked + .toggle--active-blue-faint {
  color: #bae8ff !important;
}
    
input:checked + .toggle--active-purple-dark {
  color: #500078 !important;
}
    
input:checked + .toggle--active-purple {
  color: #8c50c7 !important;
}
    
input:checked + .toggle--active-purple-light {
  color: #C299E3 !important;
}
    
input:checked + .toggle--active-purple-faint {
  color: #ede1f6 !important;
}
    
input:checked + .toggle--active-darken5 {
  color: rgba(0, 0, 0, 0.05) !important;
}
    
input:checked + .toggle--active-darken10 {
  color: rgba(0, 0, 0, 0.10) !important;
}
    
input:checked + .toggle--active-darken25 {
  color: rgba(0, 0, 0, 0.25) !important;
}
    
input:checked + .toggle--active-darken50 {
  color: rgba(0, 0, 0, 0.5) !important;
}
    
input:checked + .toggle--active-darken75 {
  color: rgba(0, 0, 0, 0.75) !important;
}
    
input:checked + .toggle--active-lighten5 {
  color: rgba(255, 255, 255, 0.05) !important;
}
    
input:checked + .toggle--active-lighten10 {
  color: rgba(255, 255, 255, 0.1) !important;
}
    
input:checked + .toggle--active-lighten25 {
  color: rgba(255, 255, 255, 0.25) !important;
}
    
input:checked + .toggle--active-lighten50 {
  color: rgba(255, 255, 255, 0.5) !important;
}
    
input:checked + .toggle--active-lighten75 {
  color: rgba(255, 255, 255, 0.75) !important;
}
    
input:checked + .toggle--active-white {
  color: #fff !important;
}
    
input:checked + .toggle--active-black {
  color: #000 !important;
}
    
input:checked + .toggle--active-transparent {
  color: transparent !important;
}
    
/**
 * @section Text colors
 * @memberof Colors & gradients
 */

/**
 * @group
 * @memberof Text colors
 * @example
 * <div class=\'grid\'>
 *   <div class=\'col col--3 color-gray-dark\'>.color-gray-dark</div>
 *   <div class=\'col col--3 color-gray\'>.color-gray</div>
 *   <div class=\'col col--3 color-gray-light\'>.color-gray-light</div>
 *   <div class=\'col col--3 color-gray-faint\'>.color-gray-faint</div>
 *   <div class=\'col col--3 color-pink-dark\'>.color-pink-dark</div>
 *   <div class=\'col col--3 color-pink\'>.color-pink</div>
 *   <div class=\'col col--3 color-pink-light\'>.color-pink-light</div>
 *   <div class=\'col col--3 color-pink-faint\'>.color-pink-faint</div>
 *   <div class=\'col col--3 color-red-dark\'>.color-red-dark</div>
 *   <div class=\'col col--3 color-red\'>.color-red</div>
 *   <div class=\'col col--3 color-red-light\'>.color-red-light</div>
 *   <div class=\'col col--3 color-red-faint\'>.color-red-faint</div>
 *   <div class=\'col col--3 color-orange-dark\'>.color-orange-dark</div>
 *   <div class=\'col col--3 color-orange\'>.color-orange</div>
 *   <div class=\'col col--3 color-orange-light\'>.color-orange-light</div>
 *   <div class=\'col col--3 color-orange-faint\'>.color-orange-faint</div>
 *   <div class=\'col col--3 color-yellow-dark\'>.color-yellow-dark</div>
 *   <div class=\'col col--3 color-yellow\'>.color-yellow</div>
 *   <div class=\'col col--3 color-yellow-light\'>.color-yellow-light</div>
 *   <div class=\'col col--3 color-yellow-faint\'>.color-yellow-faint</div>
 *   <div class=\'col col--3 color-green-dark\'>.color-green-dark</div>
 *   <div class=\'col col--3 color-green\'>.color-green</div>
 *   <div class=\'col col--3 color-green-light\'>.color-green-light</div>
 *   <div class=\'col col--3 color-green-faint\'>.color-green-faint</div>
 *   <div class=\'col col--3 color-teal-dark\'>.color-teal-dark</div>
 *   <div class=\'col col--3 color-teal\'>.color-teal</div>
 *   <div class=\'col col--3 color-teal-light\'>.color-teal-light</div>
 *   <div class=\'col col--3 color-teal-faint\'>.color-teal-faint</div>
 *   <div class=\'col col--3 color-blue-dark\'>.color-blue-dark</div>
 *   <div class=\'col col--3 color-blue\'>.color-blue</div>
 *   <div class=\'col col--3 color-blue-light\'>.color-blue-light</div>
 *   <div class=\'col col--3 color-blue-faint\'>.color-blue-faint</div>
 *   <div class=\'col col--3 color-purple-dark\'>.color-purple-dark</div>
 *   <div class=\'col col--3 color-purple\'>.color-purple</div>
 *   <div class=\'col col--3 color-purple-light\'>.color-purple-light</div>
 *   <div class=\'col col--3 color-purple-faint\'>.color-purple-faint</div>
 *   <div class=\'col col--3 color-darken5\'>.color-darken5</div>
 *   <div class=\'col col--3 color-darken10\'>.color-darken10</div>
 *   <div class=\'col col--3 color-darken25\'>.color-darken25</div>
 *   <div class=\'col col--3 color-darken50\'>.color-darken50</div>
 *   <div class=\'col col--3 color-darken75\'>.color-darken75</div>
 *   <div class=\'col col--3 color-lighten5\'>.color-lighten5</div>
 *   <div class=\'col col--3 color-lighten10\'>.color-lighten10</div>
 *   <div class=\'col col--3 color-lighten25\'>.color-lighten25</div>
 *   <div class=\'col col--3 color-lighten50\'>.color-lighten50</div>
 *   <div class=\'col col--3 color-lighten75\'>.color-lighten75</div>
 *   <div class=\'col col--3 color-white\'>.color-white</div>
 *   <div class=\'col col--3 color-black\'>.color-black</div>
 *   <div class=\'col col--3 color-transparent\'>.color-transparent</div>
 *   <div class=\'col col--3 color-text\'>.color-text</div>
 * </div>
 */
.color-gray-dark {
  color: #333 !important;
}
    
.color-gray {
  color: #666 !important;
}
    
.color-gray-light {
  color: #ccc !important;
}
    
.color-gray-faint {
  color: #f0f0f0 !important;
}
    
.color-pink-dark {
  color: #C8145A !important;
}
    
.color-pink {
  color: #ff3c96 !important;
}
    
.color-pink-light {
  color: #FF88C0 !important;
}
    
.color-pink-faint {
  color: #ffdbed !important;
}
    
.color-red-dark {
  color: #BE0014 !important;
}
    
.color-red {
  color: #dc2b28 !important;
}
    
.color-red-light {
  color: #FF8280 !important;
}
    
.color-red-faint {
  color: #ffdad9 !important;
}
    
.color-orange-dark {
  color: #DC4600 !important;
}
    
.color-orange {
  color: #ff6e00 !important;
}
    
.color-orange-light {
  color: #FFA950 !important;
}
    
.color-orange-faint {
  color: #FFE5CB !important;
}
    
.color-yellow-dark {
  color: #FFBD0A !important;
}
    
.color-yellow {
  color: #f0dc00 !important;
}
    
.color-yellow-light {
  color: #F0F062 !important;
}
    
.color-yellow-faint {
  color: #fafbd1 !important;
}
    
.color-green-dark {
  color: #007532 !important;
}
    
.color-green {
  color: #01aa46 !important;
}
    
.color-green-light {
  color: #72C781 !important;
}
    
.color-green-faint {
  color: #d4edda !important;
}
    
.color-teal-dark {
  color: #00626E !important;
}
    
.color-teal {
  color: #01b5b4 !important;
}
    
.color-teal-light {
  color: #50D2D2 !important;
}
    
.color-teal-faint {
  color: #cbf2f1 !important;
}
    
.color-blue-dark {
  color: #0014AA !important;
}
    
.color-blue {
  color: #0065fb !important;
}
    
.color-blue-light {
  color: #00B1FF !important;
}
    
.color-blue-faint {
  color: #bae8ff !important;
}
    
.color-purple-dark {
  color: #500078 !important;
}
    
.color-purple {
  color: #8c50c7 !important;
}
    
.color-purple-light {
  color: #C299E3 !important;
}
    
.color-purple-faint {
  color: #ede1f6 !important;
}
    
.color-darken5 {
  color: rgba(0, 0, 0, 0.05) !important;
}
    
.color-darken10 {
  color: rgba(0, 0, 0, 0.10) !important;
}
    
.color-darken25 {
  color: rgba(0, 0, 0, 0.25) !important;
}
    
.color-darken50 {
  color: rgba(0, 0, 0, 0.5) !important;
}
    
.color-darken75 {
  color: rgba(0, 0, 0, 0.75) !important;
}
    
.color-lighten5 {
  color: rgba(255, 255, 255, 0.05) !important;
}
    
.color-lighten10 {
  color: rgba(255, 255, 255, 0.1) !important;
}
    
.color-lighten25 {
  color: rgba(255, 255, 255, 0.25) !important;
}
    
.color-lighten50 {
  color: rgba(255, 255, 255, 0.5) !important;
}
    
.color-lighten75 {
  color: rgba(255, 255, 255, 0.75) !important;
}
    
.color-white {
  color: #fff !important;
}
    
.color-black {
  color: #000 !important;
}
    
.color-transparent {
  color: transparent !important;
}
    
.color-text {
  color: rgba(0, 0, 0, 0.75) !important;
}
  /** @endgroup */
/**
 * @section Background colors
 * @memberof Colors & gradients
 */

/**
 * @group
 * @memberof Background colors
 * @example
 * <div class=\'grid\'>
 *   <div class=\'col col--3 bg-gray-dark p6\'>.bg-gray-dark</div>
 *   <div class=\'col col--3 bg-gray p6\'>.bg-gray</div>
 *   <div class=\'col col--3 bg-gray-light p6\'>.bg-gray-light</div>
 *   <div class=\'col col--3 bg-gray-faint p6\'>.bg-gray-faint</div>
 *   <div class=\'col col--3 bg-pink-dark p6\'>.bg-pink-dark</div>
 *   <div class=\'col col--3 bg-pink p6\'>.bg-pink</div>
 *   <div class=\'col col--3 bg-pink-light p6\'>.bg-pink-light</div>
 *   <div class=\'col col--3 bg-pink-faint p6\'>.bg-pink-faint</div>
 *   <div class=\'col col--3 bg-red-dark p6\'>.bg-red-dark</div>
 *   <div class=\'col col--3 bg-red p6\'>.bg-red</div>
 *   <div class=\'col col--3 bg-red-light p6\'>.bg-red-light</div>
 *   <div class=\'col col--3 bg-red-faint p6\'>.bg-red-faint</div>
 *   <div class=\'col col--3 bg-orange-dark p6\'>.bg-orange-dark</div>
 *   <div class=\'col col--3 bg-orange p6\'>.bg-orange</div>
 *   <div class=\'col col--3 bg-orange-light p6\'>.bg-orange-light</div>
 *   <div class=\'col col--3 bg-orange-faint p6\'>.bg-orange-faint</div>
 *   <div class=\'col col--3 bg-yellow-dark p6\'>.bg-yellow-dark</div>
 *   <div class=\'col col--3 bg-yellow p6\'>.bg-yellow</div>
 *   <div class=\'col col--3 bg-yellow-light p6\'>.bg-yellow-light</div>
 *   <div class=\'col col--3 bg-yellow-faint p6\'>.bg-yellow-faint</div>
 *   <div class=\'col col--3 bg-green-dark p6\'>.bg-green-dark</div>
 *   <div class=\'col col--3 bg-green p6\'>.bg-green</div>
 *   <div class=\'col col--3 bg-green-light p6\'>.bg-green-light</div>
 *   <div class=\'col col--3 bg-green-faint p6\'>.bg-green-faint</div>
 *   <div class=\'col col--3 bg-teal-dark p6\'>.bg-teal-dark</div>
 *   <div class=\'col col--3 bg-teal p6\'>.bg-teal</div>
 *   <div class=\'col col--3 bg-teal-light p6\'>.bg-teal-light</div>
 *   <div class=\'col col--3 bg-teal-faint p6\'>.bg-teal-faint</div>
 *   <div class=\'col col--3 bg-blue-dark p6\'>.bg-blue-dark</div>
 *   <div class=\'col col--3 bg-blue p6\'>.bg-blue</div>
 *   <div class=\'col col--3 bg-blue-light p6\'>.bg-blue-light</div>
 *   <div class=\'col col--3 bg-blue-faint p6\'>.bg-blue-faint</div>
 *   <div class=\'col col--3 bg-purple-dark p6\'>.bg-purple-dark</div>
 *   <div class=\'col col--3 bg-purple p6\'>.bg-purple</div>
 *   <div class=\'col col--3 bg-purple-light p6\'>.bg-purple-light</div>
 *   <div class=\'col col--3 bg-purple-faint p6\'>.bg-purple-faint</div>
 *   <div class=\'col col--3 bg-darken5 p6\'>.bg-darken5</div>
 *   <div class=\'col col--3 bg-darken10 p6\'>.bg-darken10</div>
 *   <div class=\'col col--3 bg-darken25 p6\'>.bg-darken25</div>
 *   <div class=\'col col--3 bg-darken50 p6\'>.bg-darken50</div>
 *   <div class=\'col col--3 bg-darken75 p6\'>.bg-darken75</div>
 *   <div class=\'col col--3 bg-lighten5 p6\'>.bg-lighten5</div>
 *   <div class=\'col col--3 bg-lighten10 p6\'>.bg-lighten10</div>
 *   <div class=\'col col--3 bg-lighten25 p6\'>.bg-lighten25</div>
 *   <div class=\'col col--3 bg-lighten50 p6\'>.bg-lighten50</div>
 *   <div class=\'col col--3 bg-lighten75 p6\'>.bg-lighten75</div>
 *   <div class=\'col col--3 bg-white p6\'>.bg-white</div>
 *   <div class=\'col col--3 bg-black p6\'>.bg-black</div>
 *   <div class=\'col col--3 bg-transparent p6\'>.bg-transparent</div>
 * </div>
 */
.bg-gray-dark {
  background-color: #333 !important;
}
    
.bg-gray {
  background-color: #666 !important;
}
    
.bg-gray-light {
  background-color: #ccc !important;
}
    
.bg-gray-faint {
  background-color: #f0f0f0 !important;
}
    
.bg-pink-dark {
  background-color: #C8145A !important;
}
    
.bg-pink {
  background-color: #ff3c96 !important;
}
    
.bg-pink-light {
  background-color: #FF88C0 !important;
}
    
.bg-pink-faint {
  background-color: #ffdbed !important;
}
    
.bg-red-dark {
  background-color: #BE0014 !important;
}
    
.bg-red {
  background-color: #dc2b28 !important;
}
    
.bg-red-light {
  background-color: #FF8280 !important;
}
    
.bg-red-faint {
  background-color: #ffdad9 !important;
}
    
.bg-orange-dark {
  background-color: #DC4600 !important;
}
    
.bg-orange {
  background-color: #ff6e00 !important;
}
    
.bg-orange-light {
  background-color: #FFA950 !important;
}
    
.bg-orange-faint {
  background-color: #FFE5CB !important;
}
    
.bg-yellow-dark {
  background-color: #FFBD0A !important;
}
    
.bg-yellow {
  background-color: #f0dc00 !important;
}
    
.bg-yellow-light {
  background-color: #F0F062 !important;
}
    
.bg-yellow-faint {
  background-color: #fafbd1 !important;
}
    
.bg-green-dark {
  background-color: #007532 !important;
}
    
.bg-green {
  background-color: #01aa46 !important;
}
    
.bg-green-light {
  background-color: #72C781 !important;
}
    
.bg-green-faint {
  background-color: #d4edda !important;
}
    
.bg-teal-dark {
  background-color: #00626E !important;
}
    
.bg-teal {
  background-color: #01b5b4 !important;
}
    
.bg-teal-light {
  background-color: #50D2D2 !important;
}
    
.bg-teal-faint {
  background-color: #cbf2f1 !important;
}
    
.bg-blue-dark {
  background-color: #0014AA !important;
}
    
.bg-blue {
  background-color: #0065fb !important;
}
    
.bg-blue-light {
  background-color: #00B1FF !important;
}
    
.bg-blue-faint {
  background-color: #bae8ff !important;
}
    
.bg-purple-dark {
  background-color: #500078 !important;
}
    
.bg-purple {
  background-color: #8c50c7 !important;
}
    
.bg-purple-light {
  background-color: #C299E3 !important;
}
    
.bg-purple-faint {
  background-color: #ede1f6 !important;
}
    
.bg-darken5 {
  background-color: rgba(0, 0, 0, 0.05) !important;
}
    
.bg-darken10 {
  background-color: rgba(0, 0, 0, 0.10) !important;
}
    
.bg-darken25 {
  background-color: rgba(0, 0, 0, 0.25) !important;
}
    
.bg-darken50 {
  background-color: rgba(0, 0, 0, 0.5) !important;
}
    
.bg-darken75 {
  background-color: rgba(0, 0, 0, 0.75) !important;
}
    
.bg-lighten5 {
  background-color: rgba(255, 255, 255, 0.05) !important;
}
    
.bg-lighten10 {
  background-color: rgba(255, 255, 255, 0.1) !important;
}
    
.bg-lighten25 {
  background-color: rgba(255, 255, 255, 0.25) !important;
}
    
.bg-lighten50 {
  background-color: rgba(255, 255, 255, 0.5) !important;
}
    
.bg-lighten75 {
  background-color: rgba(255, 255, 255, 0.75) !important;
}
    
.bg-white {
  background-color: #fff !important;
}
    
.bg-black {
  background-color: #000 !important;
}
    
.bg-transparent {
  background-color: transparent !important;
}
    /** @endgroup */
.txt-link.color-gray:hover {
  color: #333 !important;
}
    
.txt-link.color-gray-light:hover {
  color: #666 !important;
}
    
.txt-link.color-gray-faint:hover {
  color: #ccc !important;
}
    
.txt-link.color-pink:hover {
  color: #C8145A !important;
}
    
.txt-link.color-pink-light:hover {
  color: #ff3c96 !important;
}
    
.txt-link.color-pink-faint:hover {
  color: #FF88C0 !important;
}
    
.txt-link.color-red:hover {
  color: #BE0014 !important;
}
    
.txt-link.color-red-light:hover {
  color: #dc2b28 !important;
}
    
.txt-link.color-red-faint:hover {
  color: #FF8280 !important;
}
    
.txt-link.color-orange:hover {
  color: #DC4600 !important;
}
    
.txt-link.color-orange-light:hover {
  color: #ff6e00 !important;
}
    
.txt-link.color-orange-faint:hover {
  color: #FFA950 !important;
}
    
.txt-link.color-yellow:hover {
  color: #FFBD0A !important;
}
    
.txt-link.color-yellow-light:hover {
  color: #f0dc00 !important;
}
    
.txt-link.color-yellow-faint:hover {
  color: #F0F062 !important;
}
    
.txt-link.color-green:hover {
  color: #007532 !important;
}
    
.txt-link.color-green-light:hover {
  color: #01aa46 !important;
}
    
.txt-link.color-green-faint:hover {
  color: #72C781 !important;
}
    
.txt-link.color-teal:hover {
  color: #00626E !important;
}
    
.txt-link.color-teal-light:hover {
  color: #01b5b4 !important;
}
    
.txt-link.color-teal-faint:hover {
  color: #50D2D2 !important;
}
    
.txt-link.color-blue:hover {
  color: #0014AA !important;
}
    
.txt-link.color-blue-light:hover {
  color: #0065fb !important;
}
    
.txt-link.color-blue-faint:hover {
  color: #00B1FF !important;
}
    
.txt-link.color-purple:hover {
  color: #500078 !important;
}
    
.txt-link.color-purple-light:hover {
  color: #8c50c7 !important;
}
    
.txt-link.color-purple-faint:hover {
  color: #C299E3 !important;
}
    
.txt-link.color-darken5:hover {
  color: rgba(0, 0, 0, 0.10) !important;
}
    
.txt-link.color-darken10:hover {
  color: rgba(0, 0, 0, 0.25) !important;
}
    
.txt-link.color-darken25:hover {
  color: rgba(0, 0, 0, 0.5) !important;
}
    
.txt-link.color-darken50:hover {
  color: rgba(0, 0, 0, 0.75) !important;
}
    
.txt-link.color-darken75:hover {
  color: #000 !important;
}
    
.txt-link.color-lighten5:hover {
  color: rgba(255, 255, 255, 0.1) !important;
}
    
.txt-link.color-lighten10:hover {
  color: rgba(255, 255, 255, 0.25) !important;
}
    
.txt-link.color-lighten25:hover {
  color: rgba(255, 255, 255, 0.5) !important;
}
    
.txt-link.color-lighten50:hover {
  color: rgba(255, 255, 255, 0.75) !important;
}
    
.txt-link.color-lighten75:hover {
  color: #fff !important;
}
    
.txt-link.color-white:hover {
  color: #f0f0f0 !important;
}
    
.txt-link.color-transparent:hover {
  color: rgba(0, 0, 0, 0.05) !important;
}
    
/**
 * For a colored border, add the modifying class \`.border--color\`
 * where color is a [color](#Colors-&-gradients).
 *
 * @group
 * @memberof Borders
 * @example
 * <div class=\'flex-parent\'>
 *  <div class=\'col col--2 p12 mr12 border border--red\'>.border--red</div>
 *  <div class=\'col col--2 p12 mr12 border-l border-r border--dash border--yellow\'>.border--yellow</div>
 * </div>
 */
.border--gray-dark {
  border-color: #333 !important;
}
    
.border--gray {
  border-color: #666 !important;
}
    
.border--gray-light {
  border-color: #ccc !important;
}
    
.border--gray-faint {
  border-color: #f0f0f0 !important;
}
    
.border--pink-dark {
  border-color: #C8145A !important;
}
    
.border--pink {
  border-color: #ff3c96 !important;
}
    
.border--pink-light {
  border-color: #FF88C0 !important;
}
    
.border--pink-faint {
  border-color: #ffdbed !important;
}
    
.border--red-dark {
  border-color: #BE0014 !important;
}
    
.border--red {
  border-color: #dc2b28 !important;
}
    
.border--red-light {
  border-color: #FF8280 !important;
}
    
.border--red-faint {
  border-color: #ffdad9 !important;
}
    
.border--orange-dark {
  border-color: #DC4600 !important;
}
    
.border--orange {
  border-color: #ff6e00 !important;
}
    
.border--orange-light {
  border-color: #FFA950 !important;
}
    
.border--orange-faint {
  border-color: #FFE5CB !important;
}
    
.border--yellow-dark {
  border-color: #FFBD0A !important;
}
    
.border--yellow {
  border-color: #f0dc00 !important;
}
    
.border--yellow-light {
  border-color: #F0F062 !important;
}
    
.border--yellow-faint {
  border-color: #fafbd1 !important;
}
    
.border--green-dark {
  border-color: #007532 !important;
}
    
.border--green {
  border-color: #01aa46 !important;
}
    
.border--green-light {
  border-color: #72C781 !important;
}
    
.border--green-faint {
  border-color: #d4edda !important;
}
    
.border--teal-dark {
  border-color: #00626E !important;
}
    
.border--teal {
  border-color: #01b5b4 !important;
}
    
.border--teal-light {
  border-color: #50D2D2 !important;
}
    
.border--teal-faint {
  border-color: #cbf2f1 !important;
}
    
.border--blue-dark {
  border-color: #0014AA !important;
}
    
.border--blue {
  border-color: #0065fb !important;
}
    
.border--blue-light {
  border-color: #00B1FF !important;
}
    
.border--blue-faint {
  border-color: #bae8ff !important;
}
    
.border--purple-dark {
  border-color: #500078 !important;
}
    
.border--purple {
  border-color: #8c50c7 !important;
}
    
.border--purple-light {
  border-color: #C299E3 !important;
}
    
.border--purple-faint {
  border-color: #ede1f6 !important;
}
    
.border--darken5 {
  border-color: rgba(0, 0, 0, 0.05) !important;
}
    
.border--darken10 {
  border-color: rgba(0, 0, 0, 0.10) !important;
}
    
.border--darken25 {
  border-color: rgba(0, 0, 0, 0.25) !important;
}
    
.border--darken50 {
  border-color: rgba(0, 0, 0, 0.5) !important;
}
    
.border--darken75 {
  border-color: rgba(0, 0, 0, 0.75) !important;
}
    
.border--lighten5 {
  border-color: rgba(255, 255, 255, 0.05) !important;
}
    
.border--lighten10 {
  border-color: rgba(255, 255, 255, 0.1) !important;
}
    
.border--lighten25 {
  border-color: rgba(255, 255, 255, 0.25) !important;
}
    
.border--lighten50 {
  border-color: rgba(255, 255, 255, 0.5) !important;
}
    
.border--lighten75 {
  border-color: rgba(255, 255, 255, 0.75) !important;
}
    
.border--white {
  border-color: #fff !important;
}
    
.border--black {
  border-color: #000 !important;
}
    
.border--transparent {
  border-color: transparent !important;
}
    /** @endgroup */
/**
 * Control the shadow of elements on hover.
 *
 * @group
 * @memberof State modifiers
 * @example
 * <div class=\'w400 hover-shadow-darken25\'>.hover-shadow-darken25</div>
 */
.hover-shadow-darken5:hover {
  box-shadow: 0 0 10px 2px rgba(0, 0, 0, 0.05) !important;
}
.hover-shadow-darken5-bold:hover {
  box-shadow: 0 0 20px 2px rgba(0, 0, 0, 0.05) !important;
}
    
.hover-shadow-darken10:hover {
  box-shadow: 0 0 10px 2px rgba(0, 0, 0, 0.10) !important;
}
.hover-shadow-darken10-bold:hover {
  box-shadow: 0 0 20px 2px rgba(0, 0, 0, 0.10) !important;
}
    
.hover-shadow-darken25:hover {
  box-shadow: 0 0 10px 2px rgba(0, 0, 0, 0.25) !important;
}
.hover-shadow-darken25-bold:hover {
  box-shadow: 0 0 20px 2px rgba(0, 0, 0, 0.25) !important;
}
    
.hover-shadow-darken50:hover {
  box-shadow: 0 0 10px 2px rgba(0, 0, 0, 0.5) !important;
}
.hover-shadow-darken50-bold:hover {
  box-shadow: 0 0 20px 2px rgba(0, 0, 0, 0.5) !important;
}
    
.hover-shadow-darken75:hover {
  box-shadow: 0 0 10px 2px rgba(0, 0, 0, 0.75) !important;
}
.hover-shadow-darken75-bold:hover {
  box-shadow: 0 0 20px 2px rgba(0, 0, 0, 0.75) !important;
}
    
.hover-shadow-lighten5:hover {
  box-shadow: 0 0 10px 2px rgba(255, 255, 255, 0.05) !important;
}
.hover-shadow-lighten5-bold:hover {
  box-shadow: 0 0 20px 2px rgba(255, 255, 255, 0.05) !important;
}
    
.hover-shadow-lighten10:hover {
  box-shadow: 0 0 10px 2px rgba(255, 255, 255, 0.1) !important;
}
.hover-shadow-lighten10-bold:hover {
  box-shadow: 0 0 20px 2px rgba(255, 255, 255, 0.1) !important;
}
    
.hover-shadow-lighten25:hover {
  box-shadow: 0 0 10px 2px rgba(255, 255, 255, 0.25) !important;
}
.hover-shadow-lighten25-bold:hover {
  box-shadow: 0 0 20px 2px rgba(255, 255, 255, 0.25) !important;
}
    
.hover-shadow-lighten50:hover {
  box-shadow: 0 0 10px 2px rgba(255, 255, 255, 0.5) !important;
}
.hover-shadow-lighten50-bold:hover {
  box-shadow: 0 0 20px 2px rgba(255, 255, 255, 0.5) !important;
}
    
.hover-shadow-lighten75:hover {
  box-shadow: 0 0 10px 2px rgba(255, 255, 255, 0.75) !important;
}
.hover-shadow-lighten75-bold:hover {
  box-shadow: 0 0 20px 2px rgba(255, 255, 255, 0.75) !important;
}
    /** @endgroup */
/**
 * Control the background of elements on hover.
 *
 * @group
 * @memberof State modifiers
 * @example
 * <div class=\'w400 hover-bg-darken25\'>.hover-bg-darken25</div>
 */
.hover-bg-gray-dark:hover {
  background-color: #333 !important;
}
    
.hover-bg-gray:hover {
  background-color: #666 !important;
}
    
.hover-bg-gray-light:hover {
  background-color: #ccc !important;
}
    
.hover-bg-gray-faint:hover {
  background-color: #f0f0f0 !important;
}
    
.hover-bg-pink-dark:hover {
  background-color: #C8145A !important;
}
    
.hover-bg-pink:hover {
  background-color: #ff3c96 !important;
}
    
.hover-bg-pink-light:hover {
  background-color: #FF88C0 !important;
}
    
.hover-bg-pink-faint:hover {
  background-color: #ffdbed !important;
}
    
.hover-bg-red-dark:hover {
  background-color: #BE0014 !important;
}
    
.hover-bg-red:hover {
  background-color: #dc2b28 !important;
}
    
.hover-bg-red-light:hover {
  background-color: #FF8280 !important;
}
    
.hover-bg-red-faint:hover {
  background-color: #ffdad9 !important;
}
    
.hover-bg-orange-dark:hover {
  background-color: #DC4600 !important;
}
    
.hover-bg-orange:hover {
  background-color: #ff6e00 !important;
}
    
.hover-bg-orange-light:hover {
  background-color: #FFA950 !important;
}
    
.hover-bg-orange-faint:hover {
  background-color: #FFE5CB !important;
}
    
.hover-bg-yellow-dark:hover {
  background-color: #FFBD0A !important;
}
    
.hover-bg-yellow:hover {
  background-color: #f0dc00 !important;
}
    
.hover-bg-yellow-light:hover {
  background-color: #F0F062 !important;
}
    
.hover-bg-yellow-faint:hover {
  background-color: #fafbd1 !important;
}
    
.hover-bg-green-dark:hover {
  background-color: #007532 !important;
}
    
.hover-bg-green:hover {
  background-color: #01aa46 !important;
}
    
.hover-bg-green-light:hover {
  background-color: #72C781 !important;
}
    
.hover-bg-green-faint:hover {
  background-color: #d4edda !important;
}
    
.hover-bg-teal-dark:hover {
  background-color: #00626E !important;
}
    
.hover-bg-teal:hover {
  background-color: #01b5b4 !important;
}
    
.hover-bg-teal-light:hover {
  background-color: #50D2D2 !important;
}
    
.hover-bg-teal-faint:hover {
  background-color: #cbf2f1 !important;
}
    
.hover-bg-blue-dark:hover {
  background-color: #0014AA !important;
}
    
.hover-bg-blue:hover {
  background-color: #0065fb !important;
}
    
.hover-bg-blue-light:hover {
  background-color: #00B1FF !important;
}
    
.hover-bg-blue-faint:hover {
  background-color: #bae8ff !important;
}
    
.hover-bg-purple-dark:hover {
  background-color: #500078 !important;
}
    
.hover-bg-purple:hover {
  background-color: #8c50c7 !important;
}
    
.hover-bg-purple-light:hover {
  background-color: #C299E3 !important;
}
    
.hover-bg-purple-faint:hover {
  background-color: #ede1f6 !important;
}
    
.hover-bg-darken5:hover {
  background-color: rgba(0, 0, 0, 0.05) !important;
}
    
.hover-bg-darken10:hover {
  background-color: rgba(0, 0, 0, 0.10) !important;
}
    
.hover-bg-darken25:hover {
  background-color: rgba(0, 0, 0, 0.25) !important;
}
    
.hover-bg-darken50:hover {
  background-color: rgba(0, 0, 0, 0.5) !important;
}
    
.hover-bg-darken75:hover {
  background-color: rgba(0, 0, 0, 0.75) !important;
}
    
.hover-bg-lighten5:hover {
  background-color: rgba(255, 255, 255, 0.05) !important;
}
    
.hover-bg-lighten10:hover {
  background-color: rgba(255, 255, 255, 0.1) !important;
}
    
.hover-bg-lighten25:hover {
  background-color: rgba(255, 255, 255, 0.25) !important;
}
    
.hover-bg-lighten50:hover {
  background-color: rgba(255, 255, 255, 0.5) !important;
}
    
.hover-bg-lighten75:hover {
  background-color: rgba(255, 255, 255, 0.75) !important;
}
    
.hover-bg-white:hover {
  background-color: #fff !important;
}
    
.hover-bg-black:hover {
  background-color: #000 !important;
}
    
.hover-bg-transparent:hover {
  background-color: transparent !important;
}
    /** @endgroup */
/**
 * Control the color of elements on hover.
 *
 * @group
 * @memberof State modifiers
 * @example
 * <div class=\'w400 hover-color-red\'>.hover-color-red</div>
 */
.hover-color-gray-dark:hover {
  color: #333 !important;
}
    
.hover-color-gray:hover {
  color: #666 !important;
}
    
.hover-color-gray-light:hover {
  color: #ccc !important;
}
    
.hover-color-gray-faint:hover {
  color: #f0f0f0 !important;
}
    
.hover-color-pink-dark:hover {
  color: #C8145A !important;
}
    
.hover-color-pink:hover {
  color: #ff3c96 !important;
}
    
.hover-color-pink-light:hover {
  color: #FF88C0 !important;
}
    
.hover-color-pink-faint:hover {
  color: #ffdbed !important;
}
    
.hover-color-red-dark:hover {
  color: #BE0014 !important;
}
    
.hover-color-red:hover {
  color: #dc2b28 !important;
}
    
.hover-color-red-light:hover {
  color: #FF8280 !important;
}
    
.hover-color-red-faint:hover {
  color: #ffdad9 !important;
}
    
.hover-color-orange-dark:hover {
  color: #DC4600 !important;
}
    
.hover-color-orange:hover {
  color: #ff6e00 !important;
}
    
.hover-color-orange-light:hover {
  color: #FFA950 !important;
}
    
.hover-color-orange-faint:hover {
  color: #FFE5CB !important;
}
    
.hover-color-yellow-dark:hover {
  color: #FFBD0A !important;
}
    
.hover-color-yellow:hover {
  color: #f0dc00 !important;
}
    
.hover-color-yellow-light:hover {
  color: #F0F062 !important;
}
    
.hover-color-yellow-faint:hover {
  color: #fafbd1 !important;
}
    
.hover-color-green-dark:hover {
  color: #007532 !important;
}
    
.hover-color-green:hover {
  color: #01aa46 !important;
}
    
.hover-color-green-light:hover {
  color: #72C781 !important;
}
    
.hover-color-green-faint:hover {
  color: #d4edda !important;
}
    
.hover-color-teal-dark:hover {
  color: #00626E !important;
}
    
.hover-color-teal:hover {
  color: #01b5b4 !important;
}
    
.hover-color-teal-light:hover {
  color: #50D2D2 !important;
}
    
.hover-color-teal-faint:hover {
  color: #cbf2f1 !important;
}
    
.hover-color-blue-dark:hover {
  color: #0014AA !important;
}
    
.hover-color-blue:hover {
  color: #0065fb !important;
}
    
.hover-color-blue-light:hover {
  color: #00B1FF !important;
}
    
.hover-color-blue-faint:hover {
  color: #bae8ff !important;
}
    
.hover-color-purple-dark:hover {
  color: #500078 !important;
}
    
.hover-color-purple:hover {
  color: #8c50c7 !important;
}
    
.hover-color-purple-light:hover {
  color: #C299E3 !important;
}
    
.hover-color-purple-faint:hover {
  color: #ede1f6 !important;
}
    
.hover-color-darken5:hover {
  color: rgba(0, 0, 0, 0.05) !important;
}
    
.hover-color-darken10:hover {
  color: rgba(0, 0, 0, 0.10) !important;
}
    
.hover-color-darken25:hover {
  color: rgba(0, 0, 0, 0.25) !important;
}
    
.hover-color-darken50:hover {
  color: rgba(0, 0, 0, 0.5) !important;
}
    
.hover-color-darken75:hover {
  color: rgba(0, 0, 0, 0.75) !important;
}
    
.hover-color-lighten5:hover {
  color: rgba(255, 255, 255, 0.05) !important;
}
    
.hover-color-lighten10:hover {
  color: rgba(255, 255, 255, 0.1) !important;
}
    
.hover-color-lighten25:hover {
  color: rgba(255, 255, 255, 0.25) !important;
}
    
.hover-color-lighten50:hover {
  color: rgba(255, 255, 255, 0.5) !important;
}
    
.hover-color-lighten75:hover {
  color: rgba(255, 255, 255, 0.75) !important;
}
    
.hover-color-white:hover {
  color: #fff !important;
}
    
.hover-color-black:hover {
  color: #000 !important;
}
    
.hover-color-transparent:hover {
  color: transparent !important;
}
    /** @endgroup */
/**
 * Control the border color of elements on hover.
 *
 * @group
 * @memberof State modifiers
 * @example
 * <div class=\'w400 border border--2 border--pink hover-border-blue\'>.hover-border-blue</div>
 */
.hover-border-gray-dark:hover {
  border-color: #333 !important;
}
    
.hover-border-gray:hover {
  border-color: #666 !important;
}
    
.hover-border-gray-light:hover {
  border-color: #ccc !important;
}
    
.hover-border-gray-faint:hover {
  border-color: #f0f0f0 !important;
}
    
.hover-border-pink-dark:hover {
  border-color: #C8145A !important;
}
    
.hover-border-pink:hover {
  border-color: #ff3c96 !important;
}
    
.hover-border-pink-light:hover {
  border-color: #FF88C0 !important;
}
    
.hover-border-pink-faint:hover {
  border-color: #ffdbed !important;
}
    
.hover-border-red-dark:hover {
  border-color: #BE0014 !important;
}
    
.hover-border-red:hover {
  border-color: #dc2b28 !important;
}
    
.hover-border-red-light:hover {
  border-color: #FF8280 !important;
}
    
.hover-border-red-faint:hover {
  border-color: #ffdad9 !important;
}
    
.hover-border-orange-dark:hover {
  border-color: #DC4600 !important;
}
    
.hover-border-orange:hover {
  border-color: #ff6e00 !important;
}
    
.hover-border-orange-light:hover {
  border-color: #FFA950 !important;
}
    
.hover-border-orange-faint:hover {
  border-color: #FFE5CB !important;
}
    
.hover-border-yellow-dark:hover {
  border-color: #FFBD0A !important;
}
    
.hover-border-yellow:hover {
  border-color: #f0dc00 !important;
}
    
.hover-border-yellow-light:hover {
  border-color: #F0F062 !important;
}
    
.hover-border-yellow-faint:hover {
  border-color: #fafbd1 !important;
}
    
.hover-border-green-dark:hover {
  border-color: #007532 !important;
}
    
.hover-border-green:hover {
  border-color: #01aa46 !important;
}
    
.hover-border-green-light:hover {
  border-color: #72C781 !important;
}
    
.hover-border-green-faint:hover {
  border-color: #d4edda !important;
}
    
.hover-border-teal-dark:hover {
  border-color: #00626E !important;
}
    
.hover-border-teal:hover {
  border-color: #01b5b4 !important;
}
    
.hover-border-teal-light:hover {
  border-color: #50D2D2 !important;
}
    
.hover-border-teal-faint:hover {
  border-color: #cbf2f1 !important;
}
    
.hover-border-blue-dark:hover {
  border-color: #0014AA !important;
}
    
.hover-border-blue:hover {
  border-color: #0065fb !important;
}
    
.hover-border-blue-light:hover {
  border-color: #00B1FF !important;
}
    
.hover-border-blue-faint:hover {
  border-color: #bae8ff !important;
}
    
.hover-border-purple-dark:hover {
  border-color: #500078 !important;
}
    
.hover-border-purple:hover {
  border-color: #8c50c7 !important;
}
    
.hover-border-purple-light:hover {
  border-color: #C299E3 !important;
}
    
.hover-border-purple-faint:hover {
  border-color: #ede1f6 !important;
}
    
.hover-border-darken5:hover {
  border-color: rgba(0, 0, 0, 0.05) !important;
}
    
.hover-border-darken10:hover {
  border-color: rgba(0, 0, 0, 0.10) !important;
}
    
.hover-border-darken25:hover {
  border-color: rgba(0, 0, 0, 0.25) !important;
}
    
.hover-border-darken50:hover {
  border-color: rgba(0, 0, 0, 0.5) !important;
}
    
.hover-border-darken75:hover {
  border-color: rgba(0, 0, 0, 0.75) !important;
}
    
.hover-border-lighten5:hover {
  border-color: rgba(255, 255, 255, 0.05) !important;
}
    
.hover-border-lighten10:hover {
  border-color: rgba(255, 255, 255, 0.1) !important;
}
    
.hover-border-lighten25:hover {
  border-color: rgba(255, 255, 255, 0.25) !important;
}
    
.hover-border-lighten50:hover {
  border-color: rgba(255, 255, 255, 0.5) !important;
}
    
.hover-border-lighten75:hover {
  border-color: rgba(255, 255, 255, 0.75) !important;
}
    
.hover-border-white:hover {
  border-color: #fff !important;
}
    
.hover-border-black:hover {
  border-color: #000 !important;
}
    
.hover-border-transparent:hover {
  border-color: transparent !important;
}
    /** @endgroup */"
`;
