exports[`buildColorVariants defaults 1`] = `
"
.btn.bg-gray:hover {
  background-color: #333 !important;
}
  
.btn.bg-gray-light:hover {
  background-color: #666 !important;
}
  
.btn.bg-gray-faint:hover {
  background-color: #ccc !important;
}
  
.btn.bg-pink:hover {
  background-color: #C8145A !important;
}
  
.btn.bg-pink-light:hover {
  background-color: #ff3c96 !important;
}
  
.btn.bg-pink-faint:hover {
  background-color: #FF88C0 !important;
}
  
.btn.bg-red:hover {
  background-color: #BE0014 !important;
}
  
.btn.bg-red-light:hover {
  background-color: #dc2b28 !important;
}
  
.btn.bg-red-faint:hover {
  background-color: #FF8280 !important;
}
  
.btn.bg-orange:hover {
  background-color: #DC4600 !important;
}
  
.btn.bg-orange-light:hover {
  background-color: #ff6e00 !important;
}
  
.btn.bg-orange-faint:hover {
  background-color: #FFA950 !important;
}
  
.btn.bg-yellow:hover {
  background-color: #FFBD0A !important;
}
  
.btn.bg-yellow-light:hover {
  background-color: #f0dc00 !important;
}
  
.btn.bg-yellow-faint:hover {
  background-color: #F0F062 !important;
}
  
.btn.bg-green:hover {
  background-color: #007532 !important;
}
  
.btn.bg-green-light:hover {
  background-color: #01aa46 !important;
}
  
.btn.bg-green-faint:hover {
  background-color: #72C781 !important;
}
  
.btn.bg-teal:hover {
  background-color: #00626E !important;
}
  
.btn.bg-teal-light:hover {
  background-color: #01b5b4 !important;
}
  
.btn.bg-teal-faint:hover {
  background-color: #50D2D2 !important;
}
  
.btn.bg-blue:hover {
  background-color: #0014AA !important;
}
  
.btn.bg-blue-light:hover {
  background-color: #0065fb !important;
}
  
.btn.bg-blue-faint:hover {
  background-color: #00B1FF !important;
}
  
.btn.bg-purple:hover {
  background-color: #500078 !important;
}
  
.btn.bg-purple-light:hover {
  background-color: #8c50c7 !important;
}
  
.btn.bg-purple-faint:hover {
  background-color: #C299E3 !important;
}
  
.btn.bg-darken5:hover {
  background-color: rgba(0, 0, 0, 0.10) !important;
}
  
.btn.bg-darken10:hover {
  background-color: rgba(0, 0, 0, 0.25) !important;
}
  
.btn.bg-darken25:hover {
  background-color: rgba(0, 0, 0, 0.5) !important;
}
  
.btn.bg-darken50:hover {
  background-color: rgba(0, 0, 0, 0.75) !important;
}
  
.btn.bg-darken75:hover {
  background-color: #000 !important;
}
  
.btn.bg-lighten5:hover {
  background-color: rgba(255, 255, 255, 0.1) !important;
}
  
.btn.bg-lighten10:hover {
  background-color: rgba(255, 255, 255, 0.25) !important;
}
  
.btn.bg-lighten25:hover {
  background-color: rgba(255, 255, 255, 0.5) !important;
}
  
.btn.bg-lighten50:hover {
  background-color: rgba(255, 255, 255, 0.75) !important;
}
  
.btn.bg-lighten75:hover {
  background-color: #fff !important;
}
  
.btn.bg-white:hover {
  background-color: gray-faint !important;
}
  
.btn--stroke.color-gray:hover {
  color: #333 !important;
}
  
.btn--stroke.color-gray-light:hover {
  color: #666 !important;
}
  
.btn--stroke.color-gray-faint:hover {
  color: #ccc !important;
}
  
.btn--stroke.color-pink:hover {
  color: #C8145A !important;
}
  
.btn--stroke.color-pink-light:hover {
  color: #ff3c96 !important;
}
  
.btn--stroke.color-pink-faint:hover {
  color: #FF88C0 !important;
}
  
.btn--stroke.color-red:hover {
  color: #BE0014 !important;
}
  
.btn--stroke.color-red-light:hover {
  color: #dc2b28 !important;
}
  
.btn--stroke.color-red-faint:hover {
  color: #FF8280 !important;
}
  
.btn--stroke.color-orange:hover {
  color: #DC4600 !important;
}
  
.btn--stroke.color-orange-light:hover {
  color: #ff6e00 !important;
}
  
.btn--stroke.color-orange-faint:hover {
  color: #FFA950 !important;
}
  
.btn--stroke.color-yellow:hover {
  color: #FFBD0A !important;
}
  
.btn--stroke.color-yellow-light:hover {
  color: #f0dc00 !important;
}
  
.btn--stroke.color-yellow-faint:hover {
  color: #F0F062 !important;
}
  
.btn--stroke.color-green:hover {
  color: #007532 !important;
}
  
.btn--stroke.color-green-light:hover {
  color: #01aa46 !important;
}
  
.btn--stroke.color-green-faint:hover {
  color: #72C781 !important;
}
  
.btn--stroke.color-teal:hover {
  color: #00626E !important;
}
  
.btn--stroke.color-teal-light:hover {
  color: #01b5b4 !important;
}
  
.btn--stroke.color-teal-faint:hover {
  color: #50D2D2 !important;
}
  
.btn--stroke.color-blue:hover {
  color: #0014AA !important;
}
  
.btn--stroke.color-blue-light:hover {
  color: #0065fb !important;
}
  
.btn--stroke.color-blue-faint:hover {
  color: #00B1FF !important;
}
  
.btn--stroke.color-purple:hover {
  color: #500078 !important;
}
  
.btn--stroke.color-purple-light:hover {
  color: #8c50c7 !important;
}
  
.btn--stroke.color-purple-faint:hover {
  color: #C299E3 !important;
}
  
.btn--stroke.color-darken5:hover {
  color: rgba(0, 0, 0, 0.10) !important;
}
  
.btn--stroke.color-darken10:hover {
  color: rgba(0, 0, 0, 0.25) !important;
}
  
.btn--stroke.color-darken25:hover {
  color: rgba(0, 0, 0, 0.5) !important;
}
  
.btn--stroke.color-darken50:hover {
  color: rgba(0, 0, 0, 0.75) !important;
}
  
.btn--stroke.color-darken75:hover {
  color: #000 !important;
}
  
.btn--stroke.color-lighten5:hover {
  color: rgba(255, 255, 255, 0.1) !important;
}
  
.btn--stroke.color-lighten10:hover {
  color: rgba(255, 255, 255, 0.25) !important;
}
  
.btn--stroke.color-lighten25:hover {
  color: rgba(255, 255, 255, 0.5) !important;
}
  
.btn--stroke.color-lighten50:hover {
  color: rgba(255, 255, 255, 0.75) !important;
}
  
.btn--stroke.color-lighten75:hover {
  color: #fff !important;
}
  
.btn--stroke.color-white:hover {
  color: gray-faint !important;
}
  
.select.bg-gray:hover {
  background-color: #333 !important;
}
  
.select.bg-gray-light:hover {
  background-color: #666 !important;
}
  
.select.bg-gray-faint:hover {
  background-color: #ccc !important;
}
  
.select.bg-pink:hover {
  background-color: #C8145A !important;
}
  
.select.bg-pink-light:hover {
  background-color: #ff3c96 !important;
}
  
.select.bg-pink-faint:hover {
  background-color: #FF88C0 !important;
}
  
.select.bg-red:hover {
  background-color: #BE0014 !important;
}
  
.select.bg-red-light:hover {
  background-color: #dc2b28 !important;
}
  
.select.bg-red-faint:hover {
  background-color: #FF8280 !important;
}
  
.select.bg-orange:hover {
  background-color: #DC4600 !important;
}
  
.select.bg-orange-light:hover {
  background-color: #ff6e00 !important;
}
  
.select.bg-orange-faint:hover {
  background-color: #FFA950 !important;
}
  
.select.bg-yellow:hover {
  background-color: #FFBD0A !important;
}
  
.select.bg-yellow-light:hover {
  background-color: #f0dc00 !important;
}
  
.select.bg-yellow-faint:hover {
  background-color: #F0F062 !important;
}
  
.select.bg-green:hover {
  background-color: #007532 !important;
}
  
.select.bg-green-light:hover {
  background-color: #01aa46 !important;
}
  
.select.bg-green-faint:hover {
  background-color: #72C781 !important;
}
  
.select.bg-teal:hover {
  background-color: #00626E !important;
}
  
.select.bg-teal-light:hover {
  background-color: #01b5b4 !important;
}
  
.select.bg-teal-faint:hover {
  background-color: #50D2D2 !important;
}
  
.select.bg-blue:hover {
  background-color: #0014AA !important;
}
  
.select.bg-blue-light:hover {
  background-color: #0065fb !important;
}
  
.select.bg-blue-faint:hover {
  background-color: #00B1FF !important;
}
  
.select.bg-purple:hover {
  background-color: #500078 !important;
}
  
.select.bg-purple-light:hover {
  background-color: #8c50c7 !important;
}
  
.select.bg-purple-faint:hover {
  background-color: #C299E3 !important;
}
  
.select.bg-darken5:hover {
  background-color: rgba(0, 0, 0, 0.10) !important;
}
  
.select.bg-darken10:hover {
  background-color: rgba(0, 0, 0, 0.25) !important;
}
  
.select.bg-darken25:hover {
  background-color: rgba(0, 0, 0, 0.5) !important;
}
  
.select.bg-darken50:hover {
  background-color: rgba(0, 0, 0, 0.75) !important;
}
  
.select.bg-darken75:hover {
  background-color: #000 !important;
}
  
.select.bg-lighten5:hover {
  background-color: rgba(255, 255, 255, 0.1) !important;
}
  
.select.bg-lighten10:hover {
  background-color: rgba(255, 255, 255, 0.25) !important;
}
  
.select.bg-lighten25:hover {
  background-color: rgba(255, 255, 255, 0.5) !important;
}
  
.select.bg-lighten50:hover {
  background-color: rgba(255, 255, 255, 0.75) !important;
}
  
.select.bg-lighten75:hover {
  background-color: #fff !important;
}
  
.select.bg-white:hover {
  background-color: gray-faint !important;
}
  
.select--stroke.color-gray:hover {
  color: #333 !important;
}
  
.select--stroke.color-gray-light:hover {
  color: #666 !important;
}
  
.select--stroke.color-gray-faint:hover {
  color: #ccc !important;
}
  
.select--stroke.color-pink:hover {
  color: #C8145A !important;
}
  
.select--stroke.color-pink-light:hover {
  color: #ff3c96 !important;
}
  
.select--stroke.color-pink-faint:hover {
  color: #FF88C0 !important;
}
  
.select--stroke.color-red:hover {
  color: #BE0014 !important;
}
  
.select--stroke.color-red-light:hover {
  color: #dc2b28 !important;
}
  
.select--stroke.color-red-faint:hover {
  color: #FF8280 !important;
}
  
.select--stroke.color-orange:hover {
  color: #DC4600 !important;
}
  
.select--stroke.color-orange-light:hover {
  color: #ff6e00 !important;
}
  
.select--stroke.color-orange-faint:hover {
  color: #FFA950 !important;
}
  
.select--stroke.color-yellow:hover {
  color: #FFBD0A !important;
}
  
.select--stroke.color-yellow-light:hover {
  color: #f0dc00 !important;
}
  
.select--stroke.color-yellow-faint:hover {
  color: #F0F062 !important;
}
  
.select--stroke.color-green:hover {
  color: #007532 !important;
}
  
.select--stroke.color-green-light:hover {
  color: #01aa46 !important;
}
  
.select--stroke.color-green-faint:hover {
  color: #72C781 !important;
}
  
.select--stroke.color-teal:hover {
  color: #00626E !important;
}
  
.select--stroke.color-teal-light:hover {
  color: #01b5b4 !important;
}
  
.select--stroke.color-teal-faint:hover {
  color: #50D2D2 !important;
}
  
.select--stroke.color-blue:hover {
  color: #0014AA !important;
}
  
.select--stroke.color-blue-light:hover {
  color: #0065fb !important;
}
  
.select--stroke.color-blue-faint:hover {
  color: #00B1FF !important;
}
  
.select--stroke.color-purple:hover {
  color: #500078 !important;
}
  
.select--stroke.color-purple-light:hover {
  color: #8c50c7 !important;
}
  
.select--stroke.color-purple-faint:hover {
  color: #C299E3 !important;
}
  
.select--stroke.color-darken5:hover {
  color: rgba(0, 0, 0, 0.10) !important;
}
  
.select--stroke.color-darken10:hover {
  color: rgba(0, 0, 0, 0.25) !important;
}
  
.select--stroke.color-darken25:hover {
  color: rgba(0, 0, 0, 0.5) !important;
}
  
.select--stroke.color-darken50:hover {
  color: rgba(0, 0, 0, 0.75) !important;
}
  
.select--stroke.color-darken75:hover {
  color: #000 !important;
}
  
.select--stroke.color-lighten5:hover {
  color: rgba(255, 255, 255, 0.1) !important;
}
  
.select--stroke.color-lighten10:hover {
  color: rgba(255, 255, 255, 0.25) !important;
}
  
.select--stroke.color-lighten25:hover {
  color: rgba(255, 255, 255, 0.5) !important;
}
  
.select--stroke.color-lighten50:hover {
  color: rgba(255, 255, 255, 0.75) !important;
}
  
.select--stroke.color-lighten75:hover {
  color: #fff !important;
}
  
.select--stroke.color-white:hover {
  color: gray-faint !important;
}
  
.checkbox-container:hover > .checkbox.color-gray,
input:checked + .checkbox.color-gray,
.checkbox.color-gray.is-active {
  color: #333 !important;
}
  
.checkbox-container:hover > .checkbox.color-gray-light,
input:checked + .checkbox.color-gray-light,
.checkbox.color-gray-light.is-active {
  color: #666 !important;
}
  
.checkbox-container:hover > .checkbox.color-gray-faint,
input:checked + .checkbox.color-gray-faint,
.checkbox.color-gray-faint.is-active {
  color: #ccc !important;
}
  
.checkbox-container:hover > .checkbox.color-pink,
input:checked + .checkbox.color-pink,
.checkbox.color-pink.is-active {
  color: #C8145A !important;
}
  
.checkbox-container:hover > .checkbox.color-pink-light,
input:checked + .checkbox.color-pink-light,
.checkbox.color-pink-light.is-active {
  color: #ff3c96 !important;
}
  
.checkbox-container:hover > .checkbox.color-pink-faint,
input:checked + .checkbox.color-pink-faint,
.checkbox.color-pink-faint.is-active {
  color: #FF88C0 !important;
}
  
.checkbox-container:hover > .checkbox.color-red,
input:checked + .checkbox.color-red,
.checkbox.color-red.is-active {
  color: #BE0014 !important;
}
  
.checkbox-container:hover > .checkbox.color-red-light,
input:checked + .checkbox.color-red-light,
.checkbox.color-red-light.is-active {
  color: #dc2b28 !important;
}
  
.checkbox-container:hover > .checkbox.color-red-faint,
input:checked + .checkbox.color-red-faint,
.checkbox.color-red-faint.is-active {
  color: #FF8280 !important;
}
  
.checkbox-container:hover > .checkbox.color-orange,
input:checked + .checkbox.color-orange,
.checkbox.color-orange.is-active {
  color: #DC4600 !important;
}
  
.checkbox-container:hover > .checkbox.color-orange-light,
input:checked + .checkbox.color-orange-light,
.checkbox.color-orange-light.is-active {
  color: #ff6e00 !important;
}
  
.checkbox-container:hover > .checkbox.color-orange-faint,
input:checked + .checkbox.color-orange-faint,
.checkbox.color-orange-faint.is-active {
  color: #FFA950 !important;
}
  
.checkbox-container:hover > .checkbox.color-yellow,
input:checked + .checkbox.color-yellow,
.checkbox.color-yellow.is-active {
  color: #FFBD0A !important;
}
  
.checkbox-container:hover > .checkbox.color-yellow-light,
input:checked + .checkbox.color-yellow-light,
.checkbox.color-yellow-light.is-active {
  color: #f0dc00 !important;
}
  
.checkbox-container:hover > .checkbox.color-yellow-faint,
input:checked + .checkbox.color-yellow-faint,
.checkbox.color-yellow-faint.is-active {
  color: #F0F062 !important;
}
  
.checkbox-container:hover > .checkbox.color-green,
input:checked + .checkbox.color-green,
.checkbox.color-green.is-active {
  color: #007532 !important;
}
  
.checkbox-container:hover > .checkbox.color-green-light,
input:checked + .checkbox.color-green-light,
.checkbox.color-green-light.is-active {
  color: #01aa46 !important;
}
  
.checkbox-container:hover > .checkbox.color-green-faint,
input:checked + .checkbox.color-green-faint,
.checkbox.color-green-faint.is-active {
  color: #72C781 !important;
}
  
.checkbox-container:hover > .checkbox.color-teal,
input:checked + .checkbox.color-teal,
.checkbox.color-teal.is-active {
  color: #00626E !important;
}
  
.checkbox-container:hover > .checkbox.color-teal-light,
input:checked + .checkbox.color-teal-light,
.checkbox.color-teal-light.is-active {
  color: #01b5b4 !important;
}
  
.checkbox-container:hover > .checkbox.color-teal-faint,
input:checked + .checkbox.color-teal-faint,
.checkbox.color-teal-faint.is-active {
  color: #50D2D2 !important;
}
  
.checkbox-container:hover > .checkbox.color-blue,
input:checked + .checkbox.color-blue,
.checkbox.color-blue.is-active {
  color: #0014AA !important;
}
  
.checkbox-container:hover > .checkbox.color-blue-light,
input:checked + .checkbox.color-blue-light,
.checkbox.color-blue-light.is-active {
  color: #0065fb !important;
}
  
.checkbox-container:hover > .checkbox.color-blue-faint,
input:checked + .checkbox.color-blue-faint,
.checkbox.color-blue-faint.is-active {
  color: #00B1FF !important;
}
  
.checkbox-container:hover > .checkbox.color-purple,
input:checked + .checkbox.color-purple,
.checkbox.color-purple.is-active {
  color: #500078 !important;
}
  
.checkbox-container:hover > .checkbox.color-purple-light,
input:checked + .checkbox.color-purple-light,
.checkbox.color-purple-light.is-active {
  color: #8c50c7 !important;
}
  
.checkbox-container:hover > .checkbox.color-purple-faint,
input:checked + .checkbox.color-purple-faint,
.checkbox.color-purple-faint.is-active {
  color: #C299E3 !important;
}
  
.checkbox-container:hover > .checkbox.color-darken5,
input:checked + .checkbox.color-darken5,
.checkbox.color-darken5.is-active {
  color: rgba(0, 0, 0, 0.10) !important;
}
  
.checkbox-container:hover > .checkbox.color-darken10,
input:checked + .checkbox.color-darken10,
.checkbox.color-darken10.is-active {
  color: rgba(0, 0, 0, 0.25) !important;
}
  
.checkbox-container:hover > .checkbox.color-darken25,
input:checked + .checkbox.color-darken25,
.checkbox.color-darken25.is-active {
  color: rgba(0, 0, 0, 0.5) !important;
}
  
.checkbox-container:hover > .checkbox.color-darken50,
input:checked + .checkbox.color-darken50,
.checkbox.color-darken50.is-active {
  color: rgba(0, 0, 0, 0.75) !important;
}
  
.checkbox-container:hover > .checkbox.color-darken75,
input:checked + .checkbox.color-darken75,
.checkbox.color-darken75.is-active {
  color: #000 !important;
}
  
.checkbox-container:hover > .checkbox.color-lighten5,
input:checked + .checkbox.color-lighten5,
.checkbox.color-lighten5.is-active {
  color: rgba(255, 255, 255, 0.1) !important;
}
  
.checkbox-container:hover > .checkbox.color-lighten10,
input:checked + .checkbox.color-lighten10,
.checkbox.color-lighten10.is-active {
  color: rgba(255, 255, 255, 0.25) !important;
}
  
.checkbox-container:hover > .checkbox.color-lighten25,
input:checked + .checkbox.color-lighten25,
.checkbox.color-lighten25.is-active {
  color: rgba(255, 255, 255, 0.5) !important;
}
  
.checkbox-container:hover > .checkbox.color-lighten50,
input:checked + .checkbox.color-lighten50,
.checkbox.color-lighten50.is-active {
  color: rgba(255, 255, 255, 0.75) !important;
}
  
.checkbox-container:hover > .checkbox.color-lighten75,
input:checked + .checkbox.color-lighten75,
.checkbox.color-lighten75.is-active {
  color: #fff !important;
}
  
.checkbox-container:hover > .checkbox.color-white,
input:checked + .checkbox.color-white,
.checkbox.color-white.is-active {
  color: gray-faint !important;
}
  
.radio-container:hover > .radio.color-gray,
input:checked + .radio.color-gray,
.radio.color-gray.is-active {
  color: #333 !important;
}
  
.radio-container:hover > .radio.color-gray-light,
input:checked + .radio.color-gray-light,
.radio.color-gray-light.is-active {
  color: #666 !important;
}
  
.radio-container:hover > .radio.color-gray-faint,
input:checked + .radio.color-gray-faint,
.radio.color-gray-faint.is-active {
  color: #ccc !important;
}
  
.radio-container:hover > .radio.color-pink,
input:checked + .radio.color-pink,
.radio.color-pink.is-active {
  color: #C8145A !important;
}
  
.radio-container:hover > .radio.color-pink-light,
input:checked + .radio.color-pink-light,
.radio.color-pink-light.is-active {
  color: #ff3c96 !important;
}
  
.radio-container:hover > .radio.color-pink-faint,
input:checked + .radio.color-pink-faint,
.radio.color-pink-faint.is-active {
  color: #FF88C0 !important;
}
  
.radio-container:hover > .radio.color-red,
input:checked + .radio.color-red,
.radio.color-red.is-active {
  color: #BE0014 !important;
}
  
.radio-container:hover > .radio.color-red-light,
input:checked + .radio.color-red-light,
.radio.color-red-light.is-active {
  color: #dc2b28 !important;
}
  
.radio-container:hover > .radio.color-red-faint,
input:checked + .radio.color-red-faint,
.radio.color-red-faint.is-active {
  color: #FF8280 !important;
}
  
.radio-container:hover > .radio.color-orange,
input:checked + .radio.color-orange,
.radio.color-orange.is-active {
  color: #DC4600 !important;
}
  
.radio-container:hover > .radio.color-orange-light,
input:checked + .radio.color-orange-light,
.radio.color-orange-light.is-active {
  color: #ff6e00 !important;
}
  
.radio-container:hover > .radio.color-orange-faint,
input:checked + .radio.color-orange-faint,
.radio.color-orange-faint.is-active {
  color: #FFA950 !important;
}
  
.radio-container:hover > .radio.color-yellow,
input:checked + .radio.color-yellow,
.radio.color-yellow.is-active {
  color: #FFBD0A !important;
}
  
.radio-container:hover > .radio.color-yellow-light,
input:checked + .radio.color-yellow-light,
.radio.color-yellow-light.is-active {
  color: #f0dc00 !important;
}
  
.radio-container:hover > .radio.color-yellow-faint,
input:checked + .radio.color-yellow-faint,
.radio.color-yellow-faint.is-active {
  color: #F0F062 !important;
}
  
.radio-container:hover > .radio.color-green,
input:checked + .radio.color-green,
.radio.color-green.is-active {
  color: #007532 !important;
}
  
.radio-container:hover > .radio.color-green-light,
input:checked + .radio.color-green-light,
.radio.color-green-light.is-active {
  color: #01aa46 !important;
}
  
.radio-container:hover > .radio.color-green-faint,
input:checked + .radio.color-green-faint,
.radio.color-green-faint.is-active {
  color: #72C781 !important;
}
  
.radio-container:hover > .radio.color-teal,
input:checked + .radio.color-teal,
.radio.color-teal.is-active {
  color: #00626E !important;
}
  
.radio-container:hover > .radio.color-teal-light,
input:checked + .radio.color-teal-light,
.radio.color-teal-light.is-active {
  color: #01b5b4 !important;
}
  
.radio-container:hover > .radio.color-teal-faint,
input:checked + .radio.color-teal-faint,
.radio.color-teal-faint.is-active {
  color: #50D2D2 !important;
}
  
.radio-container:hover > .radio.color-blue,
input:checked + .radio.color-blue,
.radio.color-blue.is-active {
  color: #0014AA !important;
}
  
.radio-container:hover > .radio.color-blue-light,
input:checked + .radio.color-blue-light,
.radio.color-blue-light.is-active {
  color: #0065fb !important;
}
  
.radio-container:hover > .radio.color-blue-faint,
input:checked + .radio.color-blue-faint,
.radio.color-blue-faint.is-active {
  color: #00B1FF !important;
}
  
.radio-container:hover > .radio.color-purple,
input:checked + .radio.color-purple,
.radio.color-purple.is-active {
  color: #500078 !important;
}
  
.radio-container:hover > .radio.color-purple-light,
input:checked + .radio.color-purple-light,
.radio.color-purple-light.is-active {
  color: #8c50c7 !important;
}
  
.radio-container:hover > .radio.color-purple-faint,
input:checked + .radio.color-purple-faint,
.radio.color-purple-faint.is-active {
  color: #C299E3 !important;
}
  
.radio-container:hover > .radio.color-darken5,
input:checked + .radio.color-darken5,
.radio.color-darken5.is-active {
  color: rgba(0, 0, 0, 0.10) !important;
}
  
.radio-container:hover > .radio.color-darken10,
input:checked + .radio.color-darken10,
.radio.color-darken10.is-active {
  color: rgba(0, 0, 0, 0.25) !important;
}
  
.radio-container:hover > .radio.color-darken25,
input:checked + .radio.color-darken25,
.radio.color-darken25.is-active {
  color: rgba(0, 0, 0, 0.5) !important;
}
  
.radio-container:hover > .radio.color-darken50,
input:checked + .radio.color-darken50,
.radio.color-darken50.is-active {
  color: rgba(0, 0, 0, 0.75) !important;
}
  
.radio-container:hover > .radio.color-darken75,
input:checked + .radio.color-darken75,
.radio.color-darken75.is-active {
  color: #000 !important;
}
  
.radio-container:hover > .radio.color-lighten5,
input:checked + .radio.color-lighten5,
.radio.color-lighten5.is-active {
  color: rgba(255, 255, 255, 0.1) !important;
}
  
.radio-container:hover > .radio.color-lighten10,
input:checked + .radio.color-lighten10,
.radio.color-lighten10.is-active {
  color: rgba(255, 255, 255, 0.25) !important;
}
  
.radio-container:hover > .radio.color-lighten25,
input:checked + .radio.color-lighten25,
.radio.color-lighten25.is-active {
  color: rgba(255, 255, 255, 0.5) !important;
}
  
.radio-container:hover > .radio.color-lighten50,
input:checked + .radio.color-lighten50,
.radio.color-lighten50.is-active {
  color: rgba(255, 255, 255, 0.75) !important;
}
  
.radio-container:hover > .radio.color-lighten75,
input:checked + .radio.color-lighten75,
.radio.color-lighten75.is-active {
  color: #fff !important;
}
  
.radio-container:hover > .radio.color-white,
input:checked + .radio.color-white,
.radio.color-white.is-active {
  color: gray-faint !important;
}
  
.switch.color-gray:hover {
  border-color: #333 !important;
}

.switch.color-gray.is-active,
input:checked + .switch.color-gray,
input:not(:checked) + .switch.color-gray:hover::after,
:not(input) + .switch.color-gray:not(.is-active):hover::after,
.switch--dot-gray.is-active::after,
input:checked + .switch--dot-gray::after {
  background-color: #333 !important;
}
  
.switch.color-gray-light:hover {
  border-color: #666 !important;
}

.switch.color-gray-light.is-active,
input:checked + .switch.color-gray-light,
input:not(:checked) + .switch.color-gray-light:hover::after,
:not(input) + .switch.color-gray-light:not(.is-active):hover::after,
.switch--dot-gray-light.is-active::after,
input:checked + .switch--dot-gray-light::after {
  background-color: #666 !important;
}
  
.switch.color-gray-faint:hover {
  border-color: #ccc !important;
}

.switch.color-gray-faint.is-active,
input:checked + .switch.color-gray-faint,
input:not(:checked) + .switch.color-gray-faint:hover::after,
:not(input) + .switch.color-gray-faint:not(.is-active):hover::after,
.switch--dot-gray-faint.is-active::after,
input:checked + .switch--dot-gray-faint::after {
  background-color: #ccc !important;
}
  
.switch.color-pink:hover {
  border-color: #C8145A !important;
}

.switch.color-pink.is-active,
input:checked + .switch.color-pink,
input:not(:checked) + .switch.color-pink:hover::after,
:not(input) + .switch.color-pink:not(.is-active):hover::after,
.switch--dot-pink.is-active::after,
input:checked + .switch--dot-pink::after {
  background-color: #C8145A !important;
}
  
.switch.color-pink-light:hover {
  border-color: #ff3c96 !important;
}

.switch.color-pink-light.is-active,
input:checked + .switch.color-pink-light,
input:not(:checked) + .switch.color-pink-light:hover::after,
:not(input) + .switch.color-pink-light:not(.is-active):hover::after,
.switch--dot-pink-light.is-active::after,
input:checked + .switch--dot-pink-light::after {
  background-color: #ff3c96 !important;
}
  
.switch.color-pink-faint:hover {
  border-color: #FF88C0 !important;
}

.switch.color-pink-faint.is-active,
input:checked + .switch.color-pink-faint,
input:not(:checked) + .switch.color-pink-faint:hover::after,
:not(input) + .switch.color-pink-faint:not(.is-active):hover::after,
.switch--dot-pink-faint.is-active::after,
input:checked + .switch--dot-pink-faint::after {
  background-color: #FF88C0 !important;
}
  
.switch.color-red:hover {
  border-color: #BE0014 !important;
}

.switch.color-red.is-active,
input:checked + .switch.color-red,
input:not(:checked) + .switch.color-red:hover::after,
:not(input) + .switch.color-red:not(.is-active):hover::after,
.switch--dot-red.is-active::after,
input:checked + .switch--dot-red::after {
  background-color: #BE0014 !important;
}
  
.switch.color-red-light:hover {
  border-color: #dc2b28 !important;
}

.switch.color-red-light.is-active,
input:checked + .switch.color-red-light,
input:not(:checked) + .switch.color-red-light:hover::after,
:not(input) + .switch.color-red-light:not(.is-active):hover::after,
.switch--dot-red-light.is-active::after,
input:checked + .switch--dot-red-light::after {
  background-color: #dc2b28 !important;
}
  
.switch.color-red-faint:hover {
  border-color: #FF8280 !important;
}

.switch.color-red-faint.is-active,
input:checked + .switch.color-red-faint,
input:not(:checked) + .switch.color-red-faint:hover::after,
:not(input) + .switch.color-red-faint:not(.is-active):hover::after,
.switch--dot-red-faint.is-active::after,
input:checked + .switch--dot-red-faint::after {
  background-color: #FF8280 !important;
}
  
.switch.color-orange:hover {
  border-color: #DC4600 !important;
}

.switch.color-orange.is-active,
input:checked + .switch.color-orange,
input:not(:checked) + .switch.color-orange:hover::after,
:not(input) + .switch.color-orange:not(.is-active):hover::after,
.switch--dot-orange.is-active::after,
input:checked + .switch--dot-orange::after {
  background-color: #DC4600 !important;
}
  
.switch.color-orange-light:hover {
  border-color: #ff6e00 !important;
}

.switch.color-orange-light.is-active,
input:checked + .switch.color-orange-light,
input:not(:checked) + .switch.color-orange-light:hover::after,
:not(input) + .switch.color-orange-light:not(.is-active):hover::after,
.switch--dot-orange-light.is-active::after,
input:checked + .switch--dot-orange-light::after {
  background-color: #ff6e00 !important;
}
  
.switch.color-orange-faint:hover {
  border-color: #FFA950 !important;
}

.switch.color-orange-faint.is-active,
input:checked + .switch.color-orange-faint,
input:not(:checked) + .switch.color-orange-faint:hover::after,
:not(input) + .switch.color-orange-faint:not(.is-active):hover::after,
.switch--dot-orange-faint.is-active::after,
input:checked + .switch--dot-orange-faint::after {
  background-color: #FFA950 !important;
}
  
.switch.color-yellow:hover {
  border-color: #FFBD0A !important;
}

.switch.color-yellow.is-active,
input:checked + .switch.color-yellow,
input:not(:checked) + .switch.color-yellow:hover::after,
:not(input) + .switch.color-yellow:not(.is-active):hover::after,
.switch--dot-yellow.is-active::after,
input:checked + .switch--dot-yellow::after {
  background-color: #FFBD0A !important;
}
  
.switch.color-yellow-light:hover {
  border-color: #f0dc00 !important;
}

.switch.color-yellow-light.is-active,
input:checked + .switch.color-yellow-light,
input:not(:checked) + .switch.color-yellow-light:hover::after,
:not(input) + .switch.color-yellow-light:not(.is-active):hover::after,
.switch--dot-yellow-light.is-active::after,
input:checked + .switch--dot-yellow-light::after {
  background-color: #f0dc00 !important;
}
  
.switch.color-yellow-faint:hover {
  border-color: #F0F062 !important;
}

.switch.color-yellow-faint.is-active,
input:checked + .switch.color-yellow-faint,
input:not(:checked) + .switch.color-yellow-faint:hover::after,
:not(input) + .switch.color-yellow-faint:not(.is-active):hover::after,
.switch--dot-yellow-faint.is-active::after,
input:checked + .switch--dot-yellow-faint::after {
  background-color: #F0F062 !important;
}
  
.switch.color-green:hover {
  border-color: #007532 !important;
}

.switch.color-green.is-active,
input:checked + .switch.color-green,
input:not(:checked) + .switch.color-green:hover::after,
:not(input) + .switch.color-green:not(.is-active):hover::after,
.switch--dot-green.is-active::after,
input:checked + .switch--dot-green::after {
  background-color: #007532 !important;
}
  
.switch.color-green-light:hover {
  border-color: #01aa46 !important;
}

.switch.color-green-light.is-active,
input:checked + .switch.color-green-light,
input:not(:checked) + .switch.color-green-light:hover::after,
:not(input) + .switch.color-green-light:not(.is-active):hover::after,
.switch--dot-green-light.is-active::after,
input:checked + .switch--dot-green-light::after {
  background-color: #01aa46 !important;
}
  
.switch.color-green-faint:hover {
  border-color: #72C781 !important;
}

.switch.color-green-faint.is-active,
input:checked + .switch.color-green-faint,
input:not(:checked) + .switch.color-green-faint:hover::after,
:not(input) + .switch.color-green-faint:not(.is-active):hover::after,
.switch--dot-green-faint.is-active::after,
input:checked + .switch--dot-green-faint::after {
  background-color: #72C781 !important;
}
  
.switch.color-teal:hover {
  border-color: #00626E !important;
}

.switch.color-teal.is-active,
input:checked + .switch.color-teal,
input:not(:checked) + .switch.color-teal:hover::after,
:not(input) + .switch.color-teal:not(.is-active):hover::after,
.switch--dot-teal.is-active::after,
input:checked + .switch--dot-teal::after {
  background-color: #00626E !important;
}
  
.switch.color-teal-light:hover {
  border-color: #01b5b4 !important;
}

.switch.color-teal-light.is-active,
input:checked + .switch.color-teal-light,
input:not(:checked) + .switch.color-teal-light:hover::after,
:not(input) + .switch.color-teal-light:not(.is-active):hover::after,
.switch--dot-teal-light.is-active::after,
input:checked + .switch--dot-teal-light::after {
  background-color: #01b5b4 !important;
}
  
.switch.color-teal-faint:hover {
  border-color: #50D2D2 !important;
}

.switch.color-teal-faint.is-active,
input:checked + .switch.color-teal-faint,
input:not(:checked) + .switch.color-teal-faint:hover::after,
:not(input) + .switch.color-teal-faint:not(.is-active):hover::after,
.switch--dot-teal-faint.is-active::after,
input:checked + .switch--dot-teal-faint::after {
  background-color: #50D2D2 !important;
}
  
.switch.color-blue:hover {
  border-color: #0014AA !important;
}

.switch.color-blue.is-active,
input:checked + .switch.color-blue,
input:not(:checked) + .switch.color-blue:hover::after,
:not(input) + .switch.color-blue:not(.is-active):hover::after,
.switch--dot-blue.is-active::after,
input:checked + .switch--dot-blue::after {
  background-color: #0014AA !important;
}
  
.switch.color-blue-light:hover {
  border-color: #0065fb !important;
}

.switch.color-blue-light.is-active,
input:checked + .switch.color-blue-light,
input:not(:checked) + .switch.color-blue-light:hover::after,
:not(input) + .switch.color-blue-light:not(.is-active):hover::after,
.switch--dot-blue-light.is-active::after,
input:checked + .switch--dot-blue-light::after {
  background-color: #0065fb !important;
}
  
.switch.color-blue-faint:hover {
  border-color: #00B1FF !important;
}

.switch.color-blue-faint.is-active,
input:checked + .switch.color-blue-faint,
input:not(:checked) + .switch.color-blue-faint:hover::after,
:not(input) + .switch.color-blue-faint:not(.is-active):hover::after,
.switch--dot-blue-faint.is-active::after,
input:checked + .switch--dot-blue-faint::after {
  background-color: #00B1FF !important;
}
  
.switch.color-purple:hover {
  border-color: #500078 !important;
}

.switch.color-purple.is-active,
input:checked + .switch.color-purple,
input:not(:checked) + .switch.color-purple:hover::after,
:not(input) + .switch.color-purple:not(.is-active):hover::after,
.switch--dot-purple.is-active::after,
input:checked + .switch--dot-purple::after {
  background-color: #500078 !important;
}
  
.switch.color-purple-light:hover {
  border-color: #8c50c7 !important;
}

.switch.color-purple-light.is-active,
input:checked + .switch.color-purple-light,
input:not(:checked) + .switch.color-purple-light:hover::after,
:not(input) + .switch.color-purple-light:not(.is-active):hover::after,
.switch--dot-purple-light.is-active::after,
input:checked + .switch--dot-purple-light::after {
  background-color: #8c50c7 !important;
}
  
.switch.color-purple-faint:hover {
  border-color: #C299E3 !important;
}

.switch.color-purple-faint.is-active,
input:checked + .switch.color-purple-faint,
input:not(:checked) + .switch.color-purple-faint:hover::after,
:not(input) + .switch.color-purple-faint:not(.is-active):hover::after,
.switch--dot-purple-faint.is-active::after,
input:checked + .switch--dot-purple-faint::after {
  background-color: #C299E3 !important;
}
  
.switch.color-darken5:hover {
  border-color: rgba(0, 0, 0, 0.10) !important;
}

.switch.color-darken5.is-active,
input:checked + .switch.color-darken5,
input:not(:checked) + .switch.color-darken5:hover::after,
:not(input) + .switch.color-darken5:not(.is-active):hover::after,
.switch--dot-darken5.is-active::after,
input:checked + .switch--dot-darken5::after {
  background-color: rgba(0, 0, 0, 0.10) !important;
}
  
.switch.color-darken10:hover {
  border-color: rgba(0, 0, 0, 0.25) !important;
}

.switch.color-darken10.is-active,
input:checked + .switch.color-darken10,
input:not(:checked) + .switch.color-darken10:hover::after,
:not(input) + .switch.color-darken10:not(.is-active):hover::after,
.switch--dot-darken10.is-active::after,
input:checked + .switch--dot-darken10::after {
  background-color: rgba(0, 0, 0, 0.25) !important;
}
  
.switch.color-darken25:hover {
  border-color: rgba(0, 0, 0, 0.5) !important;
}

.switch.color-darken25.is-active,
input:checked + .switch.color-darken25,
input:not(:checked) + .switch.color-darken25:hover::after,
:not(input) + .switch.color-darken25:not(.is-active):hover::after,
.switch--dot-darken25.is-active::after,
input:checked + .switch--dot-darken25::after {
  background-color: rgba(0, 0, 0, 0.5) !important;
}
  
.switch.color-darken50:hover {
  border-color: rgba(0, 0, 0, 0.75) !important;
}

.switch.color-darken50.is-active,
input:checked + .switch.color-darken50,
input:not(:checked) + .switch.color-darken50:hover::after,
:not(input) + .switch.color-darken50:not(.is-active):hover::after,
.switch--dot-darken50.is-active::after,
input:checked + .switch--dot-darken50::after {
  background-color: rgba(0, 0, 0, 0.75) !important;
}
  
.switch.color-darken75:hover {
  border-color: #000 !important;
}

.switch.color-darken75.is-active,
input:checked + .switch.color-darken75,
input:not(:checked) + .switch.color-darken75:hover::after,
:not(input) + .switch.color-darken75:not(.is-active):hover::after,
.switch--dot-darken75.is-active::after,
input:checked + .switch--dot-darken75::after {
  background-color: #000 !important;
}
  
.switch.color-lighten5:hover {
  border-color: rgba(255, 255, 255, 0.1) !important;
}

.switch.color-lighten5.is-active,
input:checked + .switch.color-lighten5,
input:not(:checked) + .switch.color-lighten5:hover::after,
:not(input) + .switch.color-lighten5:not(.is-active):hover::after,
.switch--dot-lighten5.is-active::after,
input:checked + .switch--dot-lighten5::after {
  background-color: rgba(255, 255, 255, 0.1) !important;
}
  
.switch.color-lighten10:hover {
  border-color: rgba(255, 255, 255, 0.25) !important;
}

.switch.color-lighten10.is-active,
input:checked + .switch.color-lighten10,
input:not(:checked) + .switch.color-lighten10:hover::after,
:not(input) + .switch.color-lighten10:not(.is-active):hover::after,
.switch--dot-lighten10.is-active::after,
input:checked + .switch--dot-lighten10::after {
  background-color: rgba(255, 255, 255, 0.25) !important;
}
  
.switch.color-lighten25:hover {
  border-color: rgba(255, 255, 255, 0.5) !important;
}

.switch.color-lighten25.is-active,
input:checked + .switch.color-lighten25,
input:not(:checked) + .switch.color-lighten25:hover::after,
:not(input) + .switch.color-lighten25:not(.is-active):hover::after,
.switch--dot-lighten25.is-active::after,
input:checked + .switch--dot-lighten25::after {
  background-color: rgba(255, 255, 255, 0.5) !important;
}
  
.switch.color-lighten50:hover {
  border-color: rgba(255, 255, 255, 0.75) !important;
}

.switch.color-lighten50.is-active,
input:checked + .switch.color-lighten50,
input:not(:checked) + .switch.color-lighten50:hover::after,
:not(input) + .switch.color-lighten50:not(.is-active):hover::after,
.switch--dot-lighten50.is-active::after,
input:checked + .switch--dot-lighten50::after {
  background-color: rgba(255, 255, 255, 0.75) !important;
}
  
.switch.color-lighten75:hover {
  border-color: #fff !important;
}

.switch.color-lighten75.is-active,
input:checked + .switch.color-lighten75,
input:not(:checked) + .switch.color-lighten75:hover::after,
:not(input) + .switch.color-lighten75:not(.is-active):hover::after,
.switch--dot-lighten75.is-active::after,
input:checked + .switch--dot-lighten75::after {
  background-color: #fff !important;
}
  
.switch.color-white:hover {
  border-color: gray-faint !important;
}

.switch.color-white.is-active,
input:checked + .switch.color-white,
input:not(:checked) + .switch.color-white:hover::after,
:not(input) + .switch.color-white:not(.is-active):hover::after,
.switch--dot-white.is-active::after,
input:checked + .switch--dot-white::after {
  background-color: gray-faint !important;
}
  
.toggle--gray {
  color: #666 !important;
}

input:not(:checked) + .toggle.toggle--gray:not(.is-active):hover,
:not(input) + .toggle.toggle--gray:not(.is-active):hover {
  color: #333 !important;
}

.toggle.toggle--gray.is-active,
input:checked + .toggle.toggle--gray {
  background: #666 !important;
  color: #fff !important;
}
  
.toggle--gray-light {
  color: #ccc !important;
}

input:not(:checked) + .toggle.toggle--gray-light:not(.is-active):hover,
:not(input) + .toggle.toggle--gray-light:not(.is-active):hover {
  color: #666 !important;
}

.toggle.toggle--gray-light.is-active,
input:checked + .toggle.toggle--gray-light {
  background: #ccc !important;
  color: #fff !important;
}
  
.toggle--gray-faint {
  color: #f0f0f0 !important;
}

input:not(:checked) + .toggle.toggle--gray-faint:not(.is-active):hover,
:not(input) + .toggle.toggle--gray-faint:not(.is-active):hover {
  color: #ccc !important;
}

.toggle.toggle--gray-faint.is-active,
input:checked + .toggle.toggle--gray-faint {
  background: #f0f0f0 !important;
  color: #fff !important;
}
  
.toggle--pink {
  color: #ff3c96 !important;
}

input:not(:checked) + .toggle.toggle--pink:not(.is-active):hover,
:not(input) + .toggle.toggle--pink:not(.is-active):hover {
  color: #C8145A !important;
}

.toggle.toggle--pink.is-active,
input:checked + .toggle.toggle--pink {
  background: #ff3c96 !important;
  color: #fff !important;
}
  
.toggle--pink-light {
  color: #FF88C0 !important;
}

input:not(:checked) + .toggle.toggle--pink-light:not(.is-active):hover,
:not(input) + .toggle.toggle--pink-light:not(.is-active):hover {
  color: #ff3c96 !important;
}

.toggle.toggle--pink-light.is-active,
input:checked + .toggle.toggle--pink-light {
  background: #FF88C0 !important;
  color: #fff !important;
}
  
.toggle--pink-faint {
  color: #ffdbed !important;
}

input:not(:checked) + .toggle.toggle--pink-faint:not(.is-active):hover,
:not(input) + .toggle.toggle--pink-faint:not(.is-active):hover {
  color: #FF88C0 !important;
}

.toggle.toggle--pink-faint.is-active,
input:checked + .toggle.toggle--pink-faint {
  background: #ffdbed !important;
  color: #fff !important;
}
  
.toggle--red {
  color: #dc2b28 !important;
}

input:not(:checked) + .toggle.toggle--red:not(.is-active):hover,
:not(input) + .toggle.toggle--red:not(.is-active):hover {
  color: #BE0014 !important;
}

.toggle.toggle--red.is-active,
input:checked + .toggle.toggle--red {
  background: #dc2b28 !important;
  color: #fff !important;
}
  
.toggle--red-light {
  color: #FF8280 !important;
}

input:not(:checked) + .toggle.toggle--red-light:not(.is-active):hover,
:not(input) + .toggle.toggle--red-light:not(.is-active):hover {
  color: #dc2b28 !important;
}

.toggle.toggle--red-light.is-active,
input:checked + .toggle.toggle--red-light {
  background: #FF8280 !important;
  color: #fff !important;
}
  
.toggle--red-faint {
  color: #ffdad9 !important;
}

input:not(:checked) + .toggle.toggle--red-faint:not(.is-active):hover,
:not(input) + .toggle.toggle--red-faint:not(.is-active):hover {
  color: #FF8280 !important;
}

.toggle.toggle--red-faint.is-active,
input:checked + .toggle.toggle--red-faint {
  background: #ffdad9 !important;
  color: #fff !important;
}
  
.toggle--orange {
  color: #ff6e00 !important;
}

input:not(:checked) + .toggle.toggle--orange:not(.is-active):hover,
:not(input) + .toggle.toggle--orange:not(.is-active):hover {
  color: #DC4600 !important;
}

.toggle.toggle--orange.is-active,
input:checked + .toggle.toggle--orange {
  background: #ff6e00 !important;
  color: #fff !important;
}
  
.toggle--orange-light {
  color: #FFA950 !important;
}

input:not(:checked) + .toggle.toggle--orange-light:not(.is-active):hover,
:not(input) + .toggle.toggle--orange-light:not(.is-active):hover {
  color: #ff6e00 !important;
}

.toggle.toggle--orange-light.is-active,
input:checked + .toggle.toggle--orange-light {
  background: #FFA950 !important;
  color: #fff !important;
}
  
.toggle--orange-faint {
  color: #FFE5CB !important;
}

input:not(:checked) + .toggle.toggle--orange-faint:not(.is-active):hover,
:not(input) + .toggle.toggle--orange-faint:not(.is-active):hover {
  color: #FFA950 !important;
}

.toggle.toggle--orange-faint.is-active,
input:checked + .toggle.toggle--orange-faint {
  background: #FFE5CB !important;
  color: #fff !important;
}
  
.toggle--yellow {
  color: #f0dc00 !important;
}

input:not(:checked) + .toggle.toggle--yellow:not(.is-active):hover,
:not(input) + .toggle.toggle--yellow:not(.is-active):hover {
  color: #FFBD0A !important;
}

.toggle.toggle--yellow.is-active,
input:checked + .toggle.toggle--yellow {
  background: #f0dc00 !important;
  color: #fff !important;
}
  
.toggle--yellow-light {
  color: #F0F062 !important;
}

input:not(:checked) + .toggle.toggle--yellow-light:not(.is-active):hover,
:not(input) + .toggle.toggle--yellow-light:not(.is-active):hover {
  color: #f0dc00 !important;
}

.toggle.toggle--yellow-light.is-active,
input:checked + .toggle.toggle--yellow-light {
  background: #F0F062 !important;
  color: #fff !important;
}
  
.toggle--yellow-faint {
  color: #fafbd1 !important;
}

input:not(:checked) + .toggle.toggle--yellow-faint:not(.is-active):hover,
:not(input) + .toggle.toggle--yellow-faint:not(.is-active):hover {
  color: #F0F062 !important;
}

.toggle.toggle--yellow-faint.is-active,
input:checked + .toggle.toggle--yellow-faint {
  background: #fafbd1 !important;
  color: #fff !important;
}
  
.toggle--green {
  color: #01aa46 !important;
}

input:not(:checked) + .toggle.toggle--green:not(.is-active):hover,
:not(input) + .toggle.toggle--green:not(.is-active):hover {
  color: #007532 !important;
}

.toggle.toggle--green.is-active,
input:checked + .toggle.toggle--green {
  background: #01aa46 !important;
  color: #fff !important;
}
  
.toggle--green-light {
  color: #72C781 !important;
}

input:not(:checked) + .toggle.toggle--green-light:not(.is-active):hover,
:not(input) + .toggle.toggle--green-light:not(.is-active):hover {
  color: #01aa46 !important;
}

.toggle.toggle--green-light.is-active,
input:checked + .toggle.toggle--green-light {
  background: #72C781 !important;
  color: #fff !important;
}
  
.toggle--green-faint {
  color: #d4edda !important;
}

input:not(:checked) + .toggle.toggle--green-faint:not(.is-active):hover,
:not(input) + .toggle.toggle--green-faint:not(.is-active):hover {
  color: #72C781 !important;
}

.toggle.toggle--green-faint.is-active,
input:checked + .toggle.toggle--green-faint {
  background: #d4edda !important;
  color: #fff !important;
}
  
.toggle--teal {
  color: #01b5b4 !important;
}

input:not(:checked) + .toggle.toggle--teal:not(.is-active):hover,
:not(input) + .toggle.toggle--teal:not(.is-active):hover {
  color: #00626E !important;
}

.toggle.toggle--teal.is-active,
input:checked + .toggle.toggle--teal {
  background: #01b5b4 !important;
  color: #fff !important;
}
  
.toggle--teal-light {
  color: #50D2D2 !important;
}

input:not(:checked) + .toggle.toggle--teal-light:not(.is-active):hover,
:not(input) + .toggle.toggle--teal-light:not(.is-active):hover {
  color: #01b5b4 !important;
}

.toggle.toggle--teal-light.is-active,
input:checked + .toggle.toggle--teal-light {
  background: #50D2D2 !important;
  color: #fff !important;
}
  
.toggle--teal-faint {
  color: #cbf2f1 !important;
}

input:not(:checked) + .toggle.toggle--teal-faint:not(.is-active):hover,
:not(input) + .toggle.toggle--teal-faint:not(.is-active):hover {
  color: #50D2D2 !important;
}

.toggle.toggle--teal-faint.is-active,
input:checked + .toggle.toggle--teal-faint {
  background: #cbf2f1 !important;
  color: #fff !important;
}
  
.toggle--blue {
  color: #0065fb !important;
}

input:not(:checked) + .toggle.toggle--blue:not(.is-active):hover,
:not(input) + .toggle.toggle--blue:not(.is-active):hover {
  color: #0014AA !important;
}

.toggle.toggle--blue.is-active,
input:checked + .toggle.toggle--blue {
  background: #0065fb !important;
  color: #fff !important;
}
  
.toggle--blue-light {
  color: #00B1FF !important;
}

input:not(:checked) + .toggle.toggle--blue-light:not(.is-active):hover,
:not(input) + .toggle.toggle--blue-light:not(.is-active):hover {
  color: #0065fb !important;
}

.toggle.toggle--blue-light.is-active,
input:checked + .toggle.toggle--blue-light {
  background: #00B1FF !important;
  color: #fff !important;
}
  
.toggle--blue-faint {
  color: #bae8ff !important;
}

input:not(:checked) + .toggle.toggle--blue-faint:not(.is-active):hover,
:not(input) + .toggle.toggle--blue-faint:not(.is-active):hover {
  color: #00B1FF !important;
}

.toggle.toggle--blue-faint.is-active,
input:checked + .toggle.toggle--blue-faint {
  background: #bae8ff !important;
  color: #fff !important;
}
  
.toggle--purple {
  color: #8c50c7 !important;
}

input:not(:checked) + .toggle.toggle--purple:not(.is-active):hover,
:not(input) + .toggle.toggle--purple:not(.is-active):hover {
  color: #500078 !important;
}

.toggle.toggle--purple.is-active,
input:checked + .toggle.toggle--purple {
  background: #8c50c7 !important;
  color: #fff !important;
}
  
.toggle--purple-light {
  color: #C299E3 !important;
}

input:not(:checked) + .toggle.toggle--purple-light:not(.is-active):hover,
:not(input) + .toggle.toggle--purple-light:not(.is-active):hover {
  color: #8c50c7 !important;
}

.toggle.toggle--purple-light.is-active,
input:checked + .toggle.toggle--purple-light {
  background: #C299E3 !important;
  color: #fff !important;
}
  
.toggle--purple-faint {
  color: #ede1f6 !important;
}

input:not(:checked) + .toggle.toggle--purple-faint:not(.is-active):hover,
:not(input) + .toggle.toggle--purple-faint:not(.is-active):hover {
  color: #C299E3 !important;
}

.toggle.toggle--purple-faint.is-active,
input:checked + .toggle.toggle--purple-faint {
  background: #ede1f6 !important;
  color: #fff !important;
}
  
.toggle--darken5 {
  color: rgba(0, 0, 0, 0.05) !important;
}

input:not(:checked) + .toggle.toggle--darken5:not(.is-active):hover,
:not(input) + .toggle.toggle--darken5:not(.is-active):hover {
  color: rgba(0, 0, 0, 0.10) !important;
}

.toggle.toggle--darken5.is-active,
input:checked + .toggle.toggle--darken5 {
  background: rgba(0, 0, 0, 0.05) !important;
  color: #fff !important;
}
  
.toggle--darken10 {
  color: rgba(0, 0, 0, 0.10) !important;
}

input:not(:checked) + .toggle.toggle--darken10:not(.is-active):hover,
:not(input) + .toggle.toggle--darken10:not(.is-active):hover {
  color: rgba(0, 0, 0, 0.25) !important;
}

.toggle.toggle--darken10.is-active,
input:checked + .toggle.toggle--darken10 {
  background: rgba(0, 0, 0, 0.10) !important;
  color: #fff !important;
}
  
.toggle--darken25 {
  color: rgba(0, 0, 0, 0.25) !important;
}

input:not(:checked) + .toggle.toggle--darken25:not(.is-active):hover,
:not(input) + .toggle.toggle--darken25:not(.is-active):hover {
  color: rgba(0, 0, 0, 0.5) !important;
}

.toggle.toggle--darken25.is-active,
input:checked + .toggle.toggle--darken25 {
  background: rgba(0, 0, 0, 0.25) !important;
  color: #fff !important;
}
  
.toggle--darken50 {
  color: rgba(0, 0, 0, 0.5) !important;
}

input:not(:checked) + .toggle.toggle--darken50:not(.is-active):hover,
:not(input) + .toggle.toggle--darken50:not(.is-active):hover {
  color: rgba(0, 0, 0, 0.75) !important;
}

.toggle.toggle--darken50.is-active,
input:checked + .toggle.toggle--darken50 {
  background: rgba(0, 0, 0, 0.5) !important;
  color: #fff !important;
}
  
.toggle--darken75 {
  color: rgba(0, 0, 0, 0.75) !important;
}

input:not(:checked) + .toggle.toggle--darken75:not(.is-active):hover,
:not(input) + .toggle.toggle--darken75:not(.is-active):hover {
  color: #000 !important;
}

.toggle.toggle--darken75.is-active,
input:checked + .toggle.toggle--darken75 {
  background: rgba(0, 0, 0, 0.75) !important;
  color: #fff !important;
}
  
.toggle--lighten5 {
  color: rgba(255, 255, 255, 0.05) !important;
}

input:not(:checked) + .toggle.toggle--lighten5:not(.is-active):hover,
:not(input) + .toggle.toggle--lighten5:not(.is-active):hover {
  color: rgba(255, 255, 255, 0.1) !important;
}

.toggle.toggle--lighten5.is-active,
input:checked + .toggle.toggle--lighten5 {
  background: rgba(255, 255, 255, 0.05) !important;
  color: #fff !important;
}
  
.toggle--lighten10 {
  color: rgba(255, 255, 255, 0.1) !important;
}

input:not(:checked) + .toggle.toggle--lighten10:not(.is-active):hover,
:not(input) + .toggle.toggle--lighten10:not(.is-active):hover {
  color: rgba(255, 255, 255, 0.25) !important;
}

.toggle.toggle--lighten10.is-active,
input:checked + .toggle.toggle--lighten10 {
  background: rgba(255, 255, 255, 0.1) !important;
  color: #fff !important;
}
  
.toggle--lighten25 {
  color: rgba(255, 255, 255, 0.25) !important;
}

input:not(:checked) + .toggle.toggle--lighten25:not(.is-active):hover,
:not(input) + .toggle.toggle--lighten25:not(.is-active):hover {
  color: rgba(255, 255, 255, 0.5) !important;
}

.toggle.toggle--lighten25.is-active,
input:checked + .toggle.toggle--lighten25 {
  background: rgba(255, 255, 255, 0.25) !important;
  color: #fff !important;
}
  
.toggle--lighten50 {
  color: rgba(255, 255, 255, 0.5) !important;
}

input:not(:checked) + .toggle.toggle--lighten50:not(.is-active):hover,
:not(input) + .toggle.toggle--lighten50:not(.is-active):hover {
  color: rgba(255, 255, 255, 0.75) !important;
}

.toggle.toggle--lighten50.is-active,
input:checked + .toggle.toggle--lighten50 {
  background: rgba(255, 255, 255, 0.5) !important;
  color: #fff !important;
}
  
.toggle--lighten75 {
  color: rgba(255, 255, 255, 0.75) !important;
}

input:not(:checked) + .toggle.toggle--lighten75:not(.is-active):hover,
:not(input) + .toggle.toggle--lighten75:not(.is-active):hover {
  color: #fff !important;
}

.toggle.toggle--lighten75.is-active,
input:checked + .toggle.toggle--lighten75 {
  background: rgba(255, 255, 255, 0.75) !important;
  color: #fff !important;
}
  
.toggle--white {
  color: #fff !important;
}

input:not(:checked) + .toggle.toggle--white:not(.is-active):hover,
:not(input) + .toggle.toggle--white:not(.is-active):hover {
  color: gray-faint !important;
}

.toggle.toggle--white.is-active,
input:checked + .toggle.toggle--white {
  background: #fff !important;
  color: #fff !important;
}
  
.txt-link.color-gray:hover,
.txt-link.color-gray.is-active {
  color: #333 !important;
}
  
.txt-link.color-gray-light:hover,
.txt-link.color-gray-light.is-active {
  color: #666 !important;
}
  
.txt-link.color-gray-faint:hover,
.txt-link.color-gray-faint.is-active {
  color: #ccc !important;
}
  
.txt-link.color-pink:hover,
.txt-link.color-pink.is-active {
  color: #C8145A !important;
}
  
.txt-link.color-pink-light:hover,
.txt-link.color-pink-light.is-active {
  color: #ff3c96 !important;
}
  
.txt-link.color-pink-faint:hover,
.txt-link.color-pink-faint.is-active {
  color: #FF88C0 !important;
}
  
.txt-link.color-red:hover,
.txt-link.color-red.is-active {
  color: #BE0014 !important;
}
  
.txt-link.color-red-light:hover,
.txt-link.color-red-light.is-active {
  color: #dc2b28 !important;
}
  
.txt-link.color-red-faint:hover,
.txt-link.color-red-faint.is-active {
  color: #FF8280 !important;
}
  
.txt-link.color-orange:hover,
.txt-link.color-orange.is-active {
  color: #DC4600 !important;
}
  
.txt-link.color-orange-light:hover,
.txt-link.color-orange-light.is-active {
  color: #ff6e00 !important;
}
  
.txt-link.color-orange-faint:hover,
.txt-link.color-orange-faint.is-active {
  color: #FFA950 !important;
}
  
.txt-link.color-yellow:hover,
.txt-link.color-yellow.is-active {
  color: #FFBD0A !important;
}
  
.txt-link.color-yellow-light:hover,
.txt-link.color-yellow-light.is-active {
  color: #f0dc00 !important;
}
  
.txt-link.color-yellow-faint:hover,
.txt-link.color-yellow-faint.is-active {
  color: #F0F062 !important;
}
  
.txt-link.color-green:hover,
.txt-link.color-green.is-active {
  color: #007532 !important;
}
  
.txt-link.color-green-light:hover,
.txt-link.color-green-light.is-active {
  color: #01aa46 !important;
}
  
.txt-link.color-green-faint:hover,
.txt-link.color-green-faint.is-active {
  color: #72C781 !important;
}
  
.txt-link.color-teal:hover,
.txt-link.color-teal.is-active {
  color: #00626E !important;
}
  
.txt-link.color-teal-light:hover,
.txt-link.color-teal-light.is-active {
  color: #01b5b4 !important;
}
  
.txt-link.color-teal-faint:hover,
.txt-link.color-teal-faint.is-active {
  color: #50D2D2 !important;
}
  
.txt-link.color-blue:hover,
.txt-link.color-blue.is-active {
  color: #0014AA !important;
}
  
.txt-link.color-blue-light:hover,
.txt-link.color-blue-light.is-active {
  color: #0065fb !important;
}
  
.txt-link.color-blue-faint:hover,
.txt-link.color-blue-faint.is-active {
  color: #00B1FF !important;
}
  
.txt-link.color-purple:hover,
.txt-link.color-purple.is-active {
  color: #500078 !important;
}
  
.txt-link.color-purple-light:hover,
.txt-link.color-purple-light.is-active {
  color: #8c50c7 !important;
}
  
.txt-link.color-purple-faint:hover,
.txt-link.color-purple-faint.is-active {
  color: #C299E3 !important;
}
  
.txt-link.color-darken5:hover,
.txt-link.color-darken5.is-active {
  color: rgba(0, 0, 0, 0.10) !important;
}
  
.txt-link.color-darken10:hover,
.txt-link.color-darken10.is-active {
  color: rgba(0, 0, 0, 0.25) !important;
}
  
.txt-link.color-darken25:hover,
.txt-link.color-darken25.is-active {
  color: rgba(0, 0, 0, 0.5) !important;
}
  
.txt-link.color-darken50:hover,
.txt-link.color-darken50.is-active {
  color: rgba(0, 0, 0, 0.75) !important;
}
  
.txt-link.color-darken75:hover,
.txt-link.color-darken75.is-active {
  color: #000 !important;
}
  
.txt-link.color-lighten5:hover,
.txt-link.color-lighten5.is-active {
  color: rgba(255, 255, 255, 0.1) !important;
}
  
.txt-link.color-lighten10:hover,
.txt-link.color-lighten10.is-active {
  color: rgba(255, 255, 255, 0.25) !important;
}
  
.txt-link.color-lighten25:hover,
.txt-link.color-lighten25.is-active {
  color: rgba(255, 255, 255, 0.5) !important;
}
  
.txt-link.color-lighten50:hover,
.txt-link.color-lighten50.is-active {
  color: rgba(255, 255, 255, 0.75) !important;
}
  
.txt-link.color-lighten75:hover,
.txt-link.color-lighten75.is-active {
  color: #fff !important;
}
  
.txt-link.color-white:hover,
.txt-link.color-white.is-active {
  color: gray-faint !important;
}
  
.border--gray-dark {
  border-color: #333 !important;
}
  
.border--gray {
  border-color: #666 !important;
}
  
.border--gray-light {
  border-color: #ccc !important;
}
  
.border--gray-faint {
  border-color: #f0f0f0 !important;
}
  
.border--pink-dark {
  border-color: #C8145A !important;
}
  
.border--pink {
  border-color: #ff3c96 !important;
}
  
.border--pink-light {
  border-color: #FF88C0 !important;
}
  
.border--pink-faint {
  border-color: #ffdbed !important;
}
  
.border--red-dark {
  border-color: #BE0014 !important;
}
  
.border--red {
  border-color: #dc2b28 !important;
}
  
.border--red-light {
  border-color: #FF8280 !important;
}
  
.border--red-faint {
  border-color: #ffdad9 !important;
}
  
.border--orange-dark {
  border-color: #DC4600 !important;
}
  
.border--orange {
  border-color: #ff6e00 !important;
}
  
.border--orange-light {
  border-color: #FFA950 !important;
}
  
.border--orange-faint {
  border-color: #FFE5CB !important;
}
  
.border--yellow-dark {
  border-color: #FFBD0A !important;
}
  
.border--yellow {
  border-color: #f0dc00 !important;
}
  
.border--yellow-light {
  border-color: #F0F062 !important;
}
  
.border--yellow-faint {
  border-color: #fafbd1 !important;
}
  
.border--green-dark {
  border-color: #007532 !important;
}
  
.border--green {
  border-color: #01aa46 !important;
}
  
.border--green-light {
  border-color: #72C781 !important;
}
  
.border--green-faint {
  border-color: #d4edda !important;
}
  
.border--teal-dark {
  border-color: #00626E !important;
}
  
.border--teal {
  border-color: #01b5b4 !important;
}
  
.border--teal-light {
  border-color: #50D2D2 !important;
}
  
.border--teal-faint {
  border-color: #cbf2f1 !important;
}
  
.border--blue-dark {
  border-color: #0014AA !important;
}
  
.border--blue {
  border-color: #0065fb !important;
}
  
.border--blue-light {
  border-color: #00B1FF !important;
}
  
.border--blue-faint {
  border-color: #bae8ff !important;
}
  
.border--purple-dark {
  border-color: #500078 !important;
}
  
.border--purple {
  border-color: #8c50c7 !important;
}
  
.border--purple-light {
  border-color: #C299E3 !important;
}
  
.border--purple-faint {
  border-color: #ede1f6 !important;
}
  
.border--darken5 {
  border-color: rgba(0, 0, 0, 0.05) !important;
}
  
.border--darken10 {
  border-color: rgba(0, 0, 0, 0.10) !important;
}
  
.border--darken25 {
  border-color: rgba(0, 0, 0, 0.25) !important;
}
  
.border--darken50 {
  border-color: rgba(0, 0, 0, 0.5) !important;
}
  
.border--darken75 {
  border-color: rgba(0, 0, 0, 0.75) !important;
}
  
.border--lighten5 {
  border-color: rgba(255, 255, 255, 0.05) !important;
}
  
.border--lighten10 {
  border-color: rgba(255, 255, 255, 0.1) !important;
}
  
.border--lighten25 {
  border-color: rgba(255, 255, 255, 0.25) !important;
}
  
.border--lighten50 {
  border-color: rgba(255, 255, 255, 0.5) !important;
}
  
.border--lighten75 {
  border-color: rgba(255, 255, 255, 0.75) !important;
}
  
.border--white {
  border-color: #fff !important;
}
  
.border--black {
  border-color: #000 !important;
}
  
.hover-shadow-darken5:hover {
  box-shadow: 0 0 10px 2px rgba(0, 0, 0, 0.05) !important;
}
.hover-shadow-darken5-bold:hover {
  box-shadow: 0 0 20px 2px rgba(0, 0, 0, 0.05) !important;
}
  
.hover-shadow-darken10:hover {
  box-shadow: 0 0 10px 2px rgba(0, 0, 0, 0.10) !important;
}
.hover-shadow-darken10-bold:hover {
  box-shadow: 0 0 20px 2px rgba(0, 0, 0, 0.10) !important;
}
  
.hover-shadow-darken25:hover {
  box-shadow: 0 0 10px 2px rgba(0, 0, 0, 0.25) !important;
}
.hover-shadow-darken25-bold:hover {
  box-shadow: 0 0 20px 2px rgba(0, 0, 0, 0.25) !important;
}
  
.hover-shadow-darken50:hover {
  box-shadow: 0 0 10px 2px rgba(0, 0, 0, 0.5) !important;
}
.hover-shadow-darken50-bold:hover {
  box-shadow: 0 0 20px 2px rgba(0, 0, 0, 0.5) !important;
}
  
.hover-shadow-darken75:hover {
  box-shadow: 0 0 10px 2px rgba(0, 0, 0, 0.75) !important;
}
.hover-shadow-darken75-bold:hover {
  box-shadow: 0 0 20px 2px rgba(0, 0, 0, 0.75) !important;
}
  
.hover-shadow-lighten5:hover {
  box-shadow: 0 0 10px 2px rgba(255, 255, 255, 0.05) !important;
}
.hover-shadow-lighten5-bold:hover {
  box-shadow: 0 0 20px 2px rgba(255, 255, 255, 0.05) !important;
}
  
.hover-shadow-lighten10:hover {
  box-shadow: 0 0 10px 2px rgba(255, 255, 255, 0.1) !important;
}
.hover-shadow-lighten10-bold:hover {
  box-shadow: 0 0 20px 2px rgba(255, 255, 255, 0.1) !important;
}
  
.hover-shadow-lighten25:hover {
  box-shadow: 0 0 10px 2px rgba(255, 255, 255, 0.25) !important;
}
.hover-shadow-lighten25-bold:hover {
  box-shadow: 0 0 20px 2px rgba(255, 255, 255, 0.25) !important;
}
  
.hover-shadow-lighten50:hover {
  box-shadow: 0 0 10px 2px rgba(255, 255, 255, 0.5) !important;
}
.hover-shadow-lighten50-bold:hover {
  box-shadow: 0 0 20px 2px rgba(255, 255, 255, 0.5) !important;
}
  
.hover-shadow-lighten75:hover {
  box-shadow: 0 0 10px 2px rgba(255, 255, 255, 0.75) !important;
}
.hover-shadow-lighten75-bold:hover {
  box-shadow: 0 0 20px 2px rgba(255, 255, 255, 0.75) !important;
}
  
.hover-bg-gray-dark:hover {
  background-color: #333 !important;
}
  
.hover-bg-gray:hover {
  background-color: #666 !important;
}
  
.hover-bg-gray-light:hover {
  background-color: #ccc !important;
}
  
.hover-bg-gray-faint:hover {
  background-color: #f0f0f0 !important;
}
  
.hover-bg-pink-dark:hover {
  background-color: #C8145A !important;
}
  
.hover-bg-pink:hover {
  background-color: #ff3c96 !important;
}
  
.hover-bg-pink-light:hover {
  background-color: #FF88C0 !important;
}
  
.hover-bg-pink-faint:hover {
  background-color: #ffdbed !important;
}
  
.hover-bg-red-dark:hover {
  background-color: #BE0014 !important;
}
  
.hover-bg-red:hover {
  background-color: #dc2b28 !important;
}
  
.hover-bg-red-light:hover {
  background-color: #FF8280 !important;
}
  
.hover-bg-red-faint:hover {
  background-color: #ffdad9 !important;
}
  
.hover-bg-orange-dark:hover {
  background-color: #DC4600 !important;
}
  
.hover-bg-orange:hover {
  background-color: #ff6e00 !important;
}
  
.hover-bg-orange-light:hover {
  background-color: #FFA950 !important;
}
  
.hover-bg-orange-faint:hover {
  background-color: #FFE5CB !important;
}
  
.hover-bg-yellow-dark:hover {
  background-color: #FFBD0A !important;
}
  
.hover-bg-yellow:hover {
  background-color: #f0dc00 !important;
}
  
.hover-bg-yellow-light:hover {
  background-color: #F0F062 !important;
}
  
.hover-bg-yellow-faint:hover {
  background-color: #fafbd1 !important;
}
  
.hover-bg-green-dark:hover {
  background-color: #007532 !important;
}
  
.hover-bg-green:hover {
  background-color: #01aa46 !important;
}
  
.hover-bg-green-light:hover {
  background-color: #72C781 !important;
}
  
.hover-bg-green-faint:hover {
  background-color: #d4edda !important;
}
  
.hover-bg-teal-dark:hover {
  background-color: #00626E !important;
}
  
.hover-bg-teal:hover {
  background-color: #01b5b4 !important;
}
  
.hover-bg-teal-light:hover {
  background-color: #50D2D2 !important;
}
  
.hover-bg-teal-faint:hover {
  background-color: #cbf2f1 !important;
}
  
.hover-bg-blue-dark:hover {
  background-color: #0014AA !important;
}
  
.hover-bg-blue:hover {
  background-color: #0065fb !important;
}
  
.hover-bg-blue-light:hover {
  background-color: #00B1FF !important;
}
  
.hover-bg-blue-faint:hover {
  background-color: #bae8ff !important;
}
  
.hover-bg-purple-dark:hover {
  background-color: #500078 !important;
}
  
.hover-bg-purple:hover {
  background-color: #8c50c7 !important;
}
  
.hover-bg-purple-light:hover {
  background-color: #C299E3 !important;
}
  
.hover-bg-purple-faint:hover {
  background-color: #ede1f6 !important;
}
  
.hover-bg-darken5:hover {
  background-color: rgba(0, 0, 0, 0.05) !important;
}
  
.hover-bg-darken10:hover {
  background-color: rgba(0, 0, 0, 0.10) !important;
}
  
.hover-bg-darken25:hover {
  background-color: rgba(0, 0, 0, 0.25) !important;
}
  
.hover-bg-darken50:hover {
  background-color: rgba(0, 0, 0, 0.5) !important;
}
  
.hover-bg-darken75:hover {
  background-color: rgba(0, 0, 0, 0.75) !important;
}
  
.hover-bg-lighten5:hover {
  background-color: rgba(255, 255, 255, 0.05) !important;
}
  
.hover-bg-lighten10:hover {
  background-color: rgba(255, 255, 255, 0.1) !important;
}
  
.hover-bg-lighten25:hover {
  background-color: rgba(255, 255, 255, 0.25) !important;
}
  
.hover-bg-lighten50:hover {
  background-color: rgba(255, 255, 255, 0.5) !important;
}
  
.hover-bg-lighten75:hover {
  background-color: rgba(255, 255, 255, 0.75) !important;
}
  
.hover-bg-white:hover {
  background-color: #fff !important;
}
  
.hover-bg-black:hover {
  background-color: #000 !important;
}
  
.hover-color-gray-dark:hover {
  color: #333 !important;
}
  
.hover-color-gray:hover {
  color: #666 !important;
}
  
.hover-color-gray-light:hover {
  color: #ccc !important;
}
  
.hover-color-gray-faint:hover {
  color: #f0f0f0 !important;
}
  
.hover-color-pink-dark:hover {
  color: #C8145A !important;
}
  
.hover-color-pink:hover {
  color: #ff3c96 !important;
}
  
.hover-color-pink-light:hover {
  color: #FF88C0 !important;
}
  
.hover-color-pink-faint:hover {
  color: #ffdbed !important;
}
  
.hover-color-red-dark:hover {
  color: #BE0014 !important;
}
  
.hover-color-red:hover {
  color: #dc2b28 !important;
}
  
.hover-color-red-light:hover {
  color: #FF8280 !important;
}
  
.hover-color-red-faint:hover {
  color: #ffdad9 !important;
}
  
.hover-color-orange-dark:hover {
  color: #DC4600 !important;
}
  
.hover-color-orange:hover {
  color: #ff6e00 !important;
}
  
.hover-color-orange-light:hover {
  color: #FFA950 !important;
}
  
.hover-color-orange-faint:hover {
  color: #FFE5CB !important;
}
  
.hover-color-yellow-dark:hover {
  color: #FFBD0A !important;
}
  
.hover-color-yellow:hover {
  color: #f0dc00 !important;
}
  
.hover-color-yellow-light:hover {
  color: #F0F062 !important;
}
  
.hover-color-yellow-faint:hover {
  color: #fafbd1 !important;
}
  
.hover-color-green-dark:hover {
  color: #007532 !important;
}
  
.hover-color-green:hover {
  color: #01aa46 !important;
}
  
.hover-color-green-light:hover {
  color: #72C781 !important;
}
  
.hover-color-green-faint:hover {
  color: #d4edda !important;
}
  
.hover-color-teal-dark:hover {
  color: #00626E !important;
}
  
.hover-color-teal:hover {
  color: #01b5b4 !important;
}
  
.hover-color-teal-light:hover {
  color: #50D2D2 !important;
}
  
.hover-color-teal-faint:hover {
  color: #cbf2f1 !important;
}
  
.hover-color-blue-dark:hover {
  color: #0014AA !important;
}
  
.hover-color-blue:hover {
  color: #0065fb !important;
}
  
.hover-color-blue-light:hover {
  color: #00B1FF !important;
}
  
.hover-color-blue-faint:hover {
  color: #bae8ff !important;
}
  
.hover-color-purple-dark:hover {
  color: #500078 !important;
}
  
.hover-color-purple:hover {
  color: #8c50c7 !important;
}
  
.hover-color-purple-light:hover {
  color: #C299E3 !important;
}
  
.hover-color-purple-faint:hover {
  color: #ede1f6 !important;
}
  
.hover-color-darken5:hover {
  color: rgba(0, 0, 0, 0.05) !important;
}
  
.hover-color-darken10:hover {
  color: rgba(0, 0, 0, 0.10) !important;
}
  
.hover-color-darken25:hover {
  color: rgba(0, 0, 0, 0.25) !important;
}
  
.hover-color-darken50:hover {
  color: rgba(0, 0, 0, 0.5) !important;
}
  
.hover-color-darken75:hover {
  color: rgba(0, 0, 0, 0.75) !important;
}
  
.hover-color-lighten5:hover {
  color: rgba(255, 255, 255, 0.05) !important;
}
  
.hover-color-lighten10:hover {
  color: rgba(255, 255, 255, 0.1) !important;
}
  
.hover-color-lighten25:hover {
  color: rgba(255, 255, 255, 0.25) !important;
}
  
.hover-color-lighten50:hover {
  color: rgba(255, 255, 255, 0.5) !important;
}
  
.hover-color-lighten75:hover {
  color: rgba(255, 255, 255, 0.75) !important;
}
  
.hover-color-white:hover {
  color: #fff !important;
}
  
.hover-color-black:hover {
  color: #000 !important;
}
  
.active-color-gray-dark.is-active {
  color: #333 !important;
}
  
.active-color-gray.is-active {
  color: #666 !important;
}
  
.active-color-gray-light.is-active {
  color: #ccc !important;
}
  
.active-color-gray-faint.is-active {
  color: #f0f0f0 !important;
}
  
.active-color-pink-dark.is-active {
  color: #C8145A !important;
}
  
.active-color-pink.is-active {
  color: #ff3c96 !important;
}
  
.active-color-pink-light.is-active {
  color: #FF88C0 !important;
}
  
.active-color-pink-faint.is-active {
  color: #ffdbed !important;
}
  
.active-color-red-dark.is-active {
  color: #BE0014 !important;
}
  
.active-color-red.is-active {
  color: #dc2b28 !important;
}
  
.active-color-red-light.is-active {
  color: #FF8280 !important;
}
  
.active-color-red-faint.is-active {
  color: #ffdad9 !important;
}
  
.active-color-orange-dark.is-active {
  color: #DC4600 !important;
}
  
.active-color-orange.is-active {
  color: #ff6e00 !important;
}
  
.active-color-orange-light.is-active {
  color: #FFA950 !important;
}
  
.active-color-orange-faint.is-active {
  color: #FFE5CB !important;
}
  
.active-color-yellow-dark.is-active {
  color: #FFBD0A !important;
}
  
.active-color-yellow.is-active {
  color: #f0dc00 !important;
}
  
.active-color-yellow-light.is-active {
  color: #F0F062 !important;
}
  
.active-color-yellow-faint.is-active {
  color: #fafbd1 !important;
}
  
.active-color-green-dark.is-active {
  color: #007532 !important;
}
  
.active-color-green.is-active {
  color: #01aa46 !important;
}
  
.active-color-green-light.is-active {
  color: #72C781 !important;
}
  
.active-color-green-faint.is-active {
  color: #d4edda !important;
}
  
.active-color-teal-dark.is-active {
  color: #00626E !important;
}
  
.active-color-teal.is-active {
  color: #01b5b4 !important;
}
  
.active-color-teal-light.is-active {
  color: #50D2D2 !important;
}
  
.active-color-teal-faint.is-active {
  color: #cbf2f1 !important;
}
  
.active-color-blue-dark.is-active {
  color: #0014AA !important;
}
  
.active-color-blue.is-active {
  color: #0065fb !important;
}
  
.active-color-blue-light.is-active {
  color: #00B1FF !important;
}
  
.active-color-blue-faint.is-active {
  color: #bae8ff !important;
}
  
.active-color-purple-dark.is-active {
  color: #500078 !important;
}
  
.active-color-purple.is-active {
  color: #8c50c7 !important;
}
  
.active-color-purple-light.is-active {
  color: #C299E3 !important;
}
  
.active-color-purple-faint.is-active {
  color: #ede1f6 !important;
}
  
.active-color-darken5.is-active {
  color: rgba(0, 0, 0, 0.05) !important;
}
  
.active-color-darken10.is-active {
  color: rgba(0, 0, 0, 0.10) !important;
}
  
.active-color-darken25.is-active {
  color: rgba(0, 0, 0, 0.25) !important;
}
  
.active-color-darken50.is-active {
  color: rgba(0, 0, 0, 0.5) !important;
}
  
.active-color-darken75.is-active {
  color: rgba(0, 0, 0, 0.75) !important;
}
  
.active-color-lighten5.is-active {
  color: rgba(255, 255, 255, 0.05) !important;
}
  
.active-color-lighten10.is-active {
  color: rgba(255, 255, 255, 0.1) !important;
}
  
.active-color-lighten25.is-active {
  color: rgba(255, 255, 255, 0.25) !important;
}
  
.active-color-lighten50.is-active {
  color: rgba(255, 255, 255, 0.5) !important;
}
  
.active-color-lighten75.is-active {
  color: rgba(255, 255, 255, 0.75) !important;
}
  
.active-color-white.is-active {
  color: #fff !important;
}
  
.active-color-black.is-active {
  color: #000 !important;
}
  
.hover-border-gray-dark:hover {
  border-color: #333 !important;
}
  
.hover-border-gray:hover {
  border-color: #666 !important;
}
  
.hover-border-gray-light:hover {
  border-color: #ccc !important;
}
  
.hover-border-gray-faint:hover {
  border-color: #f0f0f0 !important;
}
  
.hover-border-pink-dark:hover {
  border-color: #C8145A !important;
}
  
.hover-border-pink:hover {
  border-color: #ff3c96 !important;
}
  
.hover-border-pink-light:hover {
  border-color: #FF88C0 !important;
}
  
.hover-border-pink-faint:hover {
  border-color: #ffdbed !important;
}
  
.hover-border-red-dark:hover {
  border-color: #BE0014 !important;
}
  
.hover-border-red:hover {
  border-color: #dc2b28 !important;
}
  
.hover-border-red-light:hover {
  border-color: #FF8280 !important;
}
  
.hover-border-red-faint:hover {
  border-color: #ffdad9 !important;
}
  
.hover-border-orange-dark:hover {
  border-color: #DC4600 !important;
}
  
.hover-border-orange:hover {
  border-color: #ff6e00 !important;
}
  
.hover-border-orange-light:hover {
  border-color: #FFA950 !important;
}
  
.hover-border-orange-faint:hover {
  border-color: #FFE5CB !important;
}
  
.hover-border-yellow-dark:hover {
  border-color: #FFBD0A !important;
}
  
.hover-border-yellow:hover {
  border-color: #f0dc00 !important;
}
  
.hover-border-yellow-light:hover {
  border-color: #F0F062 !important;
}
  
.hover-border-yellow-faint:hover {
  border-color: #fafbd1 !important;
}
  
.hover-border-green-dark:hover {
  border-color: #007532 !important;
}
  
.hover-border-green:hover {
  border-color: #01aa46 !important;
}
  
.hover-border-green-light:hover {
  border-color: #72C781 !important;
}
  
.hover-border-green-faint:hover {
  border-color: #d4edda !important;
}
  
.hover-border-teal-dark:hover {
  border-color: #00626E !important;
}
  
.hover-border-teal:hover {
  border-color: #01b5b4 !important;
}
  
.hover-border-teal-light:hover {
  border-color: #50D2D2 !important;
}
  
.hover-border-teal-faint:hover {
  border-color: #cbf2f1 !important;
}
  
.hover-border-blue-dark:hover {
  border-color: #0014AA !important;
}
  
.hover-border-blue:hover {
  border-color: #0065fb !important;
}
  
.hover-border-blue-light:hover {
  border-color: #00B1FF !important;
}
  
.hover-border-blue-faint:hover {
  border-color: #bae8ff !important;
}
  
.hover-border-purple-dark:hover {
  border-color: #500078 !important;
}
  
.hover-border-purple:hover {
  border-color: #8c50c7 !important;
}
  
.hover-border-purple-light:hover {
  border-color: #C299E3 !important;
}
  
.hover-border-purple-faint:hover {
  border-color: #ede1f6 !important;
}
  
.hover-border-darken5:hover {
  border-color: rgba(0, 0, 0, 0.05) !important;
}
  
.hover-border-darken10:hover {
  border-color: rgba(0, 0, 0, 0.10) !important;
}
  
.hover-border-darken25:hover {
  border-color: rgba(0, 0, 0, 0.25) !important;
}
  
.hover-border-darken50:hover {
  border-color: rgba(0, 0, 0, 0.5) !important;
}
  
.hover-border-darken75:hover {
  border-color: rgba(0, 0, 0, 0.75) !important;
}
  
.hover-border-lighten5:hover {
  border-color: rgba(255, 255, 255, 0.05) !important;
}
  
.hover-border-lighten10:hover {
  border-color: rgba(255, 255, 255, 0.1) !important;
}
  
.hover-border-lighten25:hover {
  border-color: rgba(255, 255, 255, 0.25) !important;
}
  
.hover-border-lighten50:hover {
  border-color: rgba(255, 255, 255, 0.5) !important;
}
  
.hover-border-lighten75:hover {
  border-color: rgba(255, 255, 255, 0.75) !important;
}
  
.hover-border-white:hover {
  border-color: #fff !important;
}
  
.hover-border-black:hover {
  border-color: #000 !important;
}
  
.active-bg-gray-dark.is-active {
  background-color: #333 !important;
}
  
.active-bg-gray.is-active {
  background-color: #666 !important;
}
  
.active-bg-gray-light.is-active {
  background-color: #ccc !important;
}
  
.active-bg-gray-faint.is-active {
  background-color: #f0f0f0 !important;
}
  
.active-bg-pink-dark.is-active {
  background-color: #C8145A !important;
}
  
.active-bg-pink.is-active {
  background-color: #ff3c96 !important;
}
  
.active-bg-pink-light.is-active {
  background-color: #FF88C0 !important;
}
  
.active-bg-pink-faint.is-active {
  background-color: #ffdbed !important;
}
  
.active-bg-red-dark.is-active {
  background-color: #BE0014 !important;
}
  
.active-bg-red.is-active {
  background-color: #dc2b28 !important;
}
  
.active-bg-red-light.is-active {
  background-color: #FF8280 !important;
}
  
.active-bg-red-faint.is-active {
  background-color: #ffdad9 !important;
}
  
.active-bg-orange-dark.is-active {
  background-color: #DC4600 !important;
}
  
.active-bg-orange.is-active {
  background-color: #ff6e00 !important;
}
  
.active-bg-orange-light.is-active {
  background-color: #FFA950 !important;
}
  
.active-bg-orange-faint.is-active {
  background-color: #FFE5CB !important;
}
  
.active-bg-yellow-dark.is-active {
  background-color: #FFBD0A !important;
}
  
.active-bg-yellow.is-active {
  background-color: #f0dc00 !important;
}
  
.active-bg-yellow-light.is-active {
  background-color: #F0F062 !important;
}
  
.active-bg-yellow-faint.is-active {
  background-color: #fafbd1 !important;
}
  
.active-bg-green-dark.is-active {
  background-color: #007532 !important;
}
  
.active-bg-green.is-active {
  background-color: #01aa46 !important;
}
  
.active-bg-green-light.is-active {
  background-color: #72C781 !important;
}
  
.active-bg-green-faint.is-active {
  background-color: #d4edda !important;
}
  
.active-bg-teal-dark.is-active {
  background-color: #00626E !important;
}
  
.active-bg-teal.is-active {
  background-color: #01b5b4 !important;
}
  
.active-bg-teal-light.is-active {
  background-color: #50D2D2 !important;
}
  
.active-bg-teal-faint.is-active {
  background-color: #cbf2f1 !important;
}
  
.active-bg-blue-dark.is-active {
  background-color: #0014AA !important;
}
  
.active-bg-blue.is-active {
  background-color: #0065fb !important;
}
  
.active-bg-blue-light.is-active {
  background-color: #00B1FF !important;
}
  
.active-bg-blue-faint.is-active {
  background-color: #bae8ff !important;
}
  
.active-bg-purple-dark.is-active {
  background-color: #500078 !important;
}
  
.active-bg-purple.is-active {
  background-color: #8c50c7 !important;
}
  
.active-bg-purple-light.is-active {
  background-color: #C299E3 !important;
}
  
.active-bg-purple-faint.is-active {
  background-color: #ede1f6 !important;
}
  
.active-bg-darken5.is-active {
  background-color: rgba(0, 0, 0, 0.05) !important;
}
  
.active-bg-darken10.is-active {
  background-color: rgba(0, 0, 0, 0.10) !important;
}
  
.active-bg-darken25.is-active {
  background-color: rgba(0, 0, 0, 0.25) !important;
}
  
.active-bg-darken50.is-active {
  background-color: rgba(0, 0, 0, 0.5) !important;
}
  
.active-bg-darken75.is-active {
  background-color: rgba(0, 0, 0, 0.75) !important;
}
  
.active-bg-lighten5.is-active {
  background-color: rgba(255, 255, 255, 0.05) !important;
}
  
.active-bg-lighten10.is-active {
  background-color: rgba(255, 255, 255, 0.1) !important;
}
  
.active-bg-lighten25.is-active {
  background-color: rgba(255, 255, 255, 0.25) !important;
}
  
.active-bg-lighten50.is-active {
  background-color: rgba(255, 255, 255, 0.5) !important;
}
  
.active-bg-lighten75.is-active {
  background-color: rgba(255, 255, 255, 0.75) !important;
}
  
.active-bg-white.is-active {
  background-color: #fff !important;
}
  
.active-bg-black.is-active {
  background-color: #000 !important;
}
  
.active-border-gray-dark.is-active {
  border-color: #333 !important;
}
  
.active-border-gray.is-active {
  border-color: #666 !important;
}
  
.active-border-gray-light.is-active {
  border-color: #ccc !important;
}
  
.active-border-gray-faint.is-active {
  border-color: #f0f0f0 !important;
}
  
.active-border-pink-dark.is-active {
  border-color: #C8145A !important;
}
  
.active-border-pink.is-active {
  border-color: #ff3c96 !important;
}
  
.active-border-pink-light.is-active {
  border-color: #FF88C0 !important;
}
  
.active-border-pink-faint.is-active {
  border-color: #ffdbed !important;
}
  
.active-border-red-dark.is-active {
  border-color: #BE0014 !important;
}
  
.active-border-red.is-active {
  border-color: #dc2b28 !important;
}
  
.active-border-red-light.is-active {
  border-color: #FF8280 !important;
}
  
.active-border-red-faint.is-active {
  border-color: #ffdad9 !important;
}
  
.active-border-orange-dark.is-active {
  border-color: #DC4600 !important;
}
  
.active-border-orange.is-active {
  border-color: #ff6e00 !important;
}
  
.active-border-orange-light.is-active {
  border-color: #FFA950 !important;
}
  
.active-border-orange-faint.is-active {
  border-color: #FFE5CB !important;
}
  
.active-border-yellow-dark.is-active {
  border-color: #FFBD0A !important;
}
  
.active-border-yellow.is-active {
  border-color: #f0dc00 !important;
}
  
.active-border-yellow-light.is-active {
  border-color: #F0F062 !important;
}
  
.active-border-yellow-faint.is-active {
  border-color: #fafbd1 !important;
}
  
.active-border-green-dark.is-active {
  border-color: #007532 !important;
}
  
.active-border-green.is-active {
  border-color: #01aa46 !important;
}
  
.active-border-green-light.is-active {
  border-color: #72C781 !important;
}
  
.active-border-green-faint.is-active {
  border-color: #d4edda !important;
}
  
.active-border-teal-dark.is-active {
  border-color: #00626E !important;
}
  
.active-border-teal.is-active {
  border-color: #01b5b4 !important;
}
  
.active-border-teal-light.is-active {
  border-color: #50D2D2 !important;
}
  
.active-border-teal-faint.is-active {
  border-color: #cbf2f1 !important;
}
  
.active-border-blue-dark.is-active {
  border-color: #0014AA !important;
}
  
.active-border-blue.is-active {
  border-color: #0065fb !important;
}
  
.active-border-blue-light.is-active {
  border-color: #00B1FF !important;
}
  
.active-border-blue-faint.is-active {
  border-color: #bae8ff !important;
}
  
.active-border-purple-dark.is-active {
  border-color: #500078 !important;
}
  
.active-border-purple.is-active {
  border-color: #8c50c7 !important;
}
  
.active-border-purple-light.is-active {
  border-color: #C299E3 !important;
}
  
.active-border-purple-faint.is-active {
  border-color: #ede1f6 !important;
}
  
.active-border-darken5.is-active {
  border-color: rgba(0, 0, 0, 0.05) !important;
}
  
.active-border-darken10.is-active {
  border-color: rgba(0, 0, 0, 0.10) !important;
}
  
.active-border-darken25.is-active {
  border-color: rgba(0, 0, 0, 0.25) !important;
}
  
.active-border-darken50.is-active {
  border-color: rgba(0, 0, 0, 0.5) !important;
}
  
.active-border-darken75.is-active {
  border-color: rgba(0, 0, 0, 0.75) !important;
}
  
.active-border-lighten5.is-active {
  border-color: rgba(255, 255, 255, 0.05) !important;
}
  
.active-border-lighten10.is-active {
  border-color: rgba(255, 255, 255, 0.1) !important;
}
  
.active-border-lighten25.is-active {
  border-color: rgba(255, 255, 255, 0.25) !important;
}
  
.active-border-lighten50.is-active {
  border-color: rgba(255, 255, 255, 0.5) !important;
}
  
.active-border-lighten75.is-active {
  border-color: rgba(255, 255, 255, 0.75) !important;
}
  
.active-border-white.is-active {
  border-color: #fff !important;
}
  
.active-border-black.is-active {
  border-color: #000 !important;
}
  "
`;
