// Jest Snapshot v1, https://goo.gl/fbAQLP

exports[`buildLayoutScales defaults 1`] = `
"
/* Layout scales */

/**
 * Apply column gutters to all columns in a grid by adding a \`grid--gut{size}\` modifier to the \`grid\` element. Class set includes \`*-mm\`, \`*-ml\`, and \`*-mxl\` variations to target screen sizes.
 *
 * @example
 * <div class='grid grid--gut12'>
 *   <div class='col col--2'>
 *     <div class='border border--darken10'>col--2</div>
 *   </div>
 *   <div class='col col--4'>
 *     <div class='border border--darken10'>col--4</div>
 *   </div>
 *   <div class='col col--6'>
 *     <div class='border border--darken10'>col--6</div>
 *   </div>
 * </div>
 * @memberof Grid
 * @group
 */

.grid--gut0 {
  margin-left: -0;
}

.grid--gut3 {
  margin-left: -3px;
}

.grid--gut6 {
  margin-left: -6px;
}

.grid--gut12 {
  margin-left: -12px;
}

.grid--gut18 {
  margin-left: -18px;
}

.grid--gut24 {
  margin-left: -24px;
}

.grid--gut30 {
  margin-left: -30px;
}

.grid--gut36 {
  margin-left: -36px;
}

.grid--gut60 {
  margin-left: -60px;
}

.grid--gut120 {
  margin-left: -120px;
}

/** @endgroup */

.grid--gut0 > .col,
.grid--gut0 > .col-mm,
.grid--gut0 > .col-ml,
.grid--gut0 > .col-mxl {
  padding-left: 0;
}

.grid--gut3 > .col,
.grid--gut3 > .col-mm,
.grid--gut3 > .col-ml,
.grid--gut3 > .col-mxl {
  padding-left: 3px;
}

.grid--gut6 > .col,
.grid--gut6 > .col-mm,
.grid--gut6 > .col-ml,
.grid--gut6 > .col-mxl {
  padding-left: 6px;
}

.grid--gut12 > .col,
.grid--gut12 > .col-mm,
.grid--gut12 > .col-ml,
.grid--gut12 > .col-mxl {
  padding-left: 12px;
}

.grid--gut18 > .col,
.grid--gut18 > .col-mm,
.grid--gut18 > .col-ml,
.grid--gut18 > .col-mxl {
  padding-left: 18px;
}

.grid--gut24 > .col,
.grid--gut24 > .col-mm,
.grid--gut24 > .col-ml,
.grid--gut24 > .col-mxl {
  padding-left: 24px;
}

.grid--gut30 > .col,
.grid--gut30 > .col-mm,
.grid--gut30 > .col-ml,
.grid--gut30 > .col-mxl {
  padding-left: 30px;
}

.grid--gut36 > .col,
.grid--gut36 > .col-mm,
.grid--gut36 > .col-ml,
.grid--gut36 > .col-mxl {
  padding-left: 36px;
}

.grid--gut60 > .col,
.grid--gut60 > .col-mm,
.grid--gut60 > .col-ml,
.grid--gut60 > .col-mxl {
  padding-left: 60px;
}

.grid--gut120 > .col,
.grid--gut120 > .col-mm,
.grid--gut120 > .col-ml,
.grid--gut120 > .col-mxl {
  padding-left: 120px;
}

/**
 * Apply margin on the top and bottom.
 *
 * @group
 * @example
 * <div class='my24 bg-darken10'>my24</div>
 * @memberof Margins
 */

.my-neg1 {
  margin-top: -1px !important;
  margin-bottom: -1px !important;
}

.my-neg2 {
  margin-top: -2px !important;
  margin-bottom: -2px !important;
}

.my-neg3 {
  margin-top: -3px !important;
  margin-bottom: -3px !important;
}

.my-neg6 {
  margin-top: -6px !important;
  margin-bottom: -6px !important;
}

.my-neg12 {
  margin-top: -12px !important;
  margin-bottom: -12px !important;
}

.my-neg18 {
  margin-top: -18px !important;
  margin-bottom: -18px !important;
}

.my-neg24 {
  margin-top: -24px !important;
  margin-bottom: -24px !important;
}

.my-neg30 {
  margin-top: -30px !important;
  margin-bottom: -30px !important;
}

.my-neg36 {
  margin-top: -36px !important;
  margin-bottom: -36px !important;
}

.my-neg60 {
  margin-top: -60px !important;
  margin-bottom: -60px !important;
}

.my-neg120 {
  margin-top: -120px !important;
  margin-bottom: -120px !important;
}

.my-neg180 {
  margin-top: -180px !important;
  margin-bottom: -180px !important;
}

.my-neg240 {
  margin-top: -240px !important;
  margin-bottom: -240px !important;
}

.my-neg300 {
  margin-top: -300px !important;
  margin-bottom: -300px !important;
}

.my-neg360 {
  margin-top: -360px !important;
  margin-bottom: -360px !important;
}

.my0 {
  margin-top: 0 !important;
  margin-bottom: 0 !important;
}

.my3 {
  margin-top: 3px !important;
  margin-bottom: 3px !important;
}

.my6 {
  margin-top: 6px !important;
  margin-bottom: 6px !important;
}

.my12 {
  margin-top: 12px !important;
  margin-bottom: 12px !important;
}

.my18 {
  margin-top: 18px !important;
  margin-bottom: 18px !important;
}

.my24 {
  margin-top: 24px !important;
  margin-bottom: 24px !important;
}

.my30 {
  margin-top: 30px !important;
  margin-bottom: 30px !important;
}

.my36 {
  margin-top: 36px !important;
  margin-bottom: 36px !important;
}

.my60 {
  margin-top: 60px !important;
  margin-bottom: 60px !important;
}

.my120 {
  margin-top: 120px !important;
  margin-bottom: 120px !important;
}

.my180 {
  margin-top: 180px !important;
  margin-bottom: 180px !important;
}

.my240 {
  margin-top: 240px !important;
  margin-bottom: 240px !important;
}

.my300 {
  margin-top: 300px !important;
  margin-bottom: 300px !important;
}

.my360 {
  margin-top: 360px !important;
  margin-bottom: 360px !important;
}

/** @endgroup */

/**
 * Apply margin on the left and right.
 *
 * @group
 * @example
 * <div class='mx24 bg-darken10'>mx24</div>
 * @memberof Margins
 */
.mx-neg1 {
  margin-left: -1px !important;
  margin-right: -1px !important;
}

.mx-neg2 {
  margin-left: -2px !important;
  margin-right: -2px !important;
}

.mx-neg3 {
  margin-left: -3px !important;
  margin-right: -3px !important;
}

.mx-neg6 {
  margin-left: -6px !important;
  margin-right: -6px !important;
}

.mx-neg12 {
  margin-left: -12px !important;
  margin-right: -12px !important;
}

.mx-neg18 {
  margin-left: -18px !important;
  margin-right: -18px !important;
}

.mx-neg24 {
  margin-left: -24px !important;
  margin-right: -24px !important;
}

.mx-neg30 {
  margin-left: -30px !important;
  margin-right: -30px !important;
}

.mx-neg36 {
  margin-left: -36px !important;
  margin-right: -36px !important;
}

.mx-neg60 {
  margin-left: -60px !important;
  margin-right: -60px !important;
}

.mx-neg120 {
  margin-left: -120px !important;
  margin-right: -120px !important;
}

.mx-neg180 {
  margin-left: -180px !important;
  margin-right: -180px !important;
}

.mx-neg240 {
  margin-left: -240px !important;
  margin-right: -240px !important;
}

.mx-neg300 {
  margin-left: -300px !important;
  margin-right: -300px !important;
}

.mx-neg360 {
  margin-left: -360px !important;
  margin-right: -360px !important;
}

.mx0 {
  margin-left: 0 !important;
  margin-right: 0 !important;
}

.mx3 {
  margin-left: 3px !important;
  margin-right: 3px !important;
}

.mx6 {
  margin-left: 6px !important;
  margin-right: 6px !important;
}

.mx12 {
  margin-left: 12px !important;
  margin-right: 12px !important;
}

.mx18 {
  margin-left: 18px !important;
  margin-right: 18px !important;
}

.mx24 {
  margin-left: 24px !important;
  margin-right: 24px !important;
}

.mx30 {
  margin-left: 30px !important;
  margin-right: 30px !important;
}

.mx36 {
  margin-left: 36px !important;
  margin-right: 36px !important;
}

.mx60 {
  margin-left: 60px !important;
  margin-right: 60px !important;
}

.mx120 {
  margin-left: 120px !important;
  margin-right: 120px !important;
}

.mx180 {
  margin-left: 180px !important;
  margin-right: 180px !important;
}

.mx240 {
  margin-left: 240px !important;
  margin-right: 240px !important;
}

.mx300 {
  margin-left: 300px !important;
  margin-right: 300px !important;
}

.mx360 {
  margin-left: 360px !important;
  margin-right: 360px !important;
}

/** @endgroup */

/**
 * Apply margin on the top.
 *
 * @group
 * @example
 * <div class='mt24 bg-darken10'>mt24</div>
 * @memberof Margins
 */
.mt-neg1 {
  margin-top: -1px !important;
}

.mt-neg2 {
  margin-top: -2px !important;
}

.mt-neg3 {
  margin-top: -3px !important;
}

.mt-neg6 {
  margin-top: -6px !important;
}

.mt-neg12 {
  margin-top: -12px !important;
}

.mt-neg18 {
  margin-top: -18px !important;
}

.mt-neg24 {
  margin-top: -24px !important;
}

.mt-neg30 {
  margin-top: -30px !important;
}

.mt-neg36 {
  margin-top: -36px !important;
}

.mt-neg60 {
  margin-top: -60px !important;
}

.mt-neg120 {
  margin-top: -120px !important;
}

.mt-neg180 {
  margin-top: -180px !important;
}

.mt-neg240 {
  margin-top: -240px !important;
}

.mt-neg300 {
  margin-top: -300px !important;
}

.mt-neg360 {
  margin-top: -360px !important;
}

.mt0 {
  margin-top: 0 !important;
}

.mt3 {
  margin-top: 3px !important;
}

.mt6 {
  margin-top: 6px !important;
}

.mt12 {
  margin-top: 12px !important;
}

.mt18 {
  margin-top: 18px !important;
}

.mt24 {
  margin-top: 24px !important;
}

.mt30 {
  margin-top: 30px !important;
}

.mt36 {
  margin-top: 36px !important;
}

.mt60 {
  margin-top: 60px !important;
}

.mt120 {
  margin-top: 120px !important;
}

.mt180 {
  margin-top: 180px !important;
}

.mt240 {
  margin-top: 240px !important;
}

.mt300 {
  margin-top: 300px !important;
}

.mt360 {
  margin-top: 360px !important;
}

/** @endgroup */

/**
 * Apply margin on the right.
 *
 * @group
 * @example
 * <div class='mr24 bg-darken10'>mr24</div>
 * @memberof Margins
 */
.mr-neg1 {
  margin-right: -1px !important;
}

.mr-neg2 {
  margin-right: -2px !important;
}

.mr-neg3 {
  margin-right: -3px !important;
}

.mr-neg6 {
  margin-right: -6px !important;
}

.mr-neg12 {
  margin-right: -12px !important;
}

.mr-neg18 {
  margin-right: -18px !important;
}

.mr-neg24 {
  margin-right: -24px !important;
}

.mr-neg30 {
  margin-right: -30px !important;
}

.mr-neg36 {
  margin-right: -36px !important;
}

.mr-neg60 {
  margin-right: -60px !important;
}

.mr-neg120 {
  margin-right: -120px !important;
}

.mr-neg180 {
  margin-right: -180px !important;
}

.mr-neg240 {
  margin-right: -240px !important;
}

.mr-neg300 {
  margin-right: -300px !important;
}

.mr-neg360 {
  margin-right: -360px !important;
}

.mr0 {
  margin-right: 0 !important;
}

.mr3 {
  margin-right: 3px !important;
}

.mr6 {
  margin-right: 6px !important;
}

.mr12 {
  margin-right: 12px !important;
}

.mr18 {
  margin-right: 18px !important;
}

.mr24 {
  margin-right: 24px !important;
}

.mr30 {
  margin-right: 30px !important;
}

.mr36 {
  margin-right: 36px !important;
}

.mr60 {
  margin-right: 60px !important;
}

.mr120 {
  margin-right: 120px !important;
}

.mr180 {
  margin-right: 180px !important;
}

.mr240 {
  margin-right: 240px !important;
}

.mr300 {
  margin-right: 300px !important;
}

.mr360 {
  margin-right: 360px !important;
}

/** @endgroup */

/**
 * Apply margin on the bottom.
 *
 * The negative margin classes, <code>mb-neg</code>, can be useful for certain design patterns like underline tabs.
 *
 * @group
 * @example
 * <div class='mb24 bg-darken10'>mb24</div>
 * @memberof Margins
 */
.mb-neg1 {
  margin-bottom: -1px !important;
}

.mb-neg2 {
  margin-bottom: -2px !important;
}

.mb-neg3 {
  margin-bottom: -3px !important;
}

.mb-neg6 {
  margin-bottom: -6px !important;
}

.mb-neg12 {
  margin-bottom: -12px !important;
}

.mb-neg18 {
  margin-bottom: -18px !important;
}

.mb-neg24 {
  margin-bottom: -24px !important;
}

.mb-neg30 {
  margin-bottom: -30px !important;
}

.mb-neg36 {
  margin-bottom: -36px !important;
}

.mb-neg60 {
  margin-bottom: -60px !important;
}

.mb-neg120 {
  margin-bottom: -120px !important;
}

.mb-neg180 {
  margin-bottom: -180px !important;
}

.mb-neg240 {
  margin-bottom: -240px !important;
}

.mb-neg300 {
  margin-bottom: -300px !important;
}

.mb-neg360 {
  margin-bottom: -360px !important;
}

.mb0 {
  margin-bottom: 0 !important;
}

.mb3 {
  margin-bottom: 3px !important;
}

.mb6 {
  margin-bottom: 6px !important;
}

.mb12 {
  margin-bottom: 12px !important;
}

.mb18 {
  margin-bottom: 18px !important;
}

.mb24 {
  margin-bottom: 24px !important;
}

.mb30 {
  margin-bottom: 30px !important;
}

.mb36 {
  margin-bottom: 36px !important;
}

.mb60 {
  margin-bottom: 60px !important;
}

.mb120 {
  margin-bottom: 120px !important;
}

.mb180 {
  margin-bottom: 180px !important;
}

.mb240 {
  margin-bottom: 240px !important;
}

.mb300 {
  margin-bottom: 300px !important;
}

.mb360 {
  margin-bottom: 360px !important;
}

/** @endgroup */

/**
 * Apply margin on the left.
 *
 * @group
 * @example
 * <div class='ml24 bg-darken10'>ml24</div>
 * @memberof Margins
 */
.ml-neg1 {
  margin-left: -1px !important;
}

.ml-neg2 {
  margin-left: -2px !important;
}

.ml-neg3 {
  margin-left: -3px !important;
}

.ml-neg6 {
  margin-left: -6px !important;
}

.ml-neg12 {
  margin-left: -12px !important;
}

.ml-neg18 {
  margin-left: -18px !important;
}

.ml-neg24 {
  margin-left: -24px !important;
}

.ml-neg30 {
  margin-left: -30px !important;
}

.ml-neg36 {
  margin-left: -36px !important;
}

.ml-neg60 {
  margin-left: -60px !important;
}

.ml-neg120 {
  margin-left: -120px !important;
}

.ml-neg180 {
  margin-left: -180px !important;
}

.ml-neg240 {
  margin-left: -240px !important;
}

.ml-neg300 {
  margin-left: -300px !important;
}

.ml-neg360 {
  margin-left: -360px !important;
}

.ml0 {
  margin-left: 0 !important;
}

.ml3 {
  margin-left: 3px !important;
}

.ml6 {
  margin-left: 6px !important;
}

.ml12 {
  margin-left: 12px !important;
}

.ml18 {
  margin-left: 18px !important;
}

.ml24 {
  margin-left: 24px !important;
}

.ml30 {
  margin-left: 30px !important;
}

.ml36 {
  margin-left: 36px !important;
}

.ml60 {
  margin-left: 60px !important;
}

.ml120 {
  margin-left: 120px !important;
}

.ml180 {
  margin-left: 180px !important;
}

.ml240 {
  margin-left: 240px !important;
}

.ml300 {
  margin-left: 300px !important;
}

.ml360 {
  margin-left: 360px !important;
}

/** @endgroup */

/**
 * Apply padding on the top and bottom.
 *
 * @group
 * @example
 * <div class='py24 bg-darken10'>py24</div>
 * @memberof Padding
 */
.py0 {
  padding-top: 0 !important;
  padding-bottom: 0 !important;
}

.py3 {
  padding-top: 3px !important;
  padding-bottom: 3px !important;
}

.py6 {
  padding-top: 6px !important;
  padding-bottom: 6px !important;
}

.py12 {
  padding-top: 12px !important;
  padding-bottom: 12px !important;
}

.py18 {
  padding-top: 18px !important;
  padding-bottom: 18px !important;
}

.py24 {
  padding-top: 24px !important;
  padding-bottom: 24px !important;
}

.py30 {
  padding-top: 30px !important;
  padding-bottom: 30px !important;
}

.py36 {
  padding-top: 36px !important;
  padding-bottom: 36px !important;
}

.py60 {
  padding-top: 60px !important;
  padding-bottom: 60px !important;
}

.py120 {
  padding-top: 120px !important;
  padding-bottom: 120px !important;
}

.py180 {
  padding-top: 180px !important;
  padding-bottom: 180px !important;
}

.py240 {
  padding-top: 240px !important;
  padding-bottom: 240px !important;
}

.py300 {
  padding-top: 300px !important;
  padding-bottom: 300px !important;
}

.py360 {
  padding-top: 360px !important;
  padding-bottom: 360px !important;
}

/** @endgroup */

/**
 * Apply padding on the left and right.
 *
 * @group
 * @example
 * <div class='px24 bg-darken10'>px24</div>
 * @memberof Padding
 */
.px0 {
  padding-left: 0 !important;
  padding-right: 0 !important;
}

.px3 {
  padding-left: 3px !important;
  padding-right: 3px !important;
}

.px6 {
  padding-left: 6px !important;
  padding-right: 6px !important;
}

.px12 {
  padding-left: 12px !important;
  padding-right: 12px !important;
}

.px18 {
  padding-left: 18px !important;
  padding-right: 18px !important;
}

.px24 {
  padding-left: 24px !important;
  padding-right: 24px !important;
}

.px30 {
  padding-left: 30px !important;
  padding-right: 30px !important;
}

.px36 {
  padding-left: 36px !important;
  padding-right: 36px !important;
}

.px60 {
  padding-left: 60px !important;
  padding-right: 60px !important;
}

.px120 {
  padding-left: 120px !important;
  padding-right: 120px !important;
}

.px180 {
  padding-left: 180px !important;
  padding-right: 180px !important;
}

.px240 {
  padding-left: 240px !important;
  padding-right: 240px !important;
}

.px300 {
  padding-left: 300px !important;
  padding-right: 300px !important;
}

.px360 {
  padding-left: 360px !important;
  padding-right: 360px !important;
}

/** @endgroup */

/**
 * Apply padding on the top.
 *
 * @group
 * @example
 * <div class='pt24 bg-darken10'>pt24</div>
 * @memberof Padding
 */
.pt0 {
  padding-top: 0 !important;
}

.pt3 {
  padding-top: 3px !important;
}

.pt6 {
  padding-top: 6px !important;
}

.pt12 {
  padding-top: 12px !important;
}

.pt18 {
  padding-top: 18px !important;
}

.pt24 {
  padding-top: 24px !important;
}

.pt30 {
  padding-top: 30px !important;
}

.pt36 {
  padding-top: 36px !important;
}

.pt60 {
  padding-top: 60px !important;
}

.pt120 {
  padding-top: 120px !important;
}

.pt180 {
  padding-top: 180px !important;
}

.pt240 {
  padding-top: 240px !important;
}

.pt300 {
  padding-top: 300px !important;
}

.pt360 {
  padding-top: 360px !important;
}

/** @endgroup */

/**
 * Apply padding on the right.
 *
 * @group
 * @example
 * <div class='pr24 bg-darken10 align-r'>pr24</div>
 * @memberof Padding
 */
.pr0 {
  padding-right: 0 !important;
}

.pr3 {
  padding-right: 3px !important;
}

.pr6 {
  padding-right: 6px !important;
}

.pr12 {
  padding-right: 12px !important;
}

.pr18 {
  padding-right: 18px !important;
}

.pr24 {
  padding-right: 24px !important;
}

.pr30 {
  padding-right: 30px !important;
}

.pr36 {
  padding-right: 36px !important;
}

.pr60 {
  padding-right: 60px !important;
}

.pr120 {
  padding-right: 120px !important;
}

.pr180 {
  padding-right: 180px !important;
}

.pr240 {
  padding-right: 240px !important;
}

.pr300 {
  padding-right: 300px !important;
}

.pr360 {
  padding-right: 360px !important;
}

/** @endgroup */

/**
 * Apply padding on the bottom.
 *
 * @group
 * @example
 * <div class='pb24 bg-darken10'>pb24</div>
 * @memberof Padding
 */
.pb0 {
  padding-bottom: 0 !important;
}

.pb3 {
  padding-bottom: 3px !important;
}

.pb6 {
  padding-bottom: 6px !important;
}

.pb12 {
  padding-bottom: 12px !important;
}

.pb18 {
  padding-bottom: 18px !important;
}

.pb24 {
  padding-bottom: 24px !important;
}

.pb30 {
  padding-bottom: 30px !important;
}

.pb36 {
  padding-bottom: 36px !important;
}

.pb60 {
  padding-bottom: 60px !important;
}

.pb120 {
  padding-bottom: 120px !important;
}

.pb180 {
  padding-bottom: 180px !important;
}

.pb240 {
  padding-bottom: 240px !important;
}

.pb300 {
  padding-bottom: 300px !important;
}

.pb360 {
  padding-bottom: 360px !important;
}

/** @endgroup */

/**
 * Apply padding on the left.
 *
 * @group
 * @example
 * <div class='pl24 bg-darken10'>pl24</div>
 * @memberof Padding
 */
.pl0 {
  padding-left: 0 !important;
}

.pl3 {
  padding-left: 3px !important;
}

.pl6 {
  padding-left: 6px !important;
}

.pl12 {
  padding-left: 12px !important;
}

.pl18 {
  padding-left: 18px !important;
}

.pl24 {
  padding-left: 24px !important;
}

.pl30 {
  padding-left: 30px !important;
}

.pl36 {
  padding-left: 36px !important;
}

.pl60 {
  padding-left: 60px !important;
}

.pl120 {
  padding-left: 120px !important;
}

.pl180 {
  padding-left: 180px !important;
}

.pl240 {
  padding-left: 240px !important;
}

.pl300 {
  padding-left: 300px !important;
}

.pl360 {
  padding-left: 360px !important;
}

/** @endgroup */

/**
 * Set an element's width.
 *
 * In addition to numeric values, there are \`w-full\` and \`w-auto\` classes.
 *
 * @group
 * @memberof Sizing
 * @example
 * <div class='w60 bg-darken10'>w60</div>
 */
.w0 {
  width: 0 !important;
}

.w3 {
  width: 3px !important;
}

.w6 {
  width: 6px !important;
}

.w12 {
  width: 12px !important;
}

.w18 {
  width: 18px !important;
}

.w24 {
  width: 24px !important;
}

.w30 {
  width: 30px !important;
}

.w36 {
  width: 36px !important;
}

.w60 {
  width: 60px !important;
}

.w120 {
  width: 120px !important;
}

.w180 {
  width: 180px !important;
}

.w240 {
  width: 240px !important;
}

.w300 {
  width: 300px !important;
}

.w360 {
  width: 360px !important;
}

.w600 {
  width: 600px !important;
}

.w-full {
  width: 100% !important;
}

.w-auto {
  width: auto !important;
}

/** @endgroup */

/**
 * Set an element's maximum width.
 *
 * In addition to numeric values, there are \`wmax-full\` and \`wmax-none\` classes.
 *
 * @group
 * @memberof Sizing
 * @example
 * <div class='wmax6 bg-darken10'>wmax6</div>
 */
.wmax0 {
  max-width: 0 !important;
}

.wmax3 {
  max-width: 3px !important;
}

.wmax6 {
  max-width: 6px !important;
}

.wmax12 {
  max-width: 12px !important;
}

.wmax18 {
  max-width: 18px !important;
}

.wmax24 {
  max-width: 24px !important;
}

.wmax30 {
  max-width: 30px !important;
}

.wmax36 {
  max-width: 36px !important;
}

.wmax60 {
  max-width: 60px !important;
}

.wmax120 {
  max-width: 120px !important;
}

.wmax180 {
  max-width: 180px !important;
}

.wmax240 {
  max-width: 240px !important;
}

.wmax300 {
  max-width: 300px !important;
}

.wmax360 {
  max-width: 360px !important;
}

.wmax600 {
  max-width: 600px !important;
}

.wmax1200 {
  max-width: 1200px !important;
}

.wmax1800 {
  max-width: 1800px !important;
}

.wmax-full {
  max-width: 100% !important;
}

.wmax-none {
  max-width: none !important;
}

/** @endgroup */

/**
 * Set an element's minimum width.
 *
 * In addition to numeric values, there is the \`wmin-full\` class.
 *
 * @group
 * @memberof Sizing
 * @example
 * <div class='inline-block wmin60 bg-darken10'>wmin60</div>
 */
.wmin0 {
  min-width: 0 !important;
}

.wmin3 {
  min-width: 3px !important;
}

.wmin6 {
  min-width: 6px !important;
}

.wmin12 {
  min-width: 12px !important;
}

.wmin18 {
  min-width: 18px !important;
}

.wmin24 {
  min-width: 24px !important;
}

.wmin30 {
  min-width: 30px !important;
}

.wmin36 {
  min-width: 36px !important;
}

.wmin60 {
  min-width: 60px !important;
}

.wmin120 {
  min-width: 120px !important;
}

.wmin180 {
  min-width: 180px !important;
}

.wmin240 {
  min-width: 240px !important;
}

.wmin300 {
  min-width: 300px !important;
}

.wmin360 {
  min-width: 360px !important;
}

.wmin600 {
  min-width: 600px !important;
}

.wmin-full {
  min-width: 100% !important;
}

/** @endgroup */

/**
 * Set an element's height.
 *
 * In addition to numeric values, there are \`h-full\` and \`h-auto\` classes.
 *
 * @group
 * @memberof Sizing
 * @example
 * <div class='h24 bg-darken10'>h24</div>
 */
.h0 {
  height: 0 !important;
}

.h3 {
  height: 3px !important;
}

.h6 {
  height: 6px !important;
}

.h12 {
  height: 12px !important;
}

.h18 {
  height: 18px !important;
}

.h24 {
  height: 24px !important;
}

.h30 {
  height: 30px !important;
}

.h36 {
  height: 36px !important;
}

.h60 {
  height: 60px !important;
}

.h120 {
  height: 120px !important;
}

.h180 {
  height: 180px !important;
}

.h240 {
  height: 240px !important;
}

.h300 {
  height: 300px !important;
}

.h360 {
  height: 360px !important;
}

.h600 {
  height: 600px !important;
}

.h-full {
  height: 100% !important;
}

.h-auto {
  height: auto !important;
}

/** @endgroup */

/**
 * Set an element's maximum height.
 *
 * In addition to numeric values, there are \`hmax-full\` and \`hmax-none\` classes.
 *
 * @group
 * @memberof Sizing
 * @example
 * <div class='hmax12 bg-darken10'>hmax12</div>
 */
.hmax0 {
  max-height: 0 !important;
}

.hmax3 {
  max-height: 3px !important;
}

.hmax6 {
  max-height: 6px !important;
}

.hmax12 {
  max-height: 12px !important;
}

.hmax18 {
  max-height: 18px !important;
}

.hmax24 {
  max-height: 24px !important;
}

.hmax30 {
  max-height: 30px !important;
}

.hmax36 {
  max-height: 36px !important;
}

.hmax60 {
  max-height: 60px !important;
}

.hmax120 {
  max-height: 120px !important;
}

.hmax180 {
  max-height: 180px !important;
}

.hmax240 {
  max-height: 240px !important;
}

.hmax300 {
  max-height: 300px !important;
}

.hmax360 {
  max-height: 360px !important;
}

.hmax600 {
  max-height: 600px !important;
}

.hmax-full {
  max-height: 100% !important;
}

.hmax-none {
  max-height: none !important;
}

/** @endgroup */

/**
 * Set an element's minimum height.
 *
 * In addition to numeric values, there is the \`hmin-full\` class.
 *
 * @group
 * @memberof Sizing
 * @example
 * <div class='hmin60 bg-darken10'>hmin60</div>
 */
.hmin0 {
  min-height: 0 !important;
}

.hmin3 {
  min-height: 3px !important;
}

.hmin6 {
  min-height: 6px !important;
}

.hmin12 {
  min-height: 12px !important;
}

.hmin18 {
  min-height: 18px !important;
}

.hmin24 {
  min-height: 24px !important;
}

.hmin30 {
  min-height: 30px !important;
}

.hmin36 {
  min-height: 36px !important;
}

.hmin60 {
  min-height: 60px !important;
}

.hmin120 {
  min-height: 120px !important;
}

.hmin180 {
  min-height: 180px !important;
}

.hmin240 {
  min-height: 240px !important;
}

.hmin300 {
  min-height: 300px !important;
}

.hmin360 {
  min-height: 360px !important;
}

.hmin600 {
  min-height: 600px !important;
}

.hmin-full {
  min-height: 100% !important;
}

/** @endgroup */

@media screen and (min-width: 640px) {

  .grid--gut0-mm {
    margin-left: -0;
  }

  .grid--gut3-mm {
    margin-left: -3px;
  }

  .grid--gut6-mm {
    margin-left: -6px;
  }

  .grid--gut12-mm {
    margin-left: -12px;
  }

  .grid--gut18-mm {
    margin-left: -18px;
  }

  .grid--gut24-mm {
    margin-left: -24px;
  }

  .grid--gut30-mm {
    margin-left: -30px;
  }

  .grid--gut36-mm {
    margin-left: -36px;
  }

  .grid--gut60-mm {
    margin-left: -60px;
  }

  .grid--gut120-mm {
    margin-left: -120px;
  }

  .grid--gut0-mm > .col,
  .grid--gut0-mm > .col-mm,
  .grid--gut0-mm > .col-ml,
  .grid--gut0-mm > .col-mxl {
    padding-left: 0;
  }

  .grid--gut3-mm > .col,
  .grid--gut3-mm > .col-mm,
  .grid--gut3-mm > .col-ml,
  .grid--gut3-mm > .col-mxl {
    padding-left: 3px;
  }

  .grid--gut6-mm > .col,
  .grid--gut6-mm > .col-mm,
  .grid--gut6-mm > .col-ml,
  .grid--gut6-mm > .col-mxl {
    padding-left: 6px;
  }

  .grid--gut12-mm > .col,
  .grid--gut12-mm > .col-mm,
  .grid--gut12-mm > .col-ml,
  .grid--gut12-mm > .col-mxl {
    padding-left: 12px;
  }

  .grid--gut18-mm > .col,
  .grid--gut18-mm > .col-mm,
  .grid--gut18-mm > .col-ml,
  .grid--gut18-mm > .col-mxl {
    padding-left: 18px;
  }

  .grid--gut24-mm > .col,
  .grid--gut24-mm > .col-mm,
  .grid--gut24-mm > .col-ml,
  .grid--gut24-mm > .col-mxl {
    padding-left: 24px;
  }

  .grid--gut30-mm > .col,
  .grid--gut30-mm > .col-mm,
  .grid--gut30-mm > .col-ml,
  .grid--gut30-mm > .col-mxl {
    padding-left: 30px;
  }

  .grid--gut36-mm > .col,
  .grid--gut36-mm > .col-mm,
  .grid--gut36-mm > .col-ml,
  .grid--gut36-mm > .col-mxl {
    padding-left: 36px;
  }

  .grid--gut60-mm > .col,
  .grid--gut60-mm > .col-mm,
  .grid--gut60-mm > .col-ml,
  .grid--gut60-mm > .col-mxl {
    padding-left: 60px;
  }

  .grid--gut120-mm > .col,
  .grid--gut120-mm > .col-mm,
  .grid--gut120-mm > .col-ml,
  .grid--gut120-mm > .col-mxl {
    padding-left: 120px;
  }

  .my-neg1-mm {
    margin-top: -1px !important;
    margin-bottom: -1px !important;
  }

  .my-neg2-mm {
    margin-top: -2px !important;
    margin-bottom: -2px !important;
  }

  .my-neg3-mm {
    margin-top: -3px !important;
    margin-bottom: -3px !important;
  }

  .my-neg6-mm {
    margin-top: -6px !important;
    margin-bottom: -6px !important;
  }

  .my-neg12-mm {
    margin-top: -12px !important;
    margin-bottom: -12px !important;
  }

  .my-neg18-mm {
    margin-top: -18px !important;
    margin-bottom: -18px !important;
  }

  .my-neg24-mm {
    margin-top: -24px !important;
    margin-bottom: -24px !important;
  }

  .my-neg30-mm {
    margin-top: -30px !important;
    margin-bottom: -30px !important;
  }

  .my-neg36-mm {
    margin-top: -36px !important;
    margin-bottom: -36px !important;
  }

  .my-neg60-mm {
    margin-top: -60px !important;
    margin-bottom: -60px !important;
  }

  .my-neg120-mm {
    margin-top: -120px !important;
    margin-bottom: -120px !important;
  }

  .my-neg180-mm {
    margin-top: -180px !important;
    margin-bottom: -180px !important;
  }

  .my-neg240-mm {
    margin-top: -240px !important;
    margin-bottom: -240px !important;
  }

  .my-neg300-mm {
    margin-top: -300px !important;
    margin-bottom: -300px !important;
  }

  .my-neg360-mm {
    margin-top: -360px !important;
    margin-bottom: -360px !important;
  }

  .my0-mm {
    margin-top: 0 !important;
    margin-bottom: 0 !important;
  }

  .my3-mm {
    margin-top: 3px !important;
    margin-bottom: 3px !important;
  }

  .my6-mm {
    margin-top: 6px !important;
    margin-bottom: 6px !important;
  }

  .my12-mm {
    margin-top: 12px !important;
    margin-bottom: 12px !important;
  }

  .my18-mm {
    margin-top: 18px !important;
    margin-bottom: 18px !important;
  }

  .my24-mm {
    margin-top: 24px !important;
    margin-bottom: 24px !important;
  }

  .my30-mm {
    margin-top: 30px !important;
    margin-bottom: 30px !important;
  }

  .my36-mm {
    margin-top: 36px !important;
    margin-bottom: 36px !important;
  }

  .my60-mm {
    margin-top: 60px !important;
    margin-bottom: 60px !important;
  }

  .my120-mm {
    margin-top: 120px !important;
    margin-bottom: 120px !important;
  }

  .my180-mm {
    margin-top: 180px !important;
    margin-bottom: 180px !important;
  }

  .my240-mm {
    margin-top: 240px !important;
    margin-bottom: 240px !important;
  }

  .my300-mm {
    margin-top: 300px !important;
    margin-bottom: 300px !important;
  }

  .my360-mm {
    margin-top: 360px !important;
    margin-bottom: 360px !important;
  }

  .mx-neg1-mm {
    margin-left: -1px !important;
    margin-right: -1px !important;
  }

  .mx-neg2-mm {
    margin-left: -2px !important;
    margin-right: -2px !important;
  }

  .mx-neg3-mm {
    margin-left: -3px !important;
    margin-right: -3px !important;
  }

  .mx-neg6-mm {
    margin-left: -6px !important;
    margin-right: -6px !important;
  }

  .mx-neg12-mm {
    margin-left: -12px !important;
    margin-right: -12px !important;
  }

  .mx-neg18-mm {
    margin-left: -18px !important;
    margin-right: -18px !important;
  }

  .mx-neg24-mm {
    margin-left: -24px !important;
    margin-right: -24px !important;
  }

  .mx-neg30-mm {
    margin-left: -30px !important;
    margin-right: -30px !important;
  }

  .mx-neg36-mm {
    margin-left: -36px !important;
    margin-right: -36px !important;
  }

  .mx-neg60-mm {
    margin-left: -60px !important;
    margin-right: -60px !important;
  }

  .mx-neg120-mm {
    margin-left: -120px !important;
    margin-right: -120px !important;
  }

  .mx-neg180-mm {
    margin-left: -180px !important;
    margin-right: -180px !important;
  }

  .mx-neg240-mm {
    margin-left: -240px !important;
    margin-right: -240px !important;
  }

  .mx-neg300-mm {
    margin-left: -300px !important;
    margin-right: -300px !important;
  }

  .mx-neg360-mm {
    margin-left: -360px !important;
    margin-right: -360px !important;
  }

  .mx0-mm {
    margin-left: 0 !important;
    margin-right: 0 !important;
  }

  .mx3-mm {
    margin-left: 3px !important;
    margin-right: 3px !important;
  }

  .mx6-mm {
    margin-left: 6px !important;
    margin-right: 6px !important;
  }

  .mx12-mm {
    margin-left: 12px !important;
    margin-right: 12px !important;
  }

  .mx18-mm {
    margin-left: 18px !important;
    margin-right: 18px !important;
  }

  .mx24-mm {
    margin-left: 24px !important;
    margin-right: 24px !important;
  }

  .mx30-mm {
    margin-left: 30px !important;
    margin-right: 30px !important;
  }

  .mx36-mm {
    margin-left: 36px !important;
    margin-right: 36px !important;
  }

  .mx60-mm {
    margin-left: 60px !important;
    margin-right: 60px !important;
  }

  .mx120-mm {
    margin-left: 120px !important;
    margin-right: 120px !important;
  }

  .mx180-mm {
    margin-left: 180px !important;
    margin-right: 180px !important;
  }

  .mx240-mm {
    margin-left: 240px !important;
    margin-right: 240px !important;
  }

  .mx300-mm {
    margin-left: 300px !important;
    margin-right: 300px !important;
  }

  .mx360-mm {
    margin-left: 360px !important;
    margin-right: 360px !important;
  }

  .mt-neg1-mm {
    margin-top: -1px !important;
  }

  .mt-neg2-mm {
    margin-top: -2px !important;
  }

  .mt-neg3-mm {
    margin-top: -3px !important;
  }

  .mt-neg6-mm {
    margin-top: -6px !important;
  }

  .mt-neg12-mm {
    margin-top: -12px !important;
  }

  .mt-neg18-mm {
    margin-top: -18px !important;
  }

  .mt-neg24-mm {
    margin-top: -24px !important;
  }

  .mt-neg30-mm {
    margin-top: -30px !important;
  }

  .mt-neg36-mm {
    margin-top: -36px !important;
  }

  .mt-neg60-mm {
    margin-top: -60px !important;
  }

  .mt-neg120-mm {
    margin-top: -120px !important;
  }

  .mt-neg180-mm {
    margin-top: -180px !important;
  }

  .mt-neg240-mm {
    margin-top: -240px !important;
  }

  .mt-neg300-mm {
    margin-top: -300px !important;
  }

  .mt-neg360-mm {
    margin-top: -360px !important;
  }

  .mt0-mm {
    margin-top: 0 !important;
  }

  .mt3-mm {
    margin-top: 3px !important;
  }

  .mt6-mm {
    margin-top: 6px !important;
  }

  .mt12-mm {
    margin-top: 12px !important;
  }

  .mt18-mm {
    margin-top: 18px !important;
  }

  .mt24-mm {
    margin-top: 24px !important;
  }

  .mt30-mm {
    margin-top: 30px !important;
  }

  .mt36-mm {
    margin-top: 36px !important;
  }

  .mt60-mm {
    margin-top: 60px !important;
  }

  .mt120-mm {
    margin-top: 120px !important;
  }

  .mt180-mm {
    margin-top: 180px !important;
  }

  .mt240-mm {
    margin-top: 240px !important;
  }

  .mt300-mm {
    margin-top: 300px !important;
  }

  .mt360-mm {
    margin-top: 360px !important;
  }

  .mr-neg1-mm {
    margin-right: -1px !important;
  }

  .mr-neg2-mm {
    margin-right: -2px !important;
  }

  .mr-neg3-mm {
    margin-right: -3px !important;
  }

  .mr-neg6-mm {
    margin-right: -6px !important;
  }

  .mr-neg12-mm {
    margin-right: -12px !important;
  }

  .mr-neg18-mm {
    margin-right: -18px !important;
  }

  .mr-neg24-mm {
    margin-right: -24px !important;
  }

  .mr-neg30-mm {
    margin-right: -30px !important;
  }

  .mr-neg36-mm {
    margin-right: -36px !important;
  }

  .mr-neg60-mm {
    margin-right: -60px !important;
  }

  .mr-neg120-mm {
    margin-right: -120px !important;
  }

  .mr-neg180-mm {
    margin-right: -180px !important;
  }

  .mr-neg240-mm {
    margin-right: -240px !important;
  }

  .mr-neg300-mm {
    margin-right: -300px !important;
  }

  .mr-neg360-mm {
    margin-right: -360px !important;
  }

  .mr0-mm {
    margin-right: 0 !important;
  }

  .mr3-mm {
    margin-right: 3px !important;
  }

  .mr6-mm {
    margin-right: 6px !important;
  }

  .mr12-mm {
    margin-right: 12px !important;
  }

  .mr18-mm {
    margin-right: 18px !important;
  }

  .mr24-mm {
    margin-right: 24px !important;
  }

  .mr30-mm {
    margin-right: 30px !important;
  }

  .mr36-mm {
    margin-right: 36px !important;
  }

  .mr60-mm {
    margin-right: 60px !important;
  }

  .mr120-mm {
    margin-right: 120px !important;
  }

  .mr180-mm {
    margin-right: 180px !important;
  }

  .mr240-mm {
    margin-right: 240px !important;
  }

  .mr300-mm {
    margin-right: 300px !important;
  }

  .mr360-mm {
    margin-right: 360px !important;
  }

  .mb-neg1-mm {
    margin-bottom: -1px !important;
  }

  .mb-neg2-mm {
    margin-bottom: -2px !important;
  }

  .mb-neg3-mm {
    margin-bottom: -3px !important;
  }

  .mb-neg6-mm {
    margin-bottom: -6px !important;
  }

  .mb-neg12-mm {
    margin-bottom: -12px !important;
  }

  .mb-neg18-mm {
    margin-bottom: -18px !important;
  }

  .mb-neg24-mm {
    margin-bottom: -24px !important;
  }

  .mb-neg30-mm {
    margin-bottom: -30px !important;
  }

  .mb-neg36-mm {
    margin-bottom: -36px !important;
  }

  .mb-neg60-mm {
    margin-bottom: -60px !important;
  }

  .mb-neg120-mm {
    margin-bottom: -120px !important;
  }

  .mb-neg180-mm {
    margin-bottom: -180px !important;
  }

  .mb-neg240-mm {
    margin-bottom: -240px !important;
  }

  .mb-neg300-mm {
    margin-bottom: -300px !important;
  }

  .mb-neg360-mm {
    margin-bottom: -360px !important;
  }

  .mb0-mm {
    margin-bottom: 0 !important;
  }

  .mb3-mm {
    margin-bottom: 3px !important;
  }

  .mb6-mm {
    margin-bottom: 6px !important;
  }

  .mb12-mm {
    margin-bottom: 12px !important;
  }

  .mb18-mm {
    margin-bottom: 18px !important;
  }

  .mb24-mm {
    margin-bottom: 24px !important;
  }

  .mb30-mm {
    margin-bottom: 30px !important;
  }

  .mb36-mm {
    margin-bottom: 36px !important;
  }

  .mb60-mm {
    margin-bottom: 60px !important;
  }

  .mb120-mm {
    margin-bottom: 120px !important;
  }

  .mb180-mm {
    margin-bottom: 180px !important;
  }

  .mb240-mm {
    margin-bottom: 240px !important;
  }

  .mb300-mm {
    margin-bottom: 300px !important;
  }

  .mb360-mm {
    margin-bottom: 360px !important;
  }

  .ml-neg1-mm {
    margin-left: -1px !important;
  }

  .ml-neg2-mm {
    margin-left: -2px !important;
  }

  .ml-neg3-mm {
    margin-left: -3px !important;
  }

  .ml-neg6-mm {
    margin-left: -6px !important;
  }

  .ml-neg12-mm {
    margin-left: -12px !important;
  }

  .ml-neg18-mm {
    margin-left: -18px !important;
  }

  .ml-neg24-mm {
    margin-left: -24px !important;
  }

  .ml-neg30-mm {
    margin-left: -30px !important;
  }

  .ml-neg36-mm {
    margin-left: -36px !important;
  }

  .ml-neg60-mm {
    margin-left: -60px !important;
  }

  .ml-neg120-mm {
    margin-left: -120px !important;
  }

  .ml-neg180-mm {
    margin-left: -180px !important;
  }

  .ml-neg240-mm {
    margin-left: -240px !important;
  }

  .ml-neg300-mm {
    margin-left: -300px !important;
  }

  .ml-neg360-mm {
    margin-left: -360px !important;
  }

  .ml0-mm {
    margin-left: 0 !important;
  }

  .ml3-mm {
    margin-left: 3px !important;
  }

  .ml6-mm {
    margin-left: 6px !important;
  }

  .ml12-mm {
    margin-left: 12px !important;
  }

  .ml18-mm {
    margin-left: 18px !important;
  }

  .ml24-mm {
    margin-left: 24px !important;
  }

  .ml30-mm {
    margin-left: 30px !important;
  }

  .ml36-mm {
    margin-left: 36px !important;
  }

  .ml60-mm {
    margin-left: 60px !important;
  }

  .ml120-mm {
    margin-left: 120px !important;
  }

  .ml180-mm {
    margin-left: 180px !important;
  }

  .ml240-mm {
    margin-left: 240px !important;
  }

  .ml300-mm {
    margin-left: 300px !important;
  }

  .ml360-mm {
    margin-left: 360px !important;
  }

  .py0-mm {
    padding-top: 0 !important;
    padding-bottom: 0 !important;
  }

  .py3-mm {
    padding-top: 3px !important;
    padding-bottom: 3px !important;
  }

  .py6-mm {
    padding-top: 6px !important;
    padding-bottom: 6px !important;
  }

  .py12-mm {
    padding-top: 12px !important;
    padding-bottom: 12px !important;
  }

  .py18-mm {
    padding-top: 18px !important;
    padding-bottom: 18px !important;
  }

  .py24-mm {
    padding-top: 24px !important;
    padding-bottom: 24px !important;
  }

  .py30-mm {
    padding-top: 30px !important;
    padding-bottom: 30px !important;
  }

  .py36-mm {
    padding-top: 36px !important;
    padding-bottom: 36px !important;
  }

  .py60-mm {
    padding-top: 60px !important;
    padding-bottom: 60px !important;
  }

  .py120-mm {
    padding-top: 120px !important;
    padding-bottom: 120px !important;
  }

  .py180-mm {
    padding-top: 180px !important;
    padding-bottom: 180px !important;
  }

  .py240-mm {
    padding-top: 240px !important;
    padding-bottom: 240px !important;
  }

  .py300-mm {
    padding-top: 300px !important;
    padding-bottom: 300px !important;
  }

  .py360-mm {
    padding-top: 360px !important;
    padding-bottom: 360px !important;
  }

  .px0-mm {
    padding-left: 0 !important;
    padding-right: 0 !important;
  }

  .px3-mm {
    padding-left: 3px !important;
    padding-right: 3px !important;
  }

  .px6-mm {
    padding-left: 6px !important;
    padding-right: 6px !important;
  }

  .px12-mm {
    padding-left: 12px !important;
    padding-right: 12px !important;
  }

  .px18-mm {
    padding-left: 18px !important;
    padding-right: 18px !important;
  }

  .px24-mm {
    padding-left: 24px !important;
    padding-right: 24px !important;
  }

  .px30-mm {
    padding-left: 30px !important;
    padding-right: 30px !important;
  }

  .px36-mm {
    padding-left: 36px !important;
    padding-right: 36px !important;
  }

  .px60-mm {
    padding-left: 60px !important;
    padding-right: 60px !important;
  }

  .px120-mm {
    padding-left: 120px !important;
    padding-right: 120px !important;
  }

  .px180-mm {
    padding-left: 180px !important;
    padding-right: 180px !important;
  }

  .px240-mm {
    padding-left: 240px !important;
    padding-right: 240px !important;
  }

  .px300-mm {
    padding-left: 300px !important;
    padding-right: 300px !important;
  }

  .px360-mm {
    padding-left: 360px !important;
    padding-right: 360px !important;
  }

  .pt0-mm {
    padding-top: 0 !important;
  }

  .pt3-mm {
    padding-top: 3px !important;
  }

  .pt6-mm {
    padding-top: 6px !important;
  }

  .pt12-mm {
    padding-top: 12px !important;
  }

  .pt18-mm {
    padding-top: 18px !important;
  }

  .pt24-mm {
    padding-top: 24px !important;
  }

  .pt30-mm {
    padding-top: 30px !important;
  }

  .pt36-mm {
    padding-top: 36px !important;
  }

  .pt60-mm {
    padding-top: 60px !important;
  }

  .pt120-mm {
    padding-top: 120px !important;
  }

  .pt180-mm {
    padding-top: 180px !important;
  }

  .pt240-mm {
    padding-top: 240px !important;
  }

  .pt300-mm {
    padding-top: 300px !important;
  }

  .pt360-mm {
    padding-top: 360px !important;
  }

  .pr0-mm {
    padding-right: 0 !important;
  }

  .pr3-mm {
    padding-right: 3px !important;
  }

  .pr6-mm {
    padding-right: 6px !important;
  }

  .pr12-mm {
    padding-right: 12px !important;
  }

  .pr18-mm {
    padding-right: 18px !important;
  }

  .pr24-mm {
    padding-right: 24px !important;
  }

  .pr30-mm {
    padding-right: 30px !important;
  }

  .pr36-mm {
    padding-right: 36px !important;
  }

  .pr60-mm {
    padding-right: 60px !important;
  }

  .pr120-mm {
    padding-right: 120px !important;
  }

  .pr180-mm {
    padding-right: 180px !important;
  }

  .pr240-mm {
    padding-right: 240px !important;
  }

  .pr300-mm {
    padding-right: 300px !important;
  }

  .pr360-mm {
    padding-right: 360px !important;
  }

  .pb0-mm {
    padding-bottom: 0 !important;
  }

  .pb3-mm {
    padding-bottom: 3px !important;
  }

  .pb6-mm {
    padding-bottom: 6px !important;
  }

  .pb12-mm {
    padding-bottom: 12px !important;
  }

  .pb18-mm {
    padding-bottom: 18px !important;
  }

  .pb24-mm {
    padding-bottom: 24px !important;
  }

  .pb30-mm {
    padding-bottom: 30px !important;
  }

  .pb36-mm {
    padding-bottom: 36px !important;
  }

  .pb60-mm {
    padding-bottom: 60px !important;
  }

  .pb120-mm {
    padding-bottom: 120px !important;
  }

  .pb180-mm {
    padding-bottom: 180px !important;
  }

  .pb240-mm {
    padding-bottom: 240px !important;
  }

  .pb300-mm {
    padding-bottom: 300px !important;
  }

  .pb360-mm {
    padding-bottom: 360px !important;
  }

  .pl0-mm {
    padding-left: 0 !important;
  }

  .pl3-mm {
    padding-left: 3px !important;
  }

  .pl6-mm {
    padding-left: 6px !important;
  }

  .pl12-mm {
    padding-left: 12px !important;
  }

  .pl18-mm {
    padding-left: 18px !important;
  }

  .pl24-mm {
    padding-left: 24px !important;
  }

  .pl30-mm {
    padding-left: 30px !important;
  }

  .pl36-mm {
    padding-left: 36px !important;
  }

  .pl60-mm {
    padding-left: 60px !important;
  }

  .pl120-mm {
    padding-left: 120px !important;
  }

  .pl180-mm {
    padding-left: 180px !important;
  }

  .pl240-mm {
    padding-left: 240px !important;
  }

  .pl300-mm {
    padding-left: 300px !important;
  }

  .pl360-mm {
    padding-left: 360px !important;
  }

  .w0-mm {
    width: 0 !important;
  }

  .w3-mm {
    width: 3px !important;
  }

  .w6-mm {
    width: 6px !important;
  }

  .w12-mm {
    width: 12px !important;
  }

  .w18-mm {
    width: 18px !important;
  }

  .w24-mm {
    width: 24px !important;
  }

  .w30-mm {
    width: 30px !important;
  }

  .w36-mm {
    width: 36px !important;
  }

  .w60-mm {
    width: 60px !important;
  }

  .w120-mm {
    width: 120px !important;
  }

  .w180-mm {
    width: 180px !important;
  }

  .w240-mm {
    width: 240px !important;
  }

  .w300-mm {
    width: 300px !important;
  }

  .w360-mm {
    width: 360px !important;
  }

  .w600-mm {
    width: 600px !important;
  }

  .w-full-mm {
    width: 100% !important;
  }

  .w-auto-mm {
    width: auto !important;
  }

  .wmax0-mm {
    max-width: 0 !important;
  }

  .wmax3-mm {
    max-width: 3px !important;
  }

  .wmax6-mm {
    max-width: 6px !important;
  }

  .wmax12-mm {
    max-width: 12px !important;
  }

  .wmax18-mm {
    max-width: 18px !important;
  }

  .wmax24-mm {
    max-width: 24px !important;
  }

  .wmax30-mm {
    max-width: 30px !important;
  }

  .wmax36-mm {
    max-width: 36px !important;
  }

  .wmax60-mm {
    max-width: 60px !important;
  }

  .wmax120-mm {
    max-width: 120px !important;
  }

  .wmax180-mm {
    max-width: 180px !important;
  }

  .wmax240-mm {
    max-width: 240px !important;
  }

  .wmax300-mm {
    max-width: 300px !important;
  }

  .wmax360-mm {
    max-width: 360px !important;
  }

  .wmax600-mm {
    max-width: 600px !important;
  }

  .wmax1200-mm {
    max-width: 1200px !important;
  }

  .wmax1800-mm {
    max-width: 1800px !important;
  }

  .wmax-full-mm {
    max-width: 100% !important;
  }

  .wmax-none-mm {
    max-width: none !important;
  }

  .wmin0-mm {
    min-width: 0 !important;
  }

  .wmin3-mm {
    min-width: 3px !important;
  }

  .wmin6-mm {
    min-width: 6px !important;
  }

  .wmin12-mm {
    min-width: 12px !important;
  }

  .wmin18-mm {
    min-width: 18px !important;
  }

  .wmin24-mm {
    min-width: 24px !important;
  }

  .wmin30-mm {
    min-width: 30px !important;
  }

  .wmin36-mm {
    min-width: 36px !important;
  }

  .wmin60-mm {
    min-width: 60px !important;
  }

  .wmin120-mm {
    min-width: 120px !important;
  }

  .wmin180-mm {
    min-width: 180px !important;
  }

  .wmin240-mm {
    min-width: 240px !important;
  }

  .wmin300-mm {
    min-width: 300px !important;
  }

  .wmin360-mm {
    min-width: 360px !important;
  }

  .wmin600-mm {
    min-width: 600px !important;
  }

  .wmin-full-mm {
    min-width: 100% !important;
  }

  .h0-mm {
    height: 0 !important;
  }

  .h3-mm {
    height: 3px !important;
  }

  .h6-mm {
    height: 6px !important;
  }

  .h12-mm {
    height: 12px !important;
  }

  .h18-mm {
    height: 18px !important;
  }

  .h24-mm {
    height: 24px !important;
  }

  .h30-mm {
    height: 30px !important;
  }

  .h36-mm {
    height: 36px !important;
  }

  .h60-mm {
    height: 60px !important;
  }

  .h120-mm {
    height: 120px !important;
  }

  .h180-mm {
    height: 180px !important;
  }

  .h240-mm {
    height: 240px !important;
  }

  .h300-mm {
    height: 300px !important;
  }

  .h360-mm {
    height: 360px !important;
  }

  .h600-mm {
    height: 600px !important;
  }

  .h-full-mm {
    height: 100% !important;
  }

  .h-auto-mm {
    height: auto !important;
  }

  .hmax0-mm {
    max-height: 0 !important;
  }

  .hmax3-mm {
    max-height: 3px !important;
  }

  .hmax6-mm {
    max-height: 6px !important;
  }

  .hmax12-mm {
    max-height: 12px !important;
  }

  .hmax18-mm {
    max-height: 18px !important;
  }

  .hmax24-mm {
    max-height: 24px !important;
  }

  .hmax30-mm {
    max-height: 30px !important;
  }

  .hmax36-mm {
    max-height: 36px !important;
  }

  .hmax60-mm {
    max-height: 60px !important;
  }

  .hmax120-mm {
    max-height: 120px !important;
  }

  .hmax180-mm {
    max-height: 180px !important;
  }

  .hmax240-mm {
    max-height: 240px !important;
  }

  .hmax300-mm {
    max-height: 300px !important;
  }

  .hmax360-mm {
    max-height: 360px !important;
  }

  .hmax600-mm {
    max-height: 600px !important;
  }

  .hmax-full-mm {
    max-height: 100% !important;
  }

  .hmax-none-mm {
    max-height: none !important;
  }

  .hmin0-mm {
    min-height: 0 !important;
  }

  .hmin3-mm {
    min-height: 3px !important;
  }

  .hmin6-mm {
    min-height: 6px !important;
  }

  .hmin12-mm {
    min-height: 12px !important;
  }

  .hmin18-mm {
    min-height: 18px !important;
  }

  .hmin24-mm {
    min-height: 24px !important;
  }

  .hmin30-mm {
    min-height: 30px !important;
  }

  .hmin36-mm {
    min-height: 36px !important;
  }

  .hmin60-mm {
    min-height: 60px !important;
  }

  .hmin120-mm {
    min-height: 120px !important;
  }

  .hmin180-mm {
    min-height: 180px !important;
  }

  .hmin240-mm {
    min-height: 240px !important;
  }

  .hmin300-mm {
    min-height: 300px !important;
  }

  .hmin360-mm {
    min-height: 360px !important;
  }

  .hmin600-mm {
    min-height: 600px !important;
  }

  .hmin-full-mm {
    min-height: 100% !important;
  }

}

@media screen and (min-width: 800px) {

  .grid--gut0-ml {
    margin-left: -0;
  }

  .grid--gut3-ml {
    margin-left: -3px;
  }

  .grid--gut6-ml {
    margin-left: -6px;
  }

  .grid--gut12-ml {
    margin-left: -12px;
  }

  .grid--gut18-ml {
    margin-left: -18px;
  }

  .grid--gut24-ml {
    margin-left: -24px;
  }

  .grid--gut30-ml {
    margin-left: -30px;
  }

  .grid--gut36-ml {
    margin-left: -36px;
  }

  .grid--gut60-ml {
    margin-left: -60px;
  }

  .grid--gut120-ml {
    margin-left: -120px;
  }

  .grid--gut0-ml > .col,
  .grid--gut0-ml > .col-mm,
  .grid--gut0-ml > .col-ml,
  .grid--gut0-ml > .col-mxl {
    padding-left: 0;
  }

  .grid--gut3-ml > .col,
  .grid--gut3-ml > .col-mm,
  .grid--gut3-ml > .col-ml,
  .grid--gut3-ml > .col-mxl {
    padding-left: 3px;
  }

  .grid--gut6-ml > .col,
  .grid--gut6-ml > .col-mm,
  .grid--gut6-ml > .col-ml,
  .grid--gut6-ml > .col-mxl {
    padding-left: 6px;
  }

  .grid--gut12-ml > .col,
  .grid--gut12-ml > .col-mm,
  .grid--gut12-ml > .col-ml,
  .grid--gut12-ml > .col-mxl {
    padding-left: 12px;
  }

  .grid--gut18-ml > .col,
  .grid--gut18-ml > .col-mm,
  .grid--gut18-ml > .col-ml,
  .grid--gut18-ml > .col-mxl {
    padding-left: 18px;
  }

  .grid--gut24-ml > .col,
  .grid--gut24-ml > .col-mm,
  .grid--gut24-ml > .col-ml,
  .grid--gut24-ml > .col-mxl {
    padding-left: 24px;
  }

  .grid--gut30-ml > .col,
  .grid--gut30-ml > .col-mm,
  .grid--gut30-ml > .col-ml,
  .grid--gut30-ml > .col-mxl {
    padding-left: 30px;
  }

  .grid--gut36-ml > .col,
  .grid--gut36-ml > .col-mm,
  .grid--gut36-ml > .col-ml,
  .grid--gut36-ml > .col-mxl {
    padding-left: 36px;
  }

  .grid--gut60-ml > .col,
  .grid--gut60-ml > .col-mm,
  .grid--gut60-ml > .col-ml,
  .grid--gut60-ml > .col-mxl {
    padding-left: 60px;
  }

  .grid--gut120-ml > .col,
  .grid--gut120-ml > .col-mm,
  .grid--gut120-ml > .col-ml,
  .grid--gut120-ml > .col-mxl {
    padding-left: 120px;
  }

  .my-neg1-ml {
    margin-top: -1px !important;
    margin-bottom: -1px !important;
  }

  .my-neg2-ml {
    margin-top: -2px !important;
    margin-bottom: -2px !important;
  }

  .my-neg3-ml {
    margin-top: -3px !important;
    margin-bottom: -3px !important;
  }

  .my-neg6-ml {
    margin-top: -6px !important;
    margin-bottom: -6px !important;
  }

  .my-neg12-ml {
    margin-top: -12px !important;
    margin-bottom: -12px !important;
  }

  .my-neg18-ml {
    margin-top: -18px !important;
    margin-bottom: -18px !important;
  }

  .my-neg24-ml {
    margin-top: -24px !important;
    margin-bottom: -24px !important;
  }

  .my-neg30-ml {
    margin-top: -30px !important;
    margin-bottom: -30px !important;
  }

  .my-neg36-ml {
    margin-top: -36px !important;
    margin-bottom: -36px !important;
  }

  .my-neg60-ml {
    margin-top: -60px !important;
    margin-bottom: -60px !important;
  }

  .my-neg120-ml {
    margin-top: -120px !important;
    margin-bottom: -120px !important;
  }

  .my-neg180-ml {
    margin-top: -180px !important;
    margin-bottom: -180px !important;
  }

  .my-neg240-ml {
    margin-top: -240px !important;
    margin-bottom: -240px !important;
  }

  .my-neg300-ml {
    margin-top: -300px !important;
    margin-bottom: -300px !important;
  }

  .my-neg360-ml {
    margin-top: -360px !important;
    margin-bottom: -360px !important;
  }

  .my0-ml {
    margin-top: 0 !important;
    margin-bottom: 0 !important;
  }

  .my3-ml {
    margin-top: 3px !important;
    margin-bottom: 3px !important;
  }

  .my6-ml {
    margin-top: 6px !important;
    margin-bottom: 6px !important;
  }

  .my12-ml {
    margin-top: 12px !important;
    margin-bottom: 12px !important;
  }

  .my18-ml {
    margin-top: 18px !important;
    margin-bottom: 18px !important;
  }

  .my24-ml {
    margin-top: 24px !important;
    margin-bottom: 24px !important;
  }

  .my30-ml {
    margin-top: 30px !important;
    margin-bottom: 30px !important;
  }

  .my36-ml {
    margin-top: 36px !important;
    margin-bottom: 36px !important;
  }

  .my60-ml {
    margin-top: 60px !important;
    margin-bottom: 60px !important;
  }

  .my120-ml {
    margin-top: 120px !important;
    margin-bottom: 120px !important;
  }

  .my180-ml {
    margin-top: 180px !important;
    margin-bottom: 180px !important;
  }

  .my240-ml {
    margin-top: 240px !important;
    margin-bottom: 240px !important;
  }

  .my300-ml {
    margin-top: 300px !important;
    margin-bottom: 300px !important;
  }

  .my360-ml {
    margin-top: 360px !important;
    margin-bottom: 360px !important;
  }

  .mx-neg1-ml {
    margin-left: -1px !important;
    margin-right: -1px !important;
  }

  .mx-neg2-ml {
    margin-left: -2px !important;
    margin-right: -2px !important;
  }

  .mx-neg3-ml {
    margin-left: -3px !important;
    margin-right: -3px !important;
  }

  .mx-neg6-ml {
    margin-left: -6px !important;
    margin-right: -6px !important;
  }

  .mx-neg12-ml {
    margin-left: -12px !important;
    margin-right: -12px !important;
  }

  .mx-neg18-ml {
    margin-left: -18px !important;
    margin-right: -18px !important;
  }

  .mx-neg24-ml {
    margin-left: -24px !important;
    margin-right: -24px !important;
  }

  .mx-neg30-ml {
    margin-left: -30px !important;
    margin-right: -30px !important;
  }

  .mx-neg36-ml {
    margin-left: -36px !important;
    margin-right: -36px !important;
  }

  .mx-neg60-ml {
    margin-left: -60px !important;
    margin-right: -60px !important;
  }

  .mx-neg120-ml {
    margin-left: -120px !important;
    margin-right: -120px !important;
  }

  .mx-neg180-ml {
    margin-left: -180px !important;
    margin-right: -180px !important;
  }

  .mx-neg240-ml {
    margin-left: -240px !important;
    margin-right: -240px !important;
  }

  .mx-neg300-ml {
    margin-left: -300px !important;
    margin-right: -300px !important;
  }

  .mx-neg360-ml {
    margin-left: -360px !important;
    margin-right: -360px !important;
  }

  .mx0-ml {
    margin-left: 0 !important;
    margin-right: 0 !important;
  }

  .mx3-ml {
    margin-left: 3px !important;
    margin-right: 3px !important;
  }

  .mx6-ml {
    margin-left: 6px !important;
    margin-right: 6px !important;
  }

  .mx12-ml {
    margin-left: 12px !important;
    margin-right: 12px !important;
  }

  .mx18-ml {
    margin-left: 18px !important;
    margin-right: 18px !important;
  }

  .mx24-ml {
    margin-left: 24px !important;
    margin-right: 24px !important;
  }

  .mx30-ml {
    margin-left: 30px !important;
    margin-right: 30px !important;
  }

  .mx36-ml {
    margin-left: 36px !important;
    margin-right: 36px !important;
  }

  .mx60-ml {
    margin-left: 60px !important;
    margin-right: 60px !important;
  }

  .mx120-ml {
    margin-left: 120px !important;
    margin-right: 120px !important;
  }

  .mx180-ml {
    margin-left: 180px !important;
    margin-right: 180px !important;
  }

  .mx240-ml {
    margin-left: 240px !important;
    margin-right: 240px !important;
  }

  .mx300-ml {
    margin-left: 300px !important;
    margin-right: 300px !important;
  }

  .mx360-ml {
    margin-left: 360px !important;
    margin-right: 360px !important;
  }

  .mt-neg1-ml {
    margin-top: -1px !important;
  }

  .mt-neg2-ml {
    margin-top: -2px !important;
  }

  .mt-neg3-ml {
    margin-top: -3px !important;
  }

  .mt-neg6-ml {
    margin-top: -6px !important;
  }

  .mt-neg12-ml {
    margin-top: -12px !important;
  }

  .mt-neg18-ml {
    margin-top: -18px !important;
  }

  .mt-neg24-ml {
    margin-top: -24px !important;
  }

  .mt-neg30-ml {
    margin-top: -30px !important;
  }

  .mt-neg36-ml {
    margin-top: -36px !important;
  }

  .mt-neg60-ml {
    margin-top: -60px !important;
  }

  .mt-neg120-ml {
    margin-top: -120px !important;
  }

  .mt-neg180-ml {
    margin-top: -180px !important;
  }

  .mt-neg240-ml {
    margin-top: -240px !important;
  }

  .mt-neg300-ml {
    margin-top: -300px !important;
  }

  .mt-neg360-ml {
    margin-top: -360px !important;
  }

  .mt0-ml {
    margin-top: 0 !important;
  }

  .mt3-ml {
    margin-top: 3px !important;
  }

  .mt6-ml {
    margin-top: 6px !important;
  }

  .mt12-ml {
    margin-top: 12px !important;
  }

  .mt18-ml {
    margin-top: 18px !important;
  }

  .mt24-ml {
    margin-top: 24px !important;
  }

  .mt30-ml {
    margin-top: 30px !important;
  }

  .mt36-ml {
    margin-top: 36px !important;
  }

  .mt60-ml {
    margin-top: 60px !important;
  }

  .mt120-ml {
    margin-top: 120px !important;
  }

  .mt180-ml {
    margin-top: 180px !important;
  }

  .mt240-ml {
    margin-top: 240px !important;
  }

  .mt300-ml {
    margin-top: 300px !important;
  }

  .mt360-ml {
    margin-top: 360px !important;
  }

  .mr-neg1-ml {
    margin-right: -1px !important;
  }

  .mr-neg2-ml {
    margin-right: -2px !important;
  }

  .mr-neg3-ml {
    margin-right: -3px !important;
  }

  .mr-neg6-ml {
    margin-right: -6px !important;
  }

  .mr-neg12-ml {
    margin-right: -12px !important;
  }

  .mr-neg18-ml {
    margin-right: -18px !important;
  }

  .mr-neg24-ml {
    margin-right: -24px !important;
  }

  .mr-neg30-ml {
    margin-right: -30px !important;
  }

  .mr-neg36-ml {
    margin-right: -36px !important;
  }

  .mr-neg60-ml {
    margin-right: -60px !important;
  }

  .mr-neg120-ml {
    margin-right: -120px !important;
  }

  .mr-neg180-ml {
    margin-right: -180px !important;
  }

  .mr-neg240-ml {
    margin-right: -240px !important;
  }

  .mr-neg300-ml {
    margin-right: -300px !important;
  }

  .mr-neg360-ml {
    margin-right: -360px !important;
  }

  .mr0-ml {
    margin-right: 0 !important;
  }

  .mr3-ml {
    margin-right: 3px !important;
  }

  .mr6-ml {
    margin-right: 6px !important;
  }

  .mr12-ml {
    margin-right: 12px !important;
  }

  .mr18-ml {
    margin-right: 18px !important;
  }

  .mr24-ml {
    margin-right: 24px !important;
  }

  .mr30-ml {
    margin-right: 30px !important;
  }

  .mr36-ml {
    margin-right: 36px !important;
  }

  .mr60-ml {
    margin-right: 60px !important;
  }

  .mr120-ml {
    margin-right: 120px !important;
  }

  .mr180-ml {
    margin-right: 180px !important;
  }

  .mr240-ml {
    margin-right: 240px !important;
  }

  .mr300-ml {
    margin-right: 300px !important;
  }

  .mr360-ml {
    margin-right: 360px !important;
  }

  .mb-neg1-ml {
    margin-bottom: -1px !important;
  }

  .mb-neg2-ml {
    margin-bottom: -2px !important;
  }

  .mb-neg3-ml {
    margin-bottom: -3px !important;
  }

  .mb-neg6-ml {
    margin-bottom: -6px !important;
  }

  .mb-neg12-ml {
    margin-bottom: -12px !important;
  }

  .mb-neg18-ml {
    margin-bottom: -18px !important;
  }

  .mb-neg24-ml {
    margin-bottom: -24px !important;
  }

  .mb-neg30-ml {
    margin-bottom: -30px !important;
  }

  .mb-neg36-ml {
    margin-bottom: -36px !important;
  }

  .mb-neg60-ml {
    margin-bottom: -60px !important;
  }

  .mb-neg120-ml {
    margin-bottom: -120px !important;
  }

  .mb-neg180-ml {
    margin-bottom: -180px !important;
  }

  .mb-neg240-ml {
    margin-bottom: -240px !important;
  }

  .mb-neg300-ml {
    margin-bottom: -300px !important;
  }

  .mb-neg360-ml {
    margin-bottom: -360px !important;
  }

  .mb0-ml {
    margin-bottom: 0 !important;
  }

  .mb3-ml {
    margin-bottom: 3px !important;
  }

  .mb6-ml {
    margin-bottom: 6px !important;
  }

  .mb12-ml {
    margin-bottom: 12px !important;
  }

  .mb18-ml {
    margin-bottom: 18px !important;
  }

  .mb24-ml {
    margin-bottom: 24px !important;
  }

  .mb30-ml {
    margin-bottom: 30px !important;
  }

  .mb36-ml {
    margin-bottom: 36px !important;
  }

  .mb60-ml {
    margin-bottom: 60px !important;
  }

  .mb120-ml {
    margin-bottom: 120px !important;
  }

  .mb180-ml {
    margin-bottom: 180px !important;
  }

  .mb240-ml {
    margin-bottom: 240px !important;
  }

  .mb300-ml {
    margin-bottom: 300px !important;
  }

  .mb360-ml {
    margin-bottom: 360px !important;
  }

  .ml-neg1-ml {
    margin-left: -1px !important;
  }

  .ml-neg2-ml {
    margin-left: -2px !important;
  }

  .ml-neg3-ml {
    margin-left: -3px !important;
  }

  .ml-neg6-ml {
    margin-left: -6px !important;
  }

  .ml-neg12-ml {
    margin-left: -12px !important;
  }

  .ml-neg18-ml {
    margin-left: -18px !important;
  }

  .ml-neg24-ml {
    margin-left: -24px !important;
  }

  .ml-neg30-ml {
    margin-left: -30px !important;
  }

  .ml-neg36-ml {
    margin-left: -36px !important;
  }

  .ml-neg60-ml {
    margin-left: -60px !important;
  }

  .ml-neg120-ml {
    margin-left: -120px !important;
  }

  .ml-neg180-ml {
    margin-left: -180px !important;
  }

  .ml-neg240-ml {
    margin-left: -240px !important;
  }

  .ml-neg300-ml {
    margin-left: -300px !important;
  }

  .ml-neg360-ml {
    margin-left: -360px !important;
  }

  .ml0-ml {
    margin-left: 0 !important;
  }

  .ml3-ml {
    margin-left: 3px !important;
  }

  .ml6-ml {
    margin-left: 6px !important;
  }

  .ml12-ml {
    margin-left: 12px !important;
  }

  .ml18-ml {
    margin-left: 18px !important;
  }

  .ml24-ml {
    margin-left: 24px !important;
  }

  .ml30-ml {
    margin-left: 30px !important;
  }

  .ml36-ml {
    margin-left: 36px !important;
  }

  .ml60-ml {
    margin-left: 60px !important;
  }

  .ml120-ml {
    margin-left: 120px !important;
  }

  .ml180-ml {
    margin-left: 180px !important;
  }

  .ml240-ml {
    margin-left: 240px !important;
  }

  .ml300-ml {
    margin-left: 300px !important;
  }

  .ml360-ml {
    margin-left: 360px !important;
  }

  .py0-ml {
    padding-top: 0 !important;
    padding-bottom: 0 !important;
  }

  .py3-ml {
    padding-top: 3px !important;
    padding-bottom: 3px !important;
  }

  .py6-ml {
    padding-top: 6px !important;
    padding-bottom: 6px !important;
  }

  .py12-ml {
    padding-top: 12px !important;
    padding-bottom: 12px !important;
  }

  .py18-ml {
    padding-top: 18px !important;
    padding-bottom: 18px !important;
  }

  .py24-ml {
    padding-top: 24px !important;
    padding-bottom: 24px !important;
  }

  .py30-ml {
    padding-top: 30px !important;
    padding-bottom: 30px !important;
  }

  .py36-ml {
    padding-top: 36px !important;
    padding-bottom: 36px !important;
  }

  .py60-ml {
    padding-top: 60px !important;
    padding-bottom: 60px !important;
  }

  .py120-ml {
    padding-top: 120px !important;
    padding-bottom: 120px !important;
  }

  .py180-ml {
    padding-top: 180px !important;
    padding-bottom: 180px !important;
  }

  .py240-ml {
    padding-top: 240px !important;
    padding-bottom: 240px !important;
  }

  .py300-ml {
    padding-top: 300px !important;
    padding-bottom: 300px !important;
  }

  .py360-ml {
    padding-top: 360px !important;
    padding-bottom: 360px !important;
  }

  .px0-ml {
    padding-left: 0 !important;
    padding-right: 0 !important;
  }

  .px3-ml {
    padding-left: 3px !important;
    padding-right: 3px !important;
  }

  .px6-ml {
    padding-left: 6px !important;
    padding-right: 6px !important;
  }

  .px12-ml {
    padding-left: 12px !important;
    padding-right: 12px !important;
  }

  .px18-ml {
    padding-left: 18px !important;
    padding-right: 18px !important;
  }

  .px24-ml {
    padding-left: 24px !important;
    padding-right: 24px !important;
  }

  .px30-ml {
    padding-left: 30px !important;
    padding-right: 30px !important;
  }

  .px36-ml {
    padding-left: 36px !important;
    padding-right: 36px !important;
  }

  .px60-ml {
    padding-left: 60px !important;
    padding-right: 60px !important;
  }

  .px120-ml {
    padding-left: 120px !important;
    padding-right: 120px !important;
  }

  .px180-ml {
    padding-left: 180px !important;
    padding-right: 180px !important;
  }

  .px240-ml {
    padding-left: 240px !important;
    padding-right: 240px !important;
  }

  .px300-ml {
    padding-left: 300px !important;
    padding-right: 300px !important;
  }

  .px360-ml {
    padding-left: 360px !important;
    padding-right: 360px !important;
  }

  .pt0-ml {
    padding-top: 0 !important;
  }

  .pt3-ml {
    padding-top: 3px !important;
  }

  .pt6-ml {
    padding-top: 6px !important;
  }

  .pt12-ml {
    padding-top: 12px !important;
  }

  .pt18-ml {
    padding-top: 18px !important;
  }

  .pt24-ml {
    padding-top: 24px !important;
  }

  .pt30-ml {
    padding-top: 30px !important;
  }

  .pt36-ml {
    padding-top: 36px !important;
  }

  .pt60-ml {
    padding-top: 60px !important;
  }

  .pt120-ml {
    padding-top: 120px !important;
  }

  .pt180-ml {
    padding-top: 180px !important;
  }

  .pt240-ml {
    padding-top: 240px !important;
  }

  .pt300-ml {
    padding-top: 300px !important;
  }

  .pt360-ml {
    padding-top: 360px !important;
  }

  .pr0-ml {
    padding-right: 0 !important;
  }

  .pr3-ml {
    padding-right: 3px !important;
  }

  .pr6-ml {
    padding-right: 6px !important;
  }

  .pr12-ml {
    padding-right: 12px !important;
  }

  .pr18-ml {
    padding-right: 18px !important;
  }

  .pr24-ml {
    padding-right: 24px !important;
  }

  .pr30-ml {
    padding-right: 30px !important;
  }

  .pr36-ml {
    padding-right: 36px !important;
  }

  .pr60-ml {
    padding-right: 60px !important;
  }

  .pr120-ml {
    padding-right: 120px !important;
  }

  .pr180-ml {
    padding-right: 180px !important;
  }

  .pr240-ml {
    padding-right: 240px !important;
  }

  .pr300-ml {
    padding-right: 300px !important;
  }

  .pr360-ml {
    padding-right: 360px !important;
  }

  .pb0-ml {
    padding-bottom: 0 !important;
  }

  .pb3-ml {
    padding-bottom: 3px !important;
  }

  .pb6-ml {
    padding-bottom: 6px !important;
  }

  .pb12-ml {
    padding-bottom: 12px !important;
  }

  .pb18-ml {
    padding-bottom: 18px !important;
  }

  .pb24-ml {
    padding-bottom: 24px !important;
  }

  .pb30-ml {
    padding-bottom: 30px !important;
  }

  .pb36-ml {
    padding-bottom: 36px !important;
  }

  .pb60-ml {
    padding-bottom: 60px !important;
  }

  .pb120-ml {
    padding-bottom: 120px !important;
  }

  .pb180-ml {
    padding-bottom: 180px !important;
  }

  .pb240-ml {
    padding-bottom: 240px !important;
  }

  .pb300-ml {
    padding-bottom: 300px !important;
  }

  .pb360-ml {
    padding-bottom: 360px !important;
  }

  .pl0-ml {
    padding-left: 0 !important;
  }

  .pl3-ml {
    padding-left: 3px !important;
  }

  .pl6-ml {
    padding-left: 6px !important;
  }

  .pl12-ml {
    padding-left: 12px !important;
  }

  .pl18-ml {
    padding-left: 18px !important;
  }

  .pl24-ml {
    padding-left: 24px !important;
  }

  .pl30-ml {
    padding-left: 30px !important;
  }

  .pl36-ml {
    padding-left: 36px !important;
  }

  .pl60-ml {
    padding-left: 60px !important;
  }

  .pl120-ml {
    padding-left: 120px !important;
  }

  .pl180-ml {
    padding-left: 180px !important;
  }

  .pl240-ml {
    padding-left: 240px !important;
  }

  .pl300-ml {
    padding-left: 300px !important;
  }

  .pl360-ml {
    padding-left: 360px !important;
  }

  .w0-ml {
    width: 0 !important;
  }

  .w3-ml {
    width: 3px !important;
  }

  .w6-ml {
    width: 6px !important;
  }

  .w12-ml {
    width: 12px !important;
  }

  .w18-ml {
    width: 18px !important;
  }

  .w24-ml {
    width: 24px !important;
  }

  .w30-ml {
    width: 30px !important;
  }

  .w36-ml {
    width: 36px !important;
  }

  .w60-ml {
    width: 60px !important;
  }

  .w120-ml {
    width: 120px !important;
  }

  .w180-ml {
    width: 180px !important;
  }

  .w240-ml {
    width: 240px !important;
  }

  .w300-ml {
    width: 300px !important;
  }

  .w360-ml {
    width: 360px !important;
  }

  .w600-ml {
    width: 600px !important;
  }

  .w-full-ml {
    width: 100% !important;
  }

  .w-auto-ml {
    width: auto !important;
  }

  .wmax0-ml {
    max-width: 0 !important;
  }

  .wmax3-ml {
    max-width: 3px !important;
  }

  .wmax6-ml {
    max-width: 6px !important;
  }

  .wmax12-ml {
    max-width: 12px !important;
  }

  .wmax18-ml {
    max-width: 18px !important;
  }

  .wmax24-ml {
    max-width: 24px !important;
  }

  .wmax30-ml {
    max-width: 30px !important;
  }

  .wmax36-ml {
    max-width: 36px !important;
  }

  .wmax60-ml {
    max-width: 60px !important;
  }

  .wmax120-ml {
    max-width: 120px !important;
  }

  .wmax180-ml {
    max-width: 180px !important;
  }

  .wmax240-ml {
    max-width: 240px !important;
  }

  .wmax300-ml {
    max-width: 300px !important;
  }

  .wmax360-ml {
    max-width: 360px !important;
  }

  .wmax600-ml {
    max-width: 600px !important;
  }

  .wmax1200-ml {
    max-width: 1200px !important;
  }

  .wmax1800-ml {
    max-width: 1800px !important;
  }

  .wmax-full-ml {
    max-width: 100% !important;
  }

  .wmax-none-ml {
    max-width: none !important;
  }

  .wmin0-ml {
    min-width: 0 !important;
  }

  .wmin3-ml {
    min-width: 3px !important;
  }

  .wmin6-ml {
    min-width: 6px !important;
  }

  .wmin12-ml {
    min-width: 12px !important;
  }

  .wmin18-ml {
    min-width: 18px !important;
  }

  .wmin24-ml {
    min-width: 24px !important;
  }

  .wmin30-ml {
    min-width: 30px !important;
  }

  .wmin36-ml {
    min-width: 36px !important;
  }

  .wmin60-ml {
    min-width: 60px !important;
  }

  .wmin120-ml {
    min-width: 120px !important;
  }

  .wmin180-ml {
    min-width: 180px !important;
  }

  .wmin240-ml {
    min-width: 240px !important;
  }

  .wmin300-ml {
    min-width: 300px !important;
  }

  .wmin360-ml {
    min-width: 360px !important;
  }

  .wmin600-ml {
    min-width: 600px !important;
  }

  .wmin-full-ml {
    min-width: 100% !important;
  }

  .h0-ml {
    height: 0 !important;
  }

  .h3-ml {
    height: 3px !important;
  }

  .h6-ml {
    height: 6px !important;
  }

  .h12-ml {
    height: 12px !important;
  }

  .h18-ml {
    height: 18px !important;
  }

  .h24-ml {
    height: 24px !important;
  }

  .h30-ml {
    height: 30px !important;
  }

  .h36-ml {
    height: 36px !important;
  }

  .h60-ml {
    height: 60px !important;
  }

  .h120-ml {
    height: 120px !important;
  }

  .h180-ml {
    height: 180px !important;
  }

  .h240-ml {
    height: 240px !important;
  }

  .h300-ml {
    height: 300px !important;
  }

  .h360-ml {
    height: 360px !important;
  }

  .h600-ml {
    height: 600px !important;
  }

  .h-full-ml {
    height: 100% !important;
  }

  .h-auto-ml {
    height: auto !important;
  }

  .hmax0-ml {
    max-height: 0 !important;
  }

  .hmax3-ml {
    max-height: 3px !important;
  }

  .hmax6-ml {
    max-height: 6px !important;
  }

  .hmax12-ml {
    max-height: 12px !important;
  }

  .hmax18-ml {
    max-height: 18px !important;
  }

  .hmax24-ml {
    max-height: 24px !important;
  }

  .hmax30-ml {
    max-height: 30px !important;
  }

  .hmax36-ml {
    max-height: 36px !important;
  }

  .hmax60-ml {
    max-height: 60px !important;
  }

  .hmax120-ml {
    max-height: 120px !important;
  }

  .hmax180-ml {
    max-height: 180px !important;
  }

  .hmax240-ml {
    max-height: 240px !important;
  }

  .hmax300-ml {
    max-height: 300px !important;
  }

  .hmax360-ml {
    max-height: 360px !important;
  }

  .hmax600-ml {
    max-height: 600px !important;
  }

  .hmax-full-ml {
    max-height: 100% !important;
  }

  .hmax-none-ml {
    max-height: none !important;
  }

  .hmin0-ml {
    min-height: 0 !important;
  }

  .hmin3-ml {
    min-height: 3px !important;
  }

  .hmin6-ml {
    min-height: 6px !important;
  }

  .hmin12-ml {
    min-height: 12px !important;
  }

  .hmin18-ml {
    min-height: 18px !important;
  }

  .hmin24-ml {
    min-height: 24px !important;
  }

  .hmin30-ml {
    min-height: 30px !important;
  }

  .hmin36-ml {
    min-height: 36px !important;
  }

  .hmin60-ml {
    min-height: 60px !important;
  }

  .hmin120-ml {
    min-height: 120px !important;
  }

  .hmin180-ml {
    min-height: 180px !important;
  }

  .hmin240-ml {
    min-height: 240px !important;
  }

  .hmin300-ml {
    min-height: 300px !important;
  }

  .hmin360-ml {
    min-height: 360px !important;
  }

  .hmin600-ml {
    min-height: 600px !important;
  }

  .hmin-full-ml {
    min-height: 100% !important;
  }

}

@media screen and (min-width: 1200px) {

  .grid--gut0-mxl {
    margin-left: -0;
  }

  .grid--gut3-mxl {
    margin-left: -3px;
  }

  .grid--gut6-mxl {
    margin-left: -6px;
  }

  .grid--gut12-mxl {
    margin-left: -12px;
  }

  .grid--gut18-mxl {
    margin-left: -18px;
  }

  .grid--gut24-mxl {
    margin-left: -24px;
  }

  .grid--gut30-mxl {
    margin-left: -30px;
  }

  .grid--gut36-mxl {
    margin-left: -36px;
  }

  .grid--gut60-mxl {
    margin-left: -60px;
  }

  .grid--gut120-mxl {
    margin-left: -120px;
  }

  .grid--gut0-mxl > .col,
  .grid--gut0-mxl > .col-mm,
  .grid--gut0-mxl > .col-ml,
  .grid--gut0-mxl > .col-mxl {
    padding-left: 0;
  }

  .grid--gut3-mxl > .col,
  .grid--gut3-mxl > .col-mm,
  .grid--gut3-mxl > .col-ml,
  .grid--gut3-mxl > .col-mxl {
    padding-left: 3px;
  }

  .grid--gut6-mxl > .col,
  .grid--gut6-mxl > .col-mm,
  .grid--gut6-mxl > .col-ml,
  .grid--gut6-mxl > .col-mxl {
    padding-left: 6px;
  }

  .grid--gut12-mxl > .col,
  .grid--gut12-mxl > .col-mm,
  .grid--gut12-mxl > .col-ml,
  .grid--gut12-mxl > .col-mxl {
    padding-left: 12px;
  }

  .grid--gut18-mxl > .col,
  .grid--gut18-mxl > .col-mm,
  .grid--gut18-mxl > .col-ml,
  .grid--gut18-mxl > .col-mxl {
    padding-left: 18px;
  }

  .grid--gut24-mxl > .col,
  .grid--gut24-mxl > .col-mm,
  .grid--gut24-mxl > .col-ml,
  .grid--gut24-mxl > .col-mxl {
    padding-left: 24px;
  }

  .grid--gut30-mxl > .col,
  .grid--gut30-mxl > .col-mm,
  .grid--gut30-mxl > .col-ml,
  .grid--gut30-mxl > .col-mxl {
    padding-left: 30px;
  }

  .grid--gut36-mxl > .col,
  .grid--gut36-mxl > .col-mm,
  .grid--gut36-mxl > .col-ml,
  .grid--gut36-mxl > .col-mxl {
    padding-left: 36px;
  }

  .grid--gut60-mxl > .col,
  .grid--gut60-mxl > .col-mm,
  .grid--gut60-mxl > .col-ml,
  .grid--gut60-mxl > .col-mxl {
    padding-left: 60px;
  }

  .grid--gut120-mxl > .col,
  .grid--gut120-mxl > .col-mm,
  .grid--gut120-mxl > .col-ml,
  .grid--gut120-mxl > .col-mxl {
    padding-left: 120px;
  }

  .my-neg1-mxl {
    margin-top: -1px !important;
    margin-bottom: -1px !important;
  }

  .my-neg2-mxl {
    margin-top: -2px !important;
    margin-bottom: -2px !important;
  }

  .my-neg3-mxl {
    margin-top: -3px !important;
    margin-bottom: -3px !important;
  }

  .my-neg6-mxl {
    margin-top: -6px !important;
    margin-bottom: -6px !important;
  }

  .my-neg12-mxl {
    margin-top: -12px !important;
    margin-bottom: -12px !important;
  }

  .my-neg18-mxl {
    margin-top: -18px !important;
    margin-bottom: -18px !important;
  }

  .my-neg24-mxl {
    margin-top: -24px !important;
    margin-bottom: -24px !important;
  }

  .my-neg30-mxl {
    margin-top: -30px !important;
    margin-bottom: -30px !important;
  }

  .my-neg36-mxl {
    margin-top: -36px !important;
    margin-bottom: -36px !important;
  }

  .my-neg60-mxl {
    margin-top: -60px !important;
    margin-bottom: -60px !important;
  }

  .my-neg120-mxl {
    margin-top: -120px !important;
    margin-bottom: -120px !important;
  }

  .my-neg180-mxl {
    margin-top: -180px !important;
    margin-bottom: -180px !important;
  }

  .my-neg240-mxl {
    margin-top: -240px !important;
    margin-bottom: -240px !important;
  }

  .my-neg300-mxl {
    margin-top: -300px !important;
    margin-bottom: -300px !important;
  }

  .my-neg360-mxl {
    margin-top: -360px !important;
    margin-bottom: -360px !important;
  }

  .my0-mxl {
    margin-top: 0 !important;
    margin-bottom: 0 !important;
  }

  .my3-mxl {
    margin-top: 3px !important;
    margin-bottom: 3px !important;
  }

  .my6-mxl {
    margin-top: 6px !important;
    margin-bottom: 6px !important;
  }

  .my12-mxl {
    margin-top: 12px !important;
    margin-bottom: 12px !important;
  }

  .my18-mxl {
    margin-top: 18px !important;
    margin-bottom: 18px !important;
  }

  .my24-mxl {
    margin-top: 24px !important;
    margin-bottom: 24px !important;
  }

  .my30-mxl {
    margin-top: 30px !important;
    margin-bottom: 30px !important;
  }

  .my36-mxl {
    margin-top: 36px !important;
    margin-bottom: 36px !important;
  }

  .my60-mxl {
    margin-top: 60px !important;
    margin-bottom: 60px !important;
  }

  .my120-mxl {
    margin-top: 120px !important;
    margin-bottom: 120px !important;
  }

  .my180-mxl {
    margin-top: 180px !important;
    margin-bottom: 180px !important;
  }

  .my240-mxl {
    margin-top: 240px !important;
    margin-bottom: 240px !important;
  }

  .my300-mxl {
    margin-top: 300px !important;
    margin-bottom: 300px !important;
  }

  .my360-mxl {
    margin-top: 360px !important;
    margin-bottom: 360px !important;
  }

  .mx-neg1-mxl {
    margin-left: -1px !important;
    margin-right: -1px !important;
  }

  .mx-neg2-mxl {
    margin-left: -2px !important;
    margin-right: -2px !important;
  }

  .mx-neg3-mxl {
    margin-left: -3px !important;
    margin-right: -3px !important;
  }

  .mx-neg6-mxl {
    margin-left: -6px !important;
    margin-right: -6px !important;
  }

  .mx-neg12-mxl {
    margin-left: -12px !important;
    margin-right: -12px !important;
  }

  .mx-neg18-mxl {
    margin-left: -18px !important;
    margin-right: -18px !important;
  }

  .mx-neg24-mxl {
    margin-left: -24px !important;
    margin-right: -24px !important;
  }

  .mx-neg30-mxl {
    margin-left: -30px !important;
    margin-right: -30px !important;
  }

  .mx-neg36-mxl {
    margin-left: -36px !important;
    margin-right: -36px !important;
  }

  .mx-neg60-mxl {
    margin-left: -60px !important;
    margin-right: -60px !important;
  }

  .mx-neg120-mxl {
    margin-left: -120px !important;
    margin-right: -120px !important;
  }

  .mx-neg180-mxl {
    margin-left: -180px !important;
    margin-right: -180px !important;
  }

  .mx-neg240-mxl {
    margin-left: -240px !important;
    margin-right: -240px !important;
  }

  .mx-neg300-mxl {
    margin-left: -300px !important;
    margin-right: -300px !important;
  }

  .mx-neg360-mxl {
    margin-left: -360px !important;
    margin-right: -360px !important;
  }

  .mx0-mxl {
    margin-left: 0 !important;
    margin-right: 0 !important;
  }

  .mx3-mxl {
    margin-left: 3px !important;
    margin-right: 3px !important;
  }

  .mx6-mxl {
    margin-left: 6px !important;
    margin-right: 6px !important;
  }

  .mx12-mxl {
    margin-left: 12px !important;
    margin-right: 12px !important;
  }

  .mx18-mxl {
    margin-left: 18px !important;
    margin-right: 18px !important;
  }

  .mx24-mxl {
    margin-left: 24px !important;
    margin-right: 24px !important;
  }

  .mx30-mxl {
    margin-left: 30px !important;
    margin-right: 30px !important;
  }

  .mx36-mxl {
    margin-left: 36px !important;
    margin-right: 36px !important;
  }

  .mx60-mxl {
    margin-left: 60px !important;
    margin-right: 60px !important;
  }

  .mx120-mxl {
    margin-left: 120px !important;
    margin-right: 120px !important;
  }

  .mx180-mxl {
    margin-left: 180px !important;
    margin-right: 180px !important;
  }

  .mx240-mxl {
    margin-left: 240px !important;
    margin-right: 240px !important;
  }

  .mx300-mxl {
    margin-left: 300px !important;
    margin-right: 300px !important;
  }

  .mx360-mxl {
    margin-left: 360px !important;
    margin-right: 360px !important;
  }

  .mt-neg1-mxl {
    margin-top: -1px !important;
  }

  .mt-neg2-mxl {
    margin-top: -2px !important;
  }

  .mt-neg3-mxl {
    margin-top: -3px !important;
  }

  .mt-neg6-mxl {
    margin-top: -6px !important;
  }

  .mt-neg12-mxl {
    margin-top: -12px !important;
  }

  .mt-neg18-mxl {
    margin-top: -18px !important;
  }

  .mt-neg24-mxl {
    margin-top: -24px !important;
  }

  .mt-neg30-mxl {
    margin-top: -30px !important;
  }

  .mt-neg36-mxl {
    margin-top: -36px !important;
  }

  .mt-neg60-mxl {
    margin-top: -60px !important;
  }

  .mt-neg120-mxl {
    margin-top: -120px !important;
  }

  .mt-neg180-mxl {
    margin-top: -180px !important;
  }

  .mt-neg240-mxl {
    margin-top: -240px !important;
  }

  .mt-neg300-mxl {
    margin-top: -300px !important;
  }

  .mt-neg360-mxl {
    margin-top: -360px !important;
  }

  .mt0-mxl {
    margin-top: 0 !important;
  }

  .mt3-mxl {
    margin-top: 3px !important;
  }

  .mt6-mxl {
    margin-top: 6px !important;
  }

  .mt12-mxl {
    margin-top: 12px !important;
  }

  .mt18-mxl {
    margin-top: 18px !important;
  }

  .mt24-mxl {
    margin-top: 24px !important;
  }

  .mt30-mxl {
    margin-top: 30px !important;
  }

  .mt36-mxl {
    margin-top: 36px !important;
  }

  .mt60-mxl {
    margin-top: 60px !important;
  }

  .mt120-mxl {
    margin-top: 120px !important;
  }

  .mt180-mxl {
    margin-top: 180px !important;
  }

  .mt240-mxl {
    margin-top: 240px !important;
  }

  .mt300-mxl {
    margin-top: 300px !important;
  }

  .mt360-mxl {
    margin-top: 360px !important;
  }

  .mr-neg1-mxl {
    margin-right: -1px !important;
  }

  .mr-neg2-mxl {
    margin-right: -2px !important;
  }

  .mr-neg3-mxl {
    margin-right: -3px !important;
  }

  .mr-neg6-mxl {
    margin-right: -6px !important;
  }

  .mr-neg12-mxl {
    margin-right: -12px !important;
  }

  .mr-neg18-mxl {
    margin-right: -18px !important;
  }

  .mr-neg24-mxl {
    margin-right: -24px !important;
  }

  .mr-neg30-mxl {
    margin-right: -30px !important;
  }

  .mr-neg36-mxl {
    margin-right: -36px !important;
  }

  .mr-neg60-mxl {
    margin-right: -60px !important;
  }

  .mr-neg120-mxl {
    margin-right: -120px !important;
  }

  .mr-neg180-mxl {
    margin-right: -180px !important;
  }

  .mr-neg240-mxl {
    margin-right: -240px !important;
  }

  .mr-neg300-mxl {
    margin-right: -300px !important;
  }

  .mr-neg360-mxl {
    margin-right: -360px !important;
  }

  .mr0-mxl {
    margin-right: 0 !important;
  }

  .mr3-mxl {
    margin-right: 3px !important;
  }

  .mr6-mxl {
    margin-right: 6px !important;
  }

  .mr12-mxl {
    margin-right: 12px !important;
  }

  .mr18-mxl {
    margin-right: 18px !important;
  }

  .mr24-mxl {
    margin-right: 24px !important;
  }

  .mr30-mxl {
    margin-right: 30px !important;
  }

  .mr36-mxl {
    margin-right: 36px !important;
  }

  .mr60-mxl {
    margin-right: 60px !important;
  }

  .mr120-mxl {
    margin-right: 120px !important;
  }

  .mr180-mxl {
    margin-right: 180px !important;
  }

  .mr240-mxl {
    margin-right: 240px !important;
  }

  .mr300-mxl {
    margin-right: 300px !important;
  }

  .mr360-mxl {
    margin-right: 360px !important;
  }

  .mb-neg1-mxl {
    margin-bottom: -1px !important;
  }

  .mb-neg2-mxl {
    margin-bottom: -2px !important;
  }

  .mb-neg3-mxl {
    margin-bottom: -3px !important;
  }

  .mb-neg6-mxl {
    margin-bottom: -6px !important;
  }

  .mb-neg12-mxl {
    margin-bottom: -12px !important;
  }

  .mb-neg18-mxl {
    margin-bottom: -18px !important;
  }

  .mb-neg24-mxl {
    margin-bottom: -24px !important;
  }

  .mb-neg30-mxl {
    margin-bottom: -30px !important;
  }

  .mb-neg36-mxl {
    margin-bottom: -36px !important;
  }

  .mb-neg60-mxl {
    margin-bottom: -60px !important;
  }

  .mb-neg120-mxl {
    margin-bottom: -120px !important;
  }

  .mb-neg180-mxl {
    margin-bottom: -180px !important;
  }

  .mb-neg240-mxl {
    margin-bottom: -240px !important;
  }

  .mb-neg300-mxl {
    margin-bottom: -300px !important;
  }

  .mb-neg360-mxl {
    margin-bottom: -360px !important;
  }

  .mb0-mxl {
    margin-bottom: 0 !important;
  }

  .mb3-mxl {
    margin-bottom: 3px !important;
  }

  .mb6-mxl {
    margin-bottom: 6px !important;
  }

  .mb12-mxl {
    margin-bottom: 12px !important;
  }

  .mb18-mxl {
    margin-bottom: 18px !important;
  }

  .mb24-mxl {
    margin-bottom: 24px !important;
  }

  .mb30-mxl {
    margin-bottom: 30px !important;
  }

  .mb36-mxl {
    margin-bottom: 36px !important;
  }

  .mb60-mxl {
    margin-bottom: 60px !important;
  }

  .mb120-mxl {
    margin-bottom: 120px !important;
  }

  .mb180-mxl {
    margin-bottom: 180px !important;
  }

  .mb240-mxl {
    margin-bottom: 240px !important;
  }

  .mb300-mxl {
    margin-bottom: 300px !important;
  }

  .mb360-mxl {
    margin-bottom: 360px !important;
  }

  .ml-neg1-mxl {
    margin-left: -1px !important;
  }

  .ml-neg2-mxl {
    margin-left: -2px !important;
  }

  .ml-neg3-mxl {
    margin-left: -3px !important;
  }

  .ml-neg6-mxl {
    margin-left: -6px !important;
  }

  .ml-neg12-mxl {
    margin-left: -12px !important;
  }

  .ml-neg18-mxl {
    margin-left: -18px !important;
  }

  .ml-neg24-mxl {
    margin-left: -24px !important;
  }

  .ml-neg30-mxl {
    margin-left: -30px !important;
  }

  .ml-neg36-mxl {
    margin-left: -36px !important;
  }

  .ml-neg60-mxl {
    margin-left: -60px !important;
  }

  .ml-neg120-mxl {
    margin-left: -120px !important;
  }

  .ml-neg180-mxl {
    margin-left: -180px !important;
  }

  .ml-neg240-mxl {
    margin-left: -240px !important;
  }

  .ml-neg300-mxl {
    margin-left: -300px !important;
  }

  .ml-neg360-mxl {
    margin-left: -360px !important;
  }

  .ml0-mxl {
    margin-left: 0 !important;
  }

  .ml3-mxl {
    margin-left: 3px !important;
  }

  .ml6-mxl {
    margin-left: 6px !important;
  }

  .ml12-mxl {
    margin-left: 12px !important;
  }

  .ml18-mxl {
    margin-left: 18px !important;
  }

  .ml24-mxl {
    margin-left: 24px !important;
  }

  .ml30-mxl {
    margin-left: 30px !important;
  }

  .ml36-mxl {
    margin-left: 36px !important;
  }

  .ml60-mxl {
    margin-left: 60px !important;
  }

  .ml120-mxl {
    margin-left: 120px !important;
  }

  .ml180-mxl {
    margin-left: 180px !important;
  }

  .ml240-mxl {
    margin-left: 240px !important;
  }

  .ml300-mxl {
    margin-left: 300px !important;
  }

  .ml360-mxl {
    margin-left: 360px !important;
  }

  .py0-mxl {
    padding-top: 0 !important;
    padding-bottom: 0 !important;
  }

  .py3-mxl {
    padding-top: 3px !important;
    padding-bottom: 3px !important;
  }

  .py6-mxl {
    padding-top: 6px !important;
    padding-bottom: 6px !important;
  }

  .py12-mxl {
    padding-top: 12px !important;
    padding-bottom: 12px !important;
  }

  .py18-mxl {
    padding-top: 18px !important;
    padding-bottom: 18px !important;
  }

  .py24-mxl {
    padding-top: 24px !important;
    padding-bottom: 24px !important;
  }

  .py30-mxl {
    padding-top: 30px !important;
    padding-bottom: 30px !important;
  }

  .py36-mxl {
    padding-top: 36px !important;
    padding-bottom: 36px !important;
  }

  .py60-mxl {
    padding-top: 60px !important;
    padding-bottom: 60px !important;
  }

  .py120-mxl {
    padding-top: 120px !important;
    padding-bottom: 120px !important;
  }

  .py180-mxl {
    padding-top: 180px !important;
    padding-bottom: 180px !important;
  }

  .py240-mxl {
    padding-top: 240px !important;
    padding-bottom: 240px !important;
  }

  .py300-mxl {
    padding-top: 300px !important;
    padding-bottom: 300px !important;
  }

  .py360-mxl {
    padding-top: 360px !important;
    padding-bottom: 360px !important;
  }

  .px0-mxl {
    padding-left: 0 !important;
    padding-right: 0 !important;
  }

  .px3-mxl {
    padding-left: 3px !important;
    padding-right: 3px !important;
  }

  .px6-mxl {
    padding-left: 6px !important;
    padding-right: 6px !important;
  }

  .px12-mxl {
    padding-left: 12px !important;
    padding-right: 12px !important;
  }

  .px18-mxl {
    padding-left: 18px !important;
    padding-right: 18px !important;
  }

  .px24-mxl {
    padding-left: 24px !important;
    padding-right: 24px !important;
  }

  .px30-mxl {
    padding-left: 30px !important;
    padding-right: 30px !important;
  }

  .px36-mxl {
    padding-left: 36px !important;
    padding-right: 36px !important;
  }

  .px60-mxl {
    padding-left: 60px !important;
    padding-right: 60px !important;
  }

  .px120-mxl {
    padding-left: 120px !important;
    padding-right: 120px !important;
  }

  .px180-mxl {
    padding-left: 180px !important;
    padding-right: 180px !important;
  }

  .px240-mxl {
    padding-left: 240px !important;
    padding-right: 240px !important;
  }

  .px300-mxl {
    padding-left: 300px !important;
    padding-right: 300px !important;
  }

  .px360-mxl {
    padding-left: 360px !important;
    padding-right: 360px !important;
  }

  .pt0-mxl {
    padding-top: 0 !important;
  }

  .pt3-mxl {
    padding-top: 3px !important;
  }

  .pt6-mxl {
    padding-top: 6px !important;
  }

  .pt12-mxl {
    padding-top: 12px !important;
  }

  .pt18-mxl {
    padding-top: 18px !important;
  }

  .pt24-mxl {
    padding-top: 24px !important;
  }

  .pt30-mxl {
    padding-top: 30px !important;
  }

  .pt36-mxl {
    padding-top: 36px !important;
  }

  .pt60-mxl {
    padding-top: 60px !important;
  }

  .pt120-mxl {
    padding-top: 120px !important;
  }

  .pt180-mxl {
    padding-top: 180px !important;
  }

  .pt240-mxl {
    padding-top: 240px !important;
  }

  .pt300-mxl {
    padding-top: 300px !important;
  }

  .pt360-mxl {
    padding-top: 360px !important;
  }

  .pr0-mxl {
    padding-right: 0 !important;
  }

  .pr3-mxl {
    padding-right: 3px !important;
  }

  .pr6-mxl {
    padding-right: 6px !important;
  }

  .pr12-mxl {
    padding-right: 12px !important;
  }

  .pr18-mxl {
    padding-right: 18px !important;
  }

  .pr24-mxl {
    padding-right: 24px !important;
  }

  .pr30-mxl {
    padding-right: 30px !important;
  }

  .pr36-mxl {
    padding-right: 36px !important;
  }

  .pr60-mxl {
    padding-right: 60px !important;
  }

  .pr120-mxl {
    padding-right: 120px !important;
  }

  .pr180-mxl {
    padding-right: 180px !important;
  }

  .pr240-mxl {
    padding-right: 240px !important;
  }

  .pr300-mxl {
    padding-right: 300px !important;
  }

  .pr360-mxl {
    padding-right: 360px !important;
  }

  .pb0-mxl {
    padding-bottom: 0 !important;
  }

  .pb3-mxl {
    padding-bottom: 3px !important;
  }

  .pb6-mxl {
    padding-bottom: 6px !important;
  }

  .pb12-mxl {
    padding-bottom: 12px !important;
  }

  .pb18-mxl {
    padding-bottom: 18px !important;
  }

  .pb24-mxl {
    padding-bottom: 24px !important;
  }

  .pb30-mxl {
    padding-bottom: 30px !important;
  }

  .pb36-mxl {
    padding-bottom: 36px !important;
  }

  .pb60-mxl {
    padding-bottom: 60px !important;
  }

  .pb120-mxl {
    padding-bottom: 120px !important;
  }

  .pb180-mxl {
    padding-bottom: 180px !important;
  }

  .pb240-mxl {
    padding-bottom: 240px !important;
  }

  .pb300-mxl {
    padding-bottom: 300px !important;
  }

  .pb360-mxl {
    padding-bottom: 360px !important;
  }

  .pl0-mxl {
    padding-left: 0 !important;
  }

  .pl3-mxl {
    padding-left: 3px !important;
  }

  .pl6-mxl {
    padding-left: 6px !important;
  }

  .pl12-mxl {
    padding-left: 12px !important;
  }

  .pl18-mxl {
    padding-left: 18px !important;
  }

  .pl24-mxl {
    padding-left: 24px !important;
  }

  .pl30-mxl {
    padding-left: 30px !important;
  }

  .pl36-mxl {
    padding-left: 36px !important;
  }

  .pl60-mxl {
    padding-left: 60px !important;
  }

  .pl120-mxl {
    padding-left: 120px !important;
  }

  .pl180-mxl {
    padding-left: 180px !important;
  }

  .pl240-mxl {
    padding-left: 240px !important;
  }

  .pl300-mxl {
    padding-left: 300px !important;
  }

  .pl360-mxl {
    padding-left: 360px !important;
  }

  .w0-mxl {
    width: 0 !important;
  }

  .w3-mxl {
    width: 3px !important;
  }

  .w6-mxl {
    width: 6px !important;
  }

  .w12-mxl {
    width: 12px !important;
  }

  .w18-mxl {
    width: 18px !important;
  }

  .w24-mxl {
    width: 24px !important;
  }

  .w30-mxl {
    width: 30px !important;
  }

  .w36-mxl {
    width: 36px !important;
  }

  .w60-mxl {
    width: 60px !important;
  }

  .w120-mxl {
    width: 120px !important;
  }

  .w180-mxl {
    width: 180px !important;
  }

  .w240-mxl {
    width: 240px !important;
  }

  .w300-mxl {
    width: 300px !important;
  }

  .w360-mxl {
    width: 360px !important;
  }

  .w600-mxl {
    width: 600px !important;
  }

  .w-full-mxl {
    width: 100% !important;
  }

  .w-auto-mxl {
    width: auto !important;
  }

  .wmax0-mxl {
    max-width: 0 !important;
  }

  .wmax3-mxl {
    max-width: 3px !important;
  }

  .wmax6-mxl {
    max-width: 6px !important;
  }

  .wmax12-mxl {
    max-width: 12px !important;
  }

  .wmax18-mxl {
    max-width: 18px !important;
  }

  .wmax24-mxl {
    max-width: 24px !important;
  }

  .wmax30-mxl {
    max-width: 30px !important;
  }

  .wmax36-mxl {
    max-width: 36px !important;
  }

  .wmax60-mxl {
    max-width: 60px !important;
  }

  .wmax120-mxl {
    max-width: 120px !important;
  }

  .wmax180-mxl {
    max-width: 180px !important;
  }

  .wmax240-mxl {
    max-width: 240px !important;
  }

  .wmax300-mxl {
    max-width: 300px !important;
  }

  .wmax360-mxl {
    max-width: 360px !important;
  }

  .wmax600-mxl {
    max-width: 600px !important;
  }

  .wmax1200-mxl {
    max-width: 1200px !important;
  }

  .wmax1800-mxl {
    max-width: 1800px !important;
  }

  .wmax-full-mxl {
    max-width: 100% !important;
  }

  .wmax-none-mxl {
    max-width: none !important;
  }

  .wmin0-mxl {
    min-width: 0 !important;
  }

  .wmin3-mxl {
    min-width: 3px !important;
  }

  .wmin6-mxl {
    min-width: 6px !important;
  }

  .wmin12-mxl {
    min-width: 12px !important;
  }

  .wmin18-mxl {
    min-width: 18px !important;
  }

  .wmin24-mxl {
    min-width: 24px !important;
  }

  .wmin30-mxl {
    min-width: 30px !important;
  }

  .wmin36-mxl {
    min-width: 36px !important;
  }

  .wmin60-mxl {
    min-width: 60px !important;
  }

  .wmin120-mxl {
    min-width: 120px !important;
  }

  .wmin180-mxl {
    min-width: 180px !important;
  }

  .wmin240-mxl {
    min-width: 240px !important;
  }

  .wmin300-mxl {
    min-width: 300px !important;
  }

  .wmin360-mxl {
    min-width: 360px !important;
  }

  .wmin600-mxl {
    min-width: 600px !important;
  }

  .wmin-full-mxl {
    min-width: 100% !important;
  }

  .h0-mxl {
    height: 0 !important;
  }

  .h3-mxl {
    height: 3px !important;
  }

  .h6-mxl {
    height: 6px !important;
  }

  .h12-mxl {
    height: 12px !important;
  }

  .h18-mxl {
    height: 18px !important;
  }

  .h24-mxl {
    height: 24px !important;
  }

  .h30-mxl {
    height: 30px !important;
  }

  .h36-mxl {
    height: 36px !important;
  }

  .h60-mxl {
    height: 60px !important;
  }

  .h120-mxl {
    height: 120px !important;
  }

  .h180-mxl {
    height: 180px !important;
  }

  .h240-mxl {
    height: 240px !important;
  }

  .h300-mxl {
    height: 300px !important;
  }

  .h360-mxl {
    height: 360px !important;
  }

  .h600-mxl {
    height: 600px !important;
  }

  .h-full-mxl {
    height: 100% !important;
  }

  .h-auto-mxl {
    height: auto !important;
  }

  .hmax0-mxl {
    max-height: 0 !important;
  }

  .hmax3-mxl {
    max-height: 3px !important;
  }

  .hmax6-mxl {
    max-height: 6px !important;
  }

  .hmax12-mxl {
    max-height: 12px !important;
  }

  .hmax18-mxl {
    max-height: 18px !important;
  }

  .hmax24-mxl {
    max-height: 24px !important;
  }

  .hmax30-mxl {
    max-height: 30px !important;
  }

  .hmax36-mxl {
    max-height: 36px !important;
  }

  .hmax60-mxl {
    max-height: 60px !important;
  }

  .hmax120-mxl {
    max-height: 120px !important;
  }

  .hmax180-mxl {
    max-height: 180px !important;
  }

  .hmax240-mxl {
    max-height: 240px !important;
  }

  .hmax300-mxl {
    max-height: 300px !important;
  }

  .hmax360-mxl {
    max-height: 360px !important;
  }

  .hmax600-mxl {
    max-height: 600px !important;
  }

  .hmax-full-mxl {
    max-height: 100% !important;
  }

  .hmax-none-mxl {
    max-height: none !important;
  }

  .hmin0-mxl {
    min-height: 0 !important;
  }

  .hmin3-mxl {
    min-height: 3px !important;
  }

  .hmin6-mxl {
    min-height: 6px !important;
  }

  .hmin12-mxl {
    min-height: 12px !important;
  }

  .hmin18-mxl {
    min-height: 18px !important;
  }

  .hmin24-mxl {
    min-height: 24px !important;
  }

  .hmin30-mxl {
    min-height: 30px !important;
  }

  .hmin36-mxl {
    min-height: 36px !important;
  }

  .hmin60-mxl {
    min-height: 60px !important;
  }

  .hmin120-mxl {
    min-height: 120px !important;
  }

  .hmin180-mxl {
    min-height: 180px !important;
  }

  .hmin240-mxl {
    min-height: 240px !important;
  }

  .hmin300-mxl {
    min-height: 300px !important;
  }

  .hmin360-mxl {
    min-height: 360px !important;
  }

  .hmin600-mxl {
    min-height: 600px !important;
  }

  .hmin-full-mxl {
    min-height: 100% !important;
  }

}
"
`;
